Archive member included to satisfy reference by file (symbol)

c:/qmk_msys/mingw64/bin/../lib/gcc/avr/8.4.0/avr5\libgcc.a(_exit.o)
                              c:/qmk_msys/mingw64/bin/../lib/gcc/avr/8.4.0/../../../../avr/lib/avr5/crtatmega32u4.o (exit)
c:/qmk_msys/mingw64/bin/../lib/gcc/avr/8.4.0/../../../../avr/lib/avr5\libc.a(rand.o)
                              .build/obj_datulab_keys_Lilith_12_default/quantum/rgblight.o (symbol from plugin) (rand)
c:/qmk_msys/mingw64/bin/../lib/gcc/avr/8.4.0/../../../../avr/lib/avr5\libc.a(memcpy_P.o)
                              .build/obj_datulab_keys_Lilith_12_default/lib/lufa/LUFA/Drivers/USB/Class/Device/RNDISClassDevice.o (symbol from plugin) (memcpy_P)
c:/qmk_msys/mingw64/bin/../lib/gcc/avr/8.4.0/../../../../avr/lib/avr5\libc.a(strlen_P.o)
                              .build/obj_datulab_keys_Lilith_12_default/lib/lufa/LUFA/Drivers/USB/Class/Device/CDCClassDevice.o (symbol from plugin) (__strlen_P)
c:/qmk_msys/mingw64/bin/../lib/gcc/avr/8.4.0/../../../../avr/lib/avr5\libatmega32u4.a(eerd_byte.o)
                              .build/obj_datulab_keys_Lilith_12_default/common/eeconfig.o (symbol from plugin) (eeprom_read_byte)
c:/qmk_msys/mingw64/bin/../lib/gcc/avr/8.4.0/../../../../avr/lib/avr5\libatmega32u4.a(eerd_dword.o)
                              .build/obj_datulab_keys_Lilith_12_default/quantum/rgblight.o (symbol from plugin) (eeprom_read_dword)
c:/qmk_msys/mingw64/bin/../lib/gcc/avr/8.4.0/../../../../avr/lib/avr5\libatmega32u4.a(eerd_word.o)
                              .build/obj_datulab_keys_Lilith_12_default/common/eeconfig.o (symbol from plugin) (eeprom_read_word)
c:/qmk_msys/mingw64/bin/../lib/gcc/avr/8.4.0/../../../../avr/lib/avr5\libatmega32u4.a(eeupd_byte.o)
                              .build/obj_datulab_keys_Lilith_12_default/common/eeconfig.o (symbol from plugin) (eeprom_update_byte)
c:/qmk_msys/mingw64/bin/../lib/gcc/avr/8.4.0/../../../../avr/lib/avr5\libatmega32u4.a(eeupd_dword.o)
                              .build/obj_datulab_keys_Lilith_12_default/quantum/rgblight.o (symbol from plugin) (eeprom_update_dword)
c:/qmk_msys/mingw64/bin/../lib/gcc/avr/8.4.0/../../../../avr/lib/avr5\libatmega32u4.a(eeupd_word.o)
                              .build/obj_datulab_keys_Lilith_12_default/common/eeconfig.o (symbol from plugin) (eeprom_update_word)
c:/qmk_msys/mingw64/bin/../lib/gcc/avr/8.4.0/../../../../avr/lib/avr5\libatmega32u4.a(eerd_block.o)
                              c:/qmk_msys/mingw64/bin/../lib/gcc/avr/8.4.0/../../../../avr/lib/avr5\libatmega32u4.a(eerd_dword.o) (eeprom_read_blraw)
c:/qmk_msys/mingw64/bin/../lib/gcc/avr/8.4.0/avr5\libgcc.a(_divmodsi4.o)
                              c:/qmk_msys/mingw64/bin/../lib/gcc/avr/8.4.0/../../../../avr/lib/avr5\libc.a(rand.o) (__divmodsi4)
c:/qmk_msys/mingw64/bin/../lib/gcc/avr/8.4.0/avr5\libgcc.a(_negsi2.o)
                              c:/qmk_msys/mingw64/bin/../lib/gcc/avr/8.4.0/avr5\libgcc.a(_divmodsi4.o) (__negsi2)
c:/qmk_msys/mingw64/bin/../lib/gcc/avr/8.4.0/avr5\libgcc.a(_copy_data.o)
                              c:/qmk_msys/mingw64/bin/../lib/gcc/avr/8.4.0/../../../../avr/lib/avr5\libc.a(rand.o) (__do_copy_data)
c:/qmk_msys/mingw64/bin/../lib/gcc/avr/8.4.0/avr5\libgcc.a(_muluhisi3.o)
                              c:/qmk_msys/mingw64/bin/../lib/gcc/avr/8.4.0/../../../../avr/lib/avr5\libc.a(rand.o) (__muluhisi3)
c:/qmk_msys/mingw64/bin/../lib/gcc/avr/8.4.0/avr5\libgcc.a(_mulshisi3.o)
                              c:/qmk_msys/mingw64/bin/../lib/gcc/avr/8.4.0/../../../../avr/lib/avr5\libc.a(rand.o) (__mulohisi3)
c:/qmk_msys/mingw64/bin/../lib/gcc/avr/8.4.0/avr5\libgcc.a(_udivmodsi4.o)
                              c:/qmk_msys/mingw64/bin/../lib/gcc/avr/8.4.0/avr5\libgcc.a(_divmodsi4.o) (__udivmodsi4)
c:/qmk_msys/mingw64/bin/../lib/gcc/avr/8.4.0/avr5\libgcc.a(_umulhisi3.o)
                              c:/qmk_msys/mingw64/bin/../lib/gcc/avr/8.4.0/avr5\libgcc.a(_muluhisi3.o) (__umulhisi3)
c:/qmk_msys/mingw64/bin/../lib/gcc/avr/8.4.0/avr5\libgcc.a(_mulsi3.o)
                              C:\Users\David\AppData\Local\Temp\ccYqCBOq.ltrans0.ltrans.o (__mulsi3)
c:/qmk_msys/mingw64/bin/../lib/gcc/avr/8.4.0/avr5\libgcc.a(_udivmodqi4.o)
                              C:\Users\David\AppData\Local\Temp\ccYqCBOq.ltrans0.ltrans.o (__udivmodqi4)
c:/qmk_msys/mingw64/bin/../lib/gcc/avr/8.4.0/avr5\libgcc.a(_divmodqi4.o)
                              C:\Users\David\AppData\Local\Temp\ccYqCBOq.ltrans0.ltrans.o (__divmodqi4)
c:/qmk_msys/mingw64/bin/../lib/gcc/avr/8.4.0/avr5\libgcc.a(_udivmodhi4.o)
                              C:\Users\David\AppData\Local\Temp\ccYqCBOq.ltrans0.ltrans.o (__udivmodhi4)
c:/qmk_msys/mingw64/bin/../lib/gcc/avr/8.4.0/avr5\libgcc.a(_divmodhi4.o)
                              C:\Users\David\AppData\Local\Temp\ccYqCBOq.ltrans0.ltrans.o (__divmodhi4)
c:/qmk_msys/mingw64/bin/../lib/gcc/avr/8.4.0/avr5\libgcc.a(_tablejump2.o)
[...]
Memory Configuration

Name             Origin             Length             Attributes
text             0x0000000000000000 0x0000000000020000 xr
data             0x0000000000800060 0x000000000000ffa0 rw !x
eeprom           0x0000000000810000 0x0000000000010000 rw !x
fuse             0x0000000000820000 0x0000000000000400 rw !x
lock             0x0000000000830000 0x0000000000000400 rw !x
signature        0x0000000000840000 0x0000000000000400 rw !x
user_signatures  0x0000000000850000 0x0000000000000400 rw !x
*default*        0x0000000000000000 0xffffffffffffffff

Linker script and memory map

Address of section .data set to 0x800100
LOAD c:/qmk_msys/mingw64/bin/../lib/gcc/avr/8.4.0/../../../../avr/lib/avr5/crtatmega32u4.o
LOAD .build/obj_datulab_keys_Lilith_12_default/keyboards/datulab_keys/Lilith_12/Lilith_12.o
LOAD C:\Users\David\AppData\Local\Temp\ccwKUdR9debugobj
LOAD C:\Users\David\AppData\Local\Temp\ccYqCBOq.ltrans0.ltrans.o
LOAD .build/obj_datulab_keys_Lilith_12_default/keyboards/datulab_keys/Lilith_12/keymaps/default/keymap.o
LOAD .build/obj_datulab_keys_Lilith_12_default/quantum/quantum.o
LOAD .build/obj_datulab_keys_Lilith_12_default/quantum/send_string.o
LOAD .build/obj_datulab_keys_Lilith_12_default/quantum/bitwise.o
LOAD .build/obj_datulab_keys_Lilith_12_default/quantum/led.o
LOAD .build/obj_datulab_keys_Lilith_12_default/quantum/keymap_common.o
LOAD .build/obj_datulab_keys_Lilith_12_default/quantum/keycode_config.o
LOAD .build/obj_datulab_keys_Lilith_12_default/quantum/matrix_common.o
LOAD .build/obj_datulab_keys_Lilith_12_default/quantum/matrix.o
LOAD .build/obj_datulab_keys_Lilith_12_default/quantum/debounce/sym_defer_g.o
LOAD .build/obj_datulab_keys_Lilith_12_default/quantum/process_keycode/process_midi.o
LOAD .build/obj_datulab_keys_Lilith_12_default/quantum/process_keycode/process_music.o
LOAD .build/obj_datulab_keys_Lilith_12_default/quantum/color.o
LOAD .build/obj_datulab_keys_Lilith_12_default/quantum/rgblight.o
LOAD .build/obj_datulab_keys_Lilith_12_default/quantum/process_keycode/process_rgb.o
LOAD .build/obj_datulab_keys_Lilith_12_default/quantum/backlight/backlight.o
LOAD .build/obj_datulab_keys_Lilith_12_default/quantum/process_keycode/process_backlight.o
LOAD .build/obj_datulab_keys_Lilith_12_default/quantum/backlight/backlight_driver_common.o
LOAD .build/obj_datulab_keys_Lilith_12_default/quantum/backlight/backlight_avr.o
LOAD .build/obj_datulab_keys_Lilith_12_default/ws2812.o
LOAD .build/obj_datulab_keys_Lilith_12_default/quantum/led_tables.o
LOAD .build/obj_datulab_keys_Lilith_12_default/quantum/process_keycode/process_space_cadet.o
LOAD .build/obj_datulab_keys_Lilith_12_default/quantum/process_keycode/process_magic.o
LOAD .build/obj_datulab_keys_Lilith_12_default/quantum/process_keycode/process_grave_esc.o
LOAD .build/obj_datulab_keys_Lilith_12_default/common/host.o
LOAD .build/obj_datulab_keys_Lilith_12_default/common/keyboard.o
LOAD .build/obj_datulab_keys_Lilith_12_default/common/action.o
LOAD .build/obj_datulab_keys_Lilith_12_default/common/action_tapping.o
LOAD .build/obj_datulab_keys_Lilith_12_default/common/action_macro.o
LOAD .build/obj_datulab_keys_Lilith_12_default/common/action_layer.o
LOAD .build/obj_datulab_keys_Lilith_12_default/common/action_util.o
LOAD .build/obj_datulab_keys_Lilith_12_default/common/debug.o
LOAD .build/obj_datulab_keys_Lilith_12_default/common/sendchar_null.o
LOAD .build/obj_datulab_keys_Lilith_12_default/common/eeconfig.o
LOAD .build/obj_datulab_keys_Lilith_12_default/common/report.o
LOAD .build/obj_datulab_keys_Lilith_12_default/common/avr/suspend.o
LOAD .build/obj_datulab_keys_Lilith_12_default/common/avr/timer.o
LOAD .build/obj_datulab_keys_Lilith_12_default/common/sync_timer.o
LOAD .build/obj_datulab_keys_Lilith_12_default/common/avr/bootloader.o
LOAD .build/obj_datulab_keys_Lilith_12_default/common/avr/xprintf.o
LOAD .build/obj_datulab_keys_Lilith_12_default/common/avr/printf.o
LOAD .build/obj_datulab_keys_Lilith_12_default/common/bootmagic_lite.o
LOAD .build/obj_datulab_keys_Lilith_12_default/common/magic.o
LOAD .build/obj_datulab_keys_Lilith_12_default/midi.o
LOAD .build/obj_datulab_keys_Lilith_12_default/midi_device.o
LOAD .build/obj_datulab_keys_Lilith_12_default/bytequeue/bytequeue.o
LOAD .build/obj_datulab_keys_Lilith_12_default/bytequeue/interrupt_setting.o
LOAD .build/obj_datulab_keys_Lilith_12_default/sysex_tools.o
LOAD .build/obj_datulab_keys_Lilith_12_default/qmk_midi.o
LOAD .build/obj_datulab_keys_Lilith_12_default/lib/lufa/LUFA/Drivers/USB/Class/Device/AudioClassDevice.o
LOAD .build/obj_datulab_keys_Lilith_12_default/lib/lufa/LUFA/Drivers/USB/Class/Device/CCIDClassDevice.o
LOAD .build/obj_datulab_keys_Lilith_12_default/lib/lufa/LUFA/Drivers/USB/Class/Device/CDCClassDevice.o
LOAD .build/obj_datulab_keys_Lilith_12_default/lib/lufa/LUFA/Drivers/USB/Class/Device/HIDClassDevice.o
LOAD .build/obj_datulab_keys_Lilith_12_default/lib/lufa/LUFA/Drivers/USB/Class/Device/MassStorageClassDevice.o
LOAD .build/obj_datulab_keys_Lilith_12_default/lib/lufa/LUFA/Drivers/USB/Class/Device/MIDIClassDevice.o
LOAD .build/obj_datulab_keys_Lilith_12_default/lib/lufa/LUFA/Drivers/USB/Class/Device/PrinterClassDevice.o
LOAD .build/obj_datulab_keys_Lilith_12_default/lib/lufa/LUFA/Drivers/USB/Class/Device/RNDISClassDevice.o
LOAD .build/obj_datulab_keys_Lilith_12_default/lib/lufa/LUFA/Drivers/USB/Class/Host/AndroidAccessoryClassHost.o
LOAD .build/obj_datulab_keys_Lilith_12_default/lib/lufa/LUFA/Drivers/USB/Class/Host/AudioClassHost.o
LOAD .build/obj_datulab_keys_Lilith_12_default/lib/lufa/LUFA/Drivers/USB/Class/Host/CDCClassHost.o
LOAD .build/obj_datulab_keys_Lilith_12_default/lib/lufa/LUFA/Drivers/USB/Class/Host/HIDClassHost.o
LOAD .build/obj_datulab_keys_Lilith_12_default/lib/lufa/LUFA/Drivers/USB/Class/Host/MassStorageClassHost.o
LOAD .build/obj_datulab_keys_Lilith_12_default/lib/lufa/LUFA/Drivers/USB/Class/Host/MIDIClassHost.o
LOAD .build/obj_datulab_keys_Lilith_12_default/lib/lufa/LUFA/Drivers/USB/Class/Host/PrinterClassHost.o
LOAD .build/obj_datulab_keys_Lilith_12_default/lib/lufa/LUFA/Drivers/USB/Class/Host/RNDISClassHost.o
LOAD .build/obj_datulab_keys_Lilith_12_default/lib/lufa/LUFA/Drivers/USB/Class/Host/StillImageClassHost.o
LOAD .build/obj_datulab_keys_Lilith_12_default/lufa.o
LOAD .build/obj_datulab_keys_Lilith_12_default/usb_descriptor.o
LOAD .build/obj_datulab_keys_Lilith_12_default/lib/lufa/LUFA/Drivers/USB/Class/Common/HIDParser.o
LOAD .build/obj_datulab_keys_Lilith_12_default/lib/lufa/LUFA/Drivers/USB/Core/AVR8/Device_AVR8.o
LOAD .build/obj_datulab_keys_Lilith_12_default/lib/lufa/LUFA/Drivers/USB/Core/AVR8/EndpointStream_AVR8.o
LOAD .build/obj_datulab_keys_Lilith_12_default/lib/lufa/LUFA/Drivers/USB/Core/AVR8/Endpoint_AVR8.o
LOAD .build/obj_datulab_keys_Lilith_12_default/lib/lufa/LUFA/Drivers/USB/Core/AVR8/Host_AVR8.o
LOAD .build/obj_datulab_keys_Lilith_12_default/lib/lufa/LUFA/Drivers/USB/Core/AVR8/PipeStream_AVR8.o
LOAD .build/obj_datulab_keys_Lilith_12_default/lib/lufa/LUFA/Drivers/USB/Core/AVR8/Pipe_AVR8.o
LOAD .build/obj_datulab_keys_Lilith_12_default/lib/lufa/LUFA/Drivers/USB/Core/AVR8/USBController_AVR8.o
LOAD .build/obj_datulab_keys_Lilith_12_default/lib/lufa/LUFA/Drivers/USB/Core/AVR8/USBInterrupt_AVR8.o
LOAD .build/obj_datulab_keys_Lilith_12_default/lib/lufa/LUFA/Drivers/USB/Core/ConfigDescriptors.o
LOAD .build/obj_datulab_keys_Lilith_12_default/lib/lufa/LUFA/Drivers/USB/Core/DeviceStandardReq.o
LOAD .build/obj_datulab_keys_Lilith_12_default/lib/lufa/LUFA/Drivers/USB/Core/Events.o
LOAD .build/obj_datulab_keys_Lilith_12_default/lib/lufa/LUFA/Drivers/USB/Core/HostStandardReq.o
LOAD .build/obj_datulab_keys_Lilith_12_default/lib/lufa/LUFA/Drivers/USB/Core/USBTask.o
LOAD c:/qmk_msys/mingw64/bin/../lib/gcc/avr/8.4.0/../../../../avr/lib/avr5\libm.a
START GROUP
LOAD c:/qmk_msys/mingw64/bin/../lib/gcc/avr/8.4.0/avr5\libgcc.a
LOAD c:/qmk_msys/mingw64/bin/../lib/gcc/avr/8.4.0/../../../../avr/lib/avr5\libm.a
LOAD c:/qmk_msys/mingw64/bin/../lib/gcc/avr/8.4.0/../../../../avr/lib/avr5\libc.a
LOAD c:/qmk_msys/mingw64/bin/../lib/gcc/avr/8.4.0/../../../../avr/lib/avr5\libatmega32u4.a
END GROUP
                0x0000000000020000                __TEXT_REGION_LENGTH__ = DEFINED (__TEXT_REGION_LENGTH__)?__TEXT_REGION_LENGTH__:0x20000
                0x000000000000ffa0                __DATA_REGION_LENGTH__ = DEFINED (__DATA_REGION_LENGTH__)?__DATA_REGION_LENGTH__:0xffa0
                0x0000000000010000                __EEPROM_REGION_LENGTH__ = DEFINED (__EEPROM_REGION_LENGTH__)?__EEPROM_REGION_LENGTH__:0x10000
                0x0000000000000400                __FUSE_REGION_LENGTH__ = DEFINED (__FUSE_REGION_LENGTH__)?__FUSE_REGION_LENGTH__:0x400
                0x0000000000000400                __LOCK_REGION_LENGTH__ = DEFINED (__LOCK_REGION_LENGTH__)?__LOCK_REGION_LENGTH__:0x400
                0x0000000000000400                __SIGNATURE_REGION_LENGTH__ = DEFINED (__SIGNATURE_REGION_LENGTH__)?__SIGNATURE_REGION_LENGTH__:0x400
                0x0000000000000400                __USER_SIGNATURE_REGION_LENGTH__ = DEFINED (__USER_SIGNATURE_REGION_LENGTH__)?__USER_SIGNATURE_REGION_LENGTH__:0x400

.hash
 *(.hash)

.dynsym
 *(.dynsym)

.dynstr
 *(.dynstr)

.gnu.version
 *(.gnu.version)

.gnu.version_d
 *(.gnu.version_d)

.gnu.version_r
 *(.gnu.version_r)

.rel.init
 *(.rel.init)

.rela.init
 *(.rela.init)

.rel.text
 *(.rel.text)
 *(.rel.text.*)
 *(.rel.gnu.linkonce.t*)

.rela.text
 *(.rela.text)
 *(.rela.text.*)
 *(.rela.gnu.linkonce.t*)

.rel.fini
 *(.rel.fini)

.rela.fini
 *(.rela.fini)

.rel.rodata
 *(.rel.rodata)
 *(.rel.rodata.*)
 *(.rel.gnu.linkonce.r*)

.rela.rodata
 *(.rela.rodata)
 *(.rela.rodata.*)
 *(.rela.gnu.linkonce.r*)

.rel.data
 *(.rel.data)
 *(.rel.data.*)
 *(.rel.gnu.linkonce.d*)

.rela.data
 *(.rela.data)
 *(.rela.data.*)
 *(.rela.gnu.linkonce.d*)

.rel.ctors
 *(.rel.ctors)

.rela.ctors
 *(.rela.ctors)

.rel.dtors
 *(.rel.dtors)

.rela.dtors
 *(.rela.dtors)

.rel.got
 *(.rel.got)

.rela.got
 *(.rela.got)

.rel.bss
 *(.rel.bss)

.rela.bss
 *(.rela.bss)

.rel.plt
 *(.rel.plt)

.rela.plt
 *(.rela.plt)

.text           0x0000000000000000     0x4dc8
 *(.vectors)
 .vectors       0x0000000000000000       0xac c:/qmk_msys/mingw64/bin/../lib/gcc/avr/8.4.0/../../../../avr/lib/avr5/crtatmega32u4.o
                0x0000000000000000                __vector_default
                0x0000000000000000                __vectors
 *(.vectors)
 *(.progmem.gcc*)
                0x00000000000000ac                . = ALIGN (0x2)
                0x00000000000000ac                __trampolines_start = .
 *(.trampolines)
 .trampolines   0x00000000000000ac        0x0 linker stubs
 *(.trampolines*)
                0x00000000000000ac                __trampolines_end = .
 *libprintf_flt.a:*(.progmem.data)
 *libc.a:*(.progmem.data)
 *(.progmem.*)
 .progmem.data.ascii_to_dead_lut
                0x00000000000000ac       0x10 C:\Users\David\AppData\Local\Temp\ccYqCBOq.ltrans0.ltrans.o
 .progmem.data.ascii_to_altgr_lut
                0x00000000000000bc       0x10 C:\Users\David\AppData\Local\Temp\ccYqCBOq.ltrans0.ltrans.o
 .progmem.data.ascii_to_shift_lut
                0x00000000000000cc       0x10 C:\Users\David\AppData\Local\Temp\ccYqCBOq.ltrans0.ltrans.o
 .progmem.data.ascii_to_keycode_lut
                0x00000000000000dc       0x80 C:\Users\David\AppData\Local\Temp\ccYqCBOq.ltrans0.ltrans.o
 .progmem.data.fn_actions
                0x000000000000015c        0x0 C:\Users\David\AppData\Local\Temp\ccYqCBOq.ltrans0.ltrans.o
 .progmem.data.CIE1931_CURVE
                0x000000000000015c      0x100 C:\Users\David\AppData\Local\Temp\ccYqCBOq.ltrans0.ltrans.o
 .progmem.data.RGBLED_GRADIENT_RANGES
                0x000000000000025c        0x5 C:\Users\David\AppData\Local\Temp\ccYqCBOq.ltrans0.ltrans.o
 .progmem.data.rgblight_effect_breathe_table
                0x0000000000000261      0x100 C:\Users\David\AppData\Local\Temp\ccYqCBOq.ltrans0.ltrans.o
 .progmem.data.__c.4167
                0x0000000000000361        0xa C:\Users\David\AppData\Local\Temp\ccYqCBOq.ltrans0.ltrans.o
 .progmem.data.__c.4163
                0x000000000000036b        0xd C:\Users\David\AppData\Local\Temp\ccYqCBOq.ltrans0.ltrans.o
 .progmem.data.keymaps
                0x0000000000000378       0x30 C:\Users\David\AppData\Local\Temp\ccYqCBOq.ltrans0.ltrans.o
 .progmem.data.RGBLED_TWINKLE_INTERVALS
                0x00000000000003a8        0x3 C:\Users\David\AppData\Local\Temp\ccYqCBOq.ltrans0.ltrans.o
 .progmem.data.RGBLED_RGBTEST_INTERVALS
                0x00000000000003ab        0x2 C:\Users\David\AppData\Local\Temp\ccYqCBOq.ltrans0.ltrans.o
 .progmem.data.RGBLED_KNIGHT_INTERVALS
                0x00000000000003ad        0x3 C:\Users\David\AppData\Local\Temp\ccYqCBOq.ltrans0.ltrans.o
 .progmem.data.RGBLED_SNAKE_INTERVALS
                0x00000000000003b0        0x3 C:\Users\David\AppData\Local\Temp\ccYqCBOq.ltrans0.ltrans.o
 .progmem.data.RGBLED_RAINBOW_SWIRL_INTERVALS
                0x00000000000003b3        0x3 C:\Users\David\AppData\Local\Temp\ccYqCBOq.ltrans0.ltrans.o
 .progmem.data.RGBLED_RAINBOW_MOOD_INTERVALS
                0x00000000000003b6        0x3 C:\Users\David\AppData\Local\Temp\ccYqCBOq.ltrans0.ltrans.o
 .progmem.data.RGBLED_BREATHING_INTERVALS
                0x00000000000003b9        0x4 C:\Users\David\AppData\Local\Temp\ccYqCBOq.ltrans0.ltrans.o
 .progmem.data.SharedReport
                0x00000000000003bd       0x32 C:\Users\David\AppData\Local\Temp\ccYqCBOq.ltrans0.ltrans.o
 .progmem.data.KeyboardReport
                0x00000000000003ef       0x40 C:\Users\David\AppData\Local\Temp\ccYqCBOq.ltrans0.ltrans.o
 .progmem.data.ConfigurationDescriptor
                0x000000000000042f       0x9f C:\Users\David\AppData\Local\Temp\ccYqCBOq.ltrans0.ltrans.o
 .progmem.data.DeviceDescriptor
                0x00000000000004ce       0x12 C:\Users\David\AppData\Local\Temp\ccYqCBOq.ltrans0.ltrans.o
 .progmem.data.ProductString
                0x00000000000004e0       0x16 C:\Users\David\AppData\Local\Temp\ccYqCBOq.ltrans0.ltrans.o
 .progmem.data.ManufacturerString
                0x00000000000004f6       0x1c C:\Users\David\AppData\Local\Temp\ccYqCBOq.ltrans0.ltrans.o
 .progmem.data.LanguageString
                0x0000000000000512        0x4 C:\Users\David\AppData\Local\Temp\ccYqCBOq.ltrans0.ltrans.o
                0x0000000000000516                . = ALIGN (0x2)
 *(.lowtext)
 *(.lowtext*)
                0x0000000000000516                __ctors_start = .
 *(.ctors)
                0x0000000000000516                __ctors_end = .
                0x0000000000000516                __dtors_start = .
 *(.dtors)
                0x0000000000000516                __dtors_end = .
 SORT_BY_NAME(*)(.ctors)
 SORT_BY_NAME(*)(.dtors)
 *(.init0)
 .init0         0x0000000000000516        0x0 c:/qmk_msys/mingw64/bin/../lib/gcc/avr/8.4.0/../../../../avr/lib/avr5/crtatmega32u4.o
                0x0000000000000516                __init
 *(.init0)
 *(.init1)
 *(.init1)
 *(.init2)
 .init2         0x0000000000000516        0xc c:/qmk_msys/mingw64/bin/../lib/gcc/avr/8.4.0/../../../../avr/lib/avr5/crtatmega32u4.o
 *(.init2)
 *(.init3)
 .init3         0x0000000000000522       0x54 C:\Users\David\AppData\Local\Temp\ccYqCBOq.ltrans0.ltrans.o
                0x0000000000000522                bootloader_jump_after_watchdog_reset
 *(.init3)
 *(.init4)
 .init4         0x0000000000000576       0x10 c:/qmk_msys/mingw64/bin/../lib/gcc/avr/8.4.0/avr5\libgcc.a(_clear_bss.o)
                0x0000000000000576                __do_clear_bss
 .init4         0x0000000000000586       0x16 c:/qmk_msys/mingw64/bin/../lib/gcc/avr/8.4.0/avr5\libgcc.a(_copy_data.o)
                0x0000000000000586                __do_copy_data
 *(.init4)
 *(.init5)
 *(.init5)
 *(.init6)
 *(.init6)
 *(.init7)
 *(.init7)
 *(.init8)
 *(.init8)
 *(.init9)
 .init9         0x000000000000059c        0x8 c:/qmk_msys/mingw64/bin/../lib/gcc/avr/8.4.0/../../../../avr/lib/avr5/crtatmega32u4.o
 *(.init9)
 *(.text)
 .text          0x00000000000005a4        0x4 c:/qmk_msys/mingw64/bin/../lib/gcc/avr/8.4.0/../../../../avr/lib/avr5/crtatmega32u4.o
                0x00000000000005a4                __vector_38
                0x00000000000005a4                __vector_22
                0x00000000000005a4                __vector_28
                0x00000000000005a4                __vector_1
                0x00000000000005a4                __vector_32
                0x00000000000005a4                __vector_34
                0x00000000000005a4                __vector_24
                0x00000000000005a4                __bad_interrupt
                0x00000000000005a4                __vector_6
                0x00000000000005a4                __vector_31
                0x00000000000005a4                __vector_35
                0x00000000000005a4                __vector_39
                0x00000000000005a4                __vector_3
                0x00000000000005a4                __vector_23
                0x00000000000005a4                __vector_30
                0x00000000000005a4                __vector_25
                0x00000000000005a4                __vector_13
                0x00000000000005a4                __vector_19
                0x00000000000005a4                __vector_7
                0x00000000000005a4                __vector_41
                0x00000000000005a4                __vector_27
                0x00000000000005a4                __vector_5
                0x00000000000005a4                __vector_33
                0x00000000000005a4                __vector_37
                0x00000000000005a4                __vector_4
                0x00000000000005a4                __vector_9
                0x00000000000005a4                __vector_2
                0x00000000000005a4                __vector_15
                0x00000000000005a4                __vector_36
                0x00000000000005a4                __vector_29
                0x00000000000005a4                __vector_40
                0x00000000000005a4                __vector_8
                0x00000000000005a4                __vector_26
                0x00000000000005a4                __vector_14
                0x00000000000005a4                __vector_16
                0x00000000000005a4                __vector_18
                0x00000000000005a4                __vector_42
                0x00000000000005a8                . = ALIGN (0x2)
 *(.text.*)
 .text.midi_input_callbacks.constprop.33
                0x00000000000005a8      0x1e4 C:\Users\David\AppData\Local\Temp\ccYqCBOq.ltrans0.ltrans.o
 .text.USB_Disable
                0x000000000000078c       0x3e C:\Users\David\AppData\Local\Temp\ccYqCBOq.ltrans0.ltrans.o
 .text.Endpoint_WaitUntilReady
                0x00000000000007ca       0x62 C:\Users\David\AppData\Local\Temp\ccYqCBOq.ltrans0.ltrans.o
 .text.Endpoint_Write_Stream_LE.constprop.3
                0x000000000000082c       0x54 C:\Users\David\AppData\Local\Temp\ccYqCBOq.ltrans0.ltrans.o
 .text.Endpoint_ClearStatusStage
                0x0000000000000880       0x3e C:\Users\David\AppData\Local\Temp\ccYqCBOq.ltrans0.ltrans.o
 .text.Endpoint_ConfigureEndpoint_Prv
                0x00000000000008be       0x64 C:\Users\David\AppData\Local\Temp\ccYqCBOq.ltrans0.ltrans.o
 .text.USB_Init
                0x0000000000000922       0xc2 C:\Users\David\AppData\Local\Temp\ccYqCBOq.ltrans0.ltrans.o
 .text.Endpoint_Write_Control_Stream_LE
                0x00000000000009e4       0xbc C:\Users\David\AppData\Local\Temp\ccYqCBOq.ltrans0.ltrans.o
 .text.rgblight_effect_dummy
                0x0000000000000aa0        0x2 C:\Users\David\AppData\Local\Temp\ccYqCBOq.ltrans0.ltrans.o
 .text.sendchar
                0x0000000000000aa2        0x4 C:\Users\David\AppData\Local\Temp\ccYqCBOq.ltrans0.ltrans.o
 .text.fallthrough_callback
                0x0000000000000aa6        0x2 C:\Users\David\AppData\Local\Temp\ccYqCBOq.ltrans0.ltrans.o
 .text.cc_callback
                0x0000000000000aa8        0x2 C:\Users\David\AppData\Local\Temp\ccYqCBOq.ltrans0.ltrans.o
 .text.send_mouse
                0x0000000000000aaa        0x2 C:\Users\David\AppData\Local\Temp\ccYqCBOq.ltrans0.ltrans.o
 .text.keyboard_leds
                0x0000000000000aac        0x6 C:\Users\David\AppData\Local\Temp\ccYqCBOq.ltrans0.ltrans.o
 .text.midi_packet_length
                0x0000000000000ab2       0x46 C:\Users\David\AppData\Local\Temp\ccYqCBOq.ltrans0.ltrans.o
 .text.usb_send_func
                0x0000000000000af8       0xb6 C:\Users\David\AppData\Local\Temp\ccYqCBOq.ltrans0.ltrans.o
 .text.usb_get_midi
                0x0000000000000bae      0x158 C:\Users\David\AppData\Local\Temp\ccYqCBOq.ltrans0.ltrans.o
 .text.timer_read
                0x0000000000000d06       0x18 C:\Users\David\AppData\Local\Temp\ccYqCBOq.ltrans0.ltrans.o
 .text.clear_oneshot_mods
                0x0000000000000d1e        0xc C:\Users\David\AppData\Local\Temp\ccYqCBOq.ltrans0.ltrans.o
 .text.send_keyboard_report
                0x0000000000000d2a       0x5a C:\Users\David\AppData\Local\Temp\ccYqCBOq.ltrans0.ltrans.o
 .text.del_key  0x0000000000000d84       0x1a C:\Users\David\AppData\Local\Temp\ccYqCBOq.ltrans0.ltrans.o
 .text.add_key  0x0000000000000d9e       0x32 C:\Users\David\AppData\Local\Temp\ccYqCBOq.ltrans0.ltrans.o
 .text.read_source_layers_cache
                0x0000000000000dd0       0x4e C:\Users\David\AppData\Local\Temp\ccYqCBOq.ltrans0.ltrans.o
 .text.update_source_layers_cache
                0x0000000000000e1e       0x58 C:\Users\David\AppData\Local\Temp\ccYqCBOq.ltrans0.ltrans.o
 .text.debug_waiting_buffer
                0x0000000000000e76       0x14 C:\Users\David\AppData\Local\Temp\ccYqCBOq.ltrans0.ltrans.o
 .text.unregister_mods
                0x0000000000000e8a       0x16 C:\Users\David\AppData\Local\Temp\ccYqCBOq.ltrans0.ltrans.o
 .text.register_mods
                0x0000000000000ea0       0x14 C:\Users\David\AppData\Local\Temp\ccYqCBOq.ltrans0.ltrans.o
 .text.host_consumer_send
                0x0000000000000eb4       0x2c C:\Users\David\AppData\Local\Temp\ccYqCBOq.ltrans0.ltrans.o
 .text.host_system_send
                0x0000000000000ee0       0x2c C:\Users\David\AppData\Local\Temp\ccYqCBOq.ltrans0.ltrans.o
 .text.clear_keyboard_but_mods_and_keys
                0x0000000000000f0c       0x1c C:\Users\David\AppData\Local\Temp\ccYqCBOq.ltrans0.ltrans.o
 .text.layer_state_set
                0x0000000000000f28       0x14 C:\Users\David\AppData\Local\Temp\ccYqCBOq.ltrans0.ltrans.o
 .text.layer_off
                0x0000000000000f3c       0x46 C:\Users\David\AppData\Local\Temp\ccYqCBOq.ltrans0.ltrans.o
 .text.clear_oneshot_layer_state
                0x0000000000000f82       0x30 C:\Users\David\AppData\Local\Temp\ccYqCBOq.ltrans0.ltrans.o
 .text.layer_on
                0x0000000000000fb2       0x42 C:\Users\David\AppData\Local\Temp\ccYqCBOq.ltrans0.ltrans.o
 .text.default_layer_state_set
                0x0000000000000ff4       0x14 C:\Users\David\AppData\Local\Temp\ccYqCBOq.ltrans0.ltrans.o
 .text.host_keyboard_leds
                0x0000000000001008       0x18 C:\Users\David\AppData\Local\Temp\ccYqCBOq.ltrans0.ltrans.o
 .text.unregister_code
                0x0000000000001020       0xac C:\Users\David\AppData\Local\Temp\ccYqCBOq.ltrans0.ltrans.o
 .text.backlight_set
                0x00000000000010cc       0xe0 C:\Users\David\AppData\Local\Temp\ccYqCBOq.ltrans0.ltrans.o
 .text.handleKeycodeRGB
                0x00000000000011ac        0xa C:\Users\David\AppData\Local\Temp\ccYqCBOq.ltrans0.ltrans.o
 .text.rgblight_check_config
                0x00000000000011b6       0x2c C:\Users\David\AppData\Local\Temp\ccYqCBOq.ltrans0.ltrans.o
 .text.sethsv   0x00000000000011e2      0x132 C:\Users\David\AppData\Local\Temp\ccYqCBOq.ltrans0.ltrans.o
 .text.setPinInputHigh_atomic
                0x0000000000001314       0x2e C:\Users\David\AppData\Local\Temp\ccYqCBOq.ltrans0.ltrans.o
 .text.mod_config
                0x0000000000001342       0x86 C:\Users\David\AppData\Local\Temp\ccYqCBOq.ltrans0.ltrans.o
 .text.action_for_key
                0x00000000000013c8      0x360 C:\Users\David\AppData\Local\Temp\ccYqCBOq.ltrans0.ltrans.o
 .text.layer_switch_get_layer
                0x0000000000001728       0x84 C:\Users\David\AppData\Local\Temp\ccYqCBOq.ltrans0.ltrans.o
 .text.layer_switch_get_action
                0x00000000000017ac       0x14 C:\Users\David\AppData\Local\Temp\ccYqCBOq.ltrans0.ltrans.o
 .text.is_tap_key
                0x00000000000017c0       0x48 C:\Users\David\AppData\Local\Temp\ccYqCBOq.ltrans0.ltrans.o
 .text.send_extra
                0x0000000000001808       0x66 C:\Users\David\AppData\Local\Temp\ccYqCBOq.ltrans0.ltrans.o
 .text.send_consumer
                0x000000000000186e        0x8 C:\Users\David\AppData\Local\Temp\ccYqCBOq.ltrans0.ltrans.o
 .text.send_system
                0x0000000000001876        0x8 C:\Users\David\AppData\Local\Temp\ccYqCBOq.ltrans0.ltrans.o
 .text.send_keyboard
                0x000000000000187e       0x5a C:\Users\David\AppData\Local\Temp\ccYqCBOq.ltrans0.ltrans.o
 .text.bootloader_jump
                0x00000000000018d8       0x48 C:\Users\David\AppData\Local\Temp\ccYqCBOq.ltrans0.ltrans.o
 .text.register_code
                0x0000000000001920      0x11e C:\Users\David\AppData\Local\Temp\ccYqCBOq.ltrans0.ltrans.o
 .text.tap_code
                0x0000000000001a3e       0x3a C:\Users\David\AppData\Local\Temp\ccYqCBOq.ltrans0.ltrans.o
 .text.perform_space_cadet.constprop.38
                0x0000000000001a78       0xde C:\Users\David\AppData\Local\Temp\ccYqCBOq.ltrans0.ltrans.o
 .text.rgblight_set
                0x0000000000001b56       0x6a C:\Users\David\AppData\Local\Temp\ccYqCBOq.ltrans0.ltrans.o
 .text.rgblight_effect_twinkle
                0x0000000000001bc0      0x15e C:\Users\David\AppData\Local\Temp\ccYqCBOq.ltrans0.ltrans.o
 .text.rgblight_effect_rainbow_swirl
                0x0000000000001d1e       0x54 C:\Users\David\AppData\Local\Temp\ccYqCBOq.ltrans0.ltrans.o
 .text.rgblight_effect_snake
                0x0000000000001d72       0xdc C:\Users\David\AppData\Local\Temp\ccYqCBOq.ltrans0.ltrans.o
 .text.rgblight_effect_knight
                0x0000000000001e4e       0x9c C:\Users\David\AppData\Local\Temp\ccYqCBOq.ltrans0.ltrans.o
 .text.rgblight_effect_christmas
                0x0000000000001eea      0x112 C:\Users\David\AppData\Local\Temp\ccYqCBOq.ltrans0.ltrans.o
 .text.rgblight_effect_alternating
                0x0000000000001ffc       0x72 C:\Users\David\AppData\Local\Temp\ccYqCBOq.ltrans0.ltrans.o
 .text.rgblight_setrgb
                0x000000000000206e       0x22 C:\Users\David\AppData\Local\Temp\ccYqCBOq.ltrans0.ltrans.o
 .text.rgblight_effect_rgbtest
                0x0000000000002090       0x7e C:\Users\David\AppData\Local\Temp\ccYqCBOq.ltrans0.ltrans.o
 .text.rgblight_sethsv_noeeprom_old
                0x000000000000210e       0x34 C:\Users\David\AppData\Local\Temp\ccYqCBOq.ltrans0.ltrans.o
 .text.rgblight_effect_breathing
                0x0000000000002142       0x28 C:\Users\David\AppData\Local\Temp\ccYqCBOq.ltrans0.ltrans.o
 .text.rgblight_effect_rainbow_mood
                0x000000000000216a       0x20 C:\Users\David\AppData\Local\Temp\ccYqCBOq.ltrans0.ltrans.o
 .text.matrix_scan
                0x000000000000218a      0x148 C:\Users\David\AppData\Local\Temp\ccYqCBOq.ltrans0.ltrans.o
 .text.send_string_P
                0x00000000000022d2      0x162 C:\Users\David\AppData\Local\Temp\ccYqCBOq.ltrans0.ltrans.o
 .text.eeconfig_read_keymap
                0x0000000000002434       0x1c C:\Users\David\AppData\Local\Temp\ccYqCBOq.ltrans0.ltrans.o
 .text.eeconfig_is_enabled
                0x0000000000002450       0x16 C:\Users\David\AppData\Local\Temp\ccYqCBOq.ltrans0.ltrans.o
 .text.eeconfig_update_rgblight
                0x0000000000002466       0x24 C:\Users\David\AppData\Local\Temp\ccYqCBOq.ltrans0.ltrans.o
 .text.rgblight_sethsv_eeprom_helper
                0x000000000000248a      0x12a C:\Users\David\AppData\Local\Temp\ccYqCBOq.ltrans0.ltrans.o
 .text.rgblight_decrease_val
                0x00000000000025b4       0x18 C:\Users\David\AppData\Local\Temp\ccYqCBOq.ltrans0.ltrans.o
 .text.rgblight_increase_val
                0x00000000000025cc       0x18 C:\Users\David\AppData\Local\Temp\ccYqCBOq.ltrans0.ltrans.o
 .text.rgblight_decrease_sat
                0x00000000000025e4       0x18 C:\Users\David\AppData\Local\Temp\ccYqCBOq.ltrans0.ltrans.o
 .text.rgblight_increase_sat
                0x00000000000025fc       0x18 C:\Users\David\AppData\Local\Temp\ccYqCBOq.ltrans0.ltrans.o
 .text.rgblight_decrease_hue
                0x0000000000002614       0x12 C:\Users\David\AppData\Local\Temp\ccYqCBOq.ltrans0.ltrans.o
 .text.rgblight_increase_hue
                0x0000000000002626       0x12 C:\Users\David\AppData\Local\Temp\ccYqCBOq.ltrans0.ltrans.o
 .text.rgblight_decrease_speed
                0x0000000000002638       0x22 C:\Users\David\AppData\Local\Temp\ccYqCBOq.ltrans0.ltrans.o
 .text.rgblight_increase_speed
                0x000000000000265a       0x22 C:\Users\David\AppData\Local\Temp\ccYqCBOq.ltrans0.ltrans.o
 .text.eeconfig_update_rgblight_default
                0x000000000000267c       0x20 C:\Users\David\AppData\Local\Temp\ccYqCBOq.ltrans0.ltrans.o
 .text.clear_keyboard
                0x000000000000269c       0x16 C:\Users\David\AppData\Local\Temp\ccYqCBOq.ltrans0.ltrans.o
 .text.USB_Device_ProcessControlRequest
                0x00000000000026b2      0x586 C:\Users\David\AppData\Local\Temp\ccYqCBOq.ltrans0.ltrans.o
 .text.rgblight_timer_enable
                0x0000000000002c38       0x2c C:\Users\David\AppData\Local\Temp\ccYqCBOq.ltrans0.ltrans.o
 .text.rgblight_mode_eeprom_helper
                0x0000000000002c64       0x76 C:\Users\David\AppData\Local\Temp\ccYqCBOq.ltrans0.ltrans.o
 .text.rgblight_mode
                0x0000000000002cda        0x6 C:\Users\David\AppData\Local\Temp\ccYqCBOq.ltrans0.ltrans.o
 .text.eeconfig_init_quantum
                0x0000000000002ce0       0xf6 C:\Users\David\AppData\Local\Temp\ccYqCBOq.ltrans0.ltrans.o
 .text.backlight_init
                0x0000000000002dd6       0x3c C:\Users\David\AppData\Local\Temp\ccYqCBOq.ltrans0.ltrans.o
 .text.rgblight_step_reverse
                0x0000000000002e12       0x12 C:\Users\David\AppData\Local\Temp\ccYqCBOq.ltrans0.ltrans.o
 .text.rgblight_step
                0x0000000000002e24       0x14 C:\Users\David\AppData\Local\Temp\ccYqCBOq.ltrans0.ltrans.o
 .text.handleKeycodeRGBMode
                0x0000000000002e38       0x1a C:\Users\David\AppData\Local\Temp\ccYqCBOq.ltrans0.ltrans.o
 .text.process_record
                0x0000000000002e52      0xc38 C:\Users\David\AppData\Local\Temp\ccYqCBOq.ltrans0.ltrans.o
 .text.waiting_buffer_scan_tap
                0x0000000000003a8a       0xac C:\Users\David\AppData\Local\Temp\ccYqCBOq.ltrans0.ltrans.o
 .text.process_tapping
                0x0000000000003b36      0x314 C:\Users\David\AppData\Local\Temp\ccYqCBOq.ltrans0.ltrans.o
 .text.action_exec
                0x0000000000003e4a      0x120 C:\Users\David\AppData\Local\Temp\ccYqCBOq.ltrans0.ltrans.o
 .text.__vector_11
                0x0000000000003f6a       0x88 C:\Users\David\AppData\Local\Temp\ccYqCBOq.ltrans0.ltrans.o
                0x0000000000003f6a                __vector_11
 .text.__vector_10
                0x0000000000003ff2      0x1ae C:\Users\David\AppData\Local\Temp\ccYqCBOq.ltrans0.ltrans.o
                0x0000000000003ff2                __vector_10
 .text.startup.main
                0x00000000000041a0      0x7fe C:\Users\David\AppData\Local\Temp\ccYqCBOq.ltrans0.ltrans.o
                0x00000000000041a0                main
 .text.__vector_21
                0x000000000000499e       0x48 C:\Users\David\AppData\Local\Temp\ccYqCBOq.ltrans0.ltrans.o
                0x000000000000499e                __vector_21
 .text.__vector_12
                0x00000000000049e6       0x4e C:\Users\David\AppData\Local\Temp\ccYqCBOq.ltrans0.ltrans.o
                0x00000000000049e6                __vector_12
 .text.__vector_20
                0x0000000000004a34       0x26 C:\Users\David\AppData\Local\Temp\ccYqCBOq.ltrans0.ltrans.o
                0x0000000000004a34                __vector_20
 .text.__vector_17
                0x0000000000004a5a        0x4 C:\Users\David\AppData\Local\Temp\ccYqCBOq.ltrans0.ltrans.o
                0x0000000000004a5a                __vector_17
 .text.libgcc.mul
                0x0000000000004a5e       0x20 c:/qmk_msys/mingw64/bin/../lib/gcc/avr/8.4.0/avr5\libgcc.a(_mulsi3.o)
                0x0000000000004a5e                __mulsi3
 .text.libgcc.div
                0x0000000000004a7e       0x18 c:/qmk_msys/mingw64/bin/../lib/gcc/avr/8.4.0/avr5\libgcc.a(_udivmodqi4.o)
                0x0000000000004a7e                __udivmodqi4
 .text.libgcc.div
                0x0000000000004a96       0x1c c:/qmk_msys/mingw64/bin/../lib/gcc/avr/8.4.0/avr5\libgcc.a(_divmodqi4.o)
                0x0000000000004a96                __divmodqi4
 .text.libgcc.div
                0x0000000000004ab2       0x28 c:/qmk_msys/mingw64/bin/../lib/gcc/avr/8.4.0/avr5\libgcc.a(_udivmodhi4.o)
                0x0000000000004ab2                __udivmodhi4
 .text.libgcc.div
                0x0000000000004ada       0x28 c:/qmk_msys/mingw64/bin/../lib/gcc/avr/8.4.0/avr5\libgcc.a(_divmodhi4.o)
                0x0000000000004ada                _div
                0x0000000000004ada                __divmodhi4
 .text.libgcc   0x0000000000004b02        0xc c:/qmk_msys/mingw64/bin/../lib/gcc/avr/8.4.0/avr5\libgcc.a(_tablejump2.o)
                0x0000000000004b02                __tablejump2__
 .text.libgcc.mul
                0x0000000000004b0e       0x10 c:/qmk_msys/mingw64/bin/../lib/gcc/avr/8.4.0/avr5\libgcc.a(_mulhisi3.o)
                0x0000000000004b0e                __mulhisi3
 .text.libgcc.mul
                0x0000000000004b1e        0xe c:/qmk_msys/mingw64/bin/../lib/gcc/avr/8.4.0/avr5\libgcc.a(_usmulhisi3.o)
                0x0000000000004b1e                __usmulhisi3
                0x0000000000004b22                __usmulhisi3_tail
 .text.avr-libc
                0x0000000000004b2c       0xb8 c:/qmk_msys/mingw64/bin/../lib/gcc/avr/8.4.0/../../../../avr/lib/avr5\libc.a(rand.o)
                0x0000000000004bbe                rand_r
                0x0000000000004bc4                rand
                0x0000000000004bce                srand
 .text.avr-libc
                0x0000000000004be4       0x1a c:/qmk_msys/mingw64/bin/../lib/gcc/avr/8.4.0/../../../../avr/lib/avr5\libc.a(memchr.o)
                0x0000000000004be4                memchr
 .text.avr-libc
                0x0000000000004bfe       0x10 c:/qmk_msys/mingw64/bin/../lib/gcc/avr/8.4.0/../../../../avr/lib/avr5\libatmega32u4.a(eerd_byte.o)
                0x0000000000004bfe                eeprom_read_byte
 .text.avr-libc
                0x0000000000004c0e        0xc c:/qmk_msys/mingw64/bin/../lib/gcc/avr/8.4.0/../../../../avr/lib/avr5\libatmega32u4.a(eerd_dword.o)
                0x0000000000004c0e                eeprom_read_float
                0x0000000000004c0e                eeprom_read_dword
 .text.avr-libc
                0x0000000000004c1a        0xc c:/qmk_msys/mingw64/bin/../lib/gcc/avr/8.4.0/../../../../avr/lib/avr5\libatmega32u4.a(eerd_word.o)
                0x0000000000004c1a                eeprom_read_word
 .text.avr-libc
                0x0000000000004c26       0x24 c:/qmk_msys/mingw64/bin/../lib/gcc/avr/8.4.0/../../../../avr/lib/avr5\libatmega32u4.a(eeupd_byte.o)
                0x0000000000004c26                eeprom_update_byte
                0x0000000000004c28                eeprom_update_r18
 .text.avr-libc
                0x0000000000004c4a       0x18 c:/qmk_msys/mingw64/bin/../lib/gcc/avr/8.4.0/../../../../avr/lib/avr5\libatmega32u4.a(eeupd_dword.o)
                0x0000000000004c4a                eeprom_update_float
                0x0000000000004c4a                eeprom_update_dword
 .text.avr-libc
                0x0000000000004c62        0xc c:/qmk_msys/mingw64/bin/../lib/gcc/avr/8.4.0/../../../../avr/lib/avr5\libatmega32u4.a(eeupd_word.o)
                0x0000000000004c62                eeprom_update_word
 .text.avr-libc
                0x0000000000004c6e       0x20 c:/qmk_msys/mingw64/bin/../lib/gcc/avr/8.4.0/../../../../avr/lib/avr5\libatmega32u4.a(eerd_block.o)
                0x0000000000004c6e                eeprom_read_block
                0x0000000000004c72                eeprom_read_blraw
 .text.libgcc.div
                0x0000000000004c8e       0x2e c:/qmk_msys/mingw64/bin/../lib/gcc/avr/8.4.0/avr5\libgcc.a(_divmodsi4.o)
                0x0000000000004c8e                __divmodsi4
 .text.libgcc.div
                0x0000000000004cbc       0x10 c:/qmk_msys/mingw64/bin/../lib/gcc/avr/8.4.0/avr5\libgcc.a(_negsi2.o)
                0x0000000000004cbc                __negsi2
 .text.libgcc.mul
                0x0000000000004ccc       0x16 c:/qmk_msys/mingw64/bin/../lib/gcc/avr/8.4.0/avr5\libgcc.a(_muluhisi3.o)
                0x0000000000004ccc                __muluhisi3
 .text.libgcc.mul
                0x0000000000004ce2       0x10 c:/qmk_msys/mingw64/bin/../lib/gcc/avr/8.4.0/avr5\libgcc.a(_mulshisi3.o)
                0x0000000000004ce2                __mulshisi3
                0x0000000000004ce8                __mulohisi3
 .text.libgcc.div
                0x0000000000004cf2       0x44 c:/qmk_msys/mingw64/bin/../lib/gcc/avr/8.4.0/avr5\libgcc.a(_udivmodsi4.o)
                0x0000000000004cf2                __udivmodsi4
 .text.libgcc.mul
                0x0000000000004d36       0x1e c:/qmk_msys/mingw64/bin/../lib/gcc/avr/8.4.0/avr5\libgcc.a(_umulhisi3.o)
                0x0000000000004d36                __umulhisi3
                0x0000000000004d54                . = ALIGN (0x2)
 *(.fini9)
 .fini9         0x0000000000004d54        0x0 c:/qmk_msys/mingw64/bin/../lib/gcc/avr/8.4.0/avr5\libgcc.a(_exit.o)
                0x0000000000004d54                _exit
                0x0000000000004d54                exit
 *(.fini9)
 *(.fini8)
 *(.fini8)
 *(.fini7)
 *(.fini7)
 *(.fini6)
 *(.fini6)
 *(.fini5)
 *(.fini5)
 *(.fini4)
 *(.fini4)
 *(.fini3)
 *(.fini3)
 *(.fini2)
 *(.fini2)
 *(.fini1)
 *(.fini1)
 *(.fini0)
 .fini0         0x0000000000004d54        0x4 c:/qmk_msys/mingw64/bin/../lib/gcc/avr/8.4.0/avr5\libgcc.a(_exit.o)
 *(.fini0)
 *(.hightext)
 *(.hightext*)
 *(.progmemx.*)
                0x0000000000004d58                . = ALIGN (0x2)
 *(.jumptables)
 *(.jumptables*)
 .jumptables.gcc.is_tap_key
                0x0000000000004d58       0x1c C:\Users\David\AppData\Local\Temp\ccYqCBOq.ltrans0.ltrans.o
 .jumptables.gcc.USB_Device_ProcessControlRequest
                0x0000000000004d74       0x14 C:\Users\David\AppData\Local\Temp\ccYqCBOq.ltrans0.ltrans.o
 .jumptables.gcc.process_record
                0x0000000000004d88       0x40 C:\Users\David\AppData\Local\Temp\ccYqCBOq.ltrans0.ltrans.o
                0x0000000000004dc8                _etext = .

.data           0x0000000000800100       0x9c load address 0x0000000000004dc8
                0x0000000000800100                PROVIDE (__data_start = .)
 *(.data)
 .data          0x0000000000800100        0x4 c:/qmk_msys/mingw64/bin/../lib/gcc/avr/8.4.0/../../../../avr/lib/avr5\libc.a(rand.o)
 *(.data*)
 .data.static_effect_table
                0x0000000000800104        0xb C:\Users\David\AppData\Local\Temp\ccYqCBOq.ltrans0.ltrans.o
 .data.increment.3454
                0x000000000080010f        0x1 C:\Users\David\AppData\Local\Temp\ccYqCBOq.ltrans0.ltrans.o
 .data.high_bound.3453
                0x0000000000800110        0x1 C:\Users\David\AppData\Local\Temp\ccYqCBOq.ltrans0.ltrans.o
 .data.increment.3466
                0x0000000000800111        0x1 C:\Users\David\AppData\Local\Temp\ccYqCBOq.ltrans0.ltrans.o
 .data.USB_MIDI_Interface
                0x0000000000800112        0xc C:\Users\David\AppData\Local\Temp\ccYqCBOq.ltrans0.ltrans.o
 .data.lufa_driver
                0x000000000080011e        0xa C:\Users\David\AppData\Local\Temp\ccYqCBOq.ltrans0.ltrans.o
 .data.keyboard_protocol
                0x0000000000800128        0x1 C:\Users\David\AppData\Local\Temp\ccYqCBOq.ltrans0.ltrans.o
 *(.gnu.linkonce.d*)
 *(.rodata)
 *(.rodata*)
 .rodata.mode_base_table
                0x0000000000800129       0x2b C:\Users\David\AppData\Local\Temp\ccYqCBOq.ltrans0.ltrans.o
 .rodata.CSWTCH.0
                0x0000000000800154        0x3 C:\Users\David\AppData\Local\Temp\ccYqCBOq.ltrans0.ltrans.o
 .rodata.CSWTCH.1
                0x0000000000800157       0x2e C:\Users\David\AppData\Local\Temp\ccYqCBOq.ltrans0.ltrans.o
 .rodata.CSWTCH.8
                0x0000000000800185        0xf C:\Users\David\AppData\Local\Temp\ccYqCBOq.ltrans0.ltrans.o
 .rodata.row_pins
                0x0000000000800194        0x3 C:\Users\David\AppData\Local\Temp\ccYqCBOq.ltrans0.ltrans.o
 .rodata.col_pins
                0x0000000000800197        0x4 C:\Users\David\AppData\Local\Temp\ccYqCBOq.ltrans0.ltrans.o
 *(.gnu.linkonce.r*)
                0x000000000080019c                . = ALIGN (0x2)
 *fill*         0x000000000080019b        0x1 
                0x000000000080019c                _edata = .
                0x000000000080019c                PROVIDE (__data_end = .)

.bss            0x000000000080019c      0x238
                0x000000000080019c                PROVIDE (__bss_start = .)
 *(.bss)
 .bss           0x000000000080019c        0x2 .build/obj_datulab_keys_Lilith_12_default/common/avr/xprintf.o
                0x000000000080019c                xfunc_out
 *(.bss*)
 .bss.__compound_literal.0
                0x000000000080019e        0x8 C:\Users\David\AppData\Local\Temp\ccYqCBOq.ltrans0.ltrans.o
 .bss.debouncing_time
                0x00000000008001a6        0x2 C:\Users\David\AppData\Local\Temp\ccYqCBOq.ltrans0.ltrans.o
 .bss.debouncing
                0x00000000008001a8        0x1 C:\Users\David\AppData\Local\Temp\ccYqCBOq.ltrans0.ltrans.o
 .bss.pos.3436  0x00000000008001a9        0x1 C:\Users\David\AppData\Local\Temp\ccYqCBOq.ltrans0.ltrans.o
 .bss.low_bound.3452
                0x00000000008001aa        0x1 C:\Users\David\AppData\Local\Temp\ccYqCBOq.ltrans0.ltrans.o
 .bss.maxval.3481
                0x00000000008001ab        0x1 C:\Users\David\AppData\Local\Temp\ccYqCBOq.ltrans0.ltrans.o
 .bss.led       0x00000000008001ac       0x3f C:\Users\David\AppData\Local\Temp\ccYqCBOq.ltrans0.ltrans.o
 .bss.led_twinkle_state
                0x00000000008001eb       0x69 C:\Users\David\AppData\Local\Temp\ccYqCBOq.ltrans0.ltrans.o
 .bss.last_system_report
                0x0000000000800254        0x2 C:\Users\David\AppData\Local\Temp\ccYqCBOq.ltrans0.ltrans.o
 .bss.last_consumer_report
                0x0000000000800256        0x2 C:\Users\David\AppData\Local\Temp\ccYqCBOq.ltrans0.ltrans.o
 .bss.backlight_config
                0x0000000000800258        0x1 C:\Users\David\AppData\Local\Temp\ccYqCBOq.ltrans0.ltrans.o
 .bss.grave_esc_was_shifted
                0x0000000000800259        0x1 C:\Users\David\AppData\Local\Temp\ccYqCBOq.ltrans0.ltrans.o
 .bss.tapping_key
                0x000000000080025a        0x6 C:\Users\David\AppData\Local\Temp\ccYqCBOq.ltrans0.ltrans.o
 .bss.waiting_buffer_head
                0x0000000000800260        0x1 C:\Users\David\AppData\Local\Temp\ccYqCBOq.ltrans0.ltrans.o
 .bss.waiting_buffer
                0x0000000000800261       0x30 C:\Users\David\AppData\Local\Temp\ccYqCBOq.ltrans0.ltrans.o
 .bss.waiting_buffer_tail
                0x0000000000800291        0x1 C:\Users\David\AppData\Local\Temp\ccYqCBOq.ltrans0.ltrans.o
 .bss.source_layers_cache
                0x0000000000800292        0xa C:\Users\David\AppData\Local\Temp\ccYqCBOq.ltrans0.ltrans.o
 .bss.oneshot_layer_data
                0x000000000080029c        0x1 C:\Users\David\AppData\Local\Temp\ccYqCBOq.ltrans0.ltrans.o
 .bss.macro_mods
                0x000000000080029d        0x1 C:\Users\David\AppData\Local\Temp\ccYqCBOq.ltrans0.ltrans.o
 .bss.weak_mods
                0x000000000080029e        0x1 C:\Users\David\AppData\Local\Temp\ccYqCBOq.ltrans0.ltrans.o
 .bss.real_mods
                0x000000000080029f        0x1 C:\Users\David\AppData\Local\Temp\ccYqCBOq.ltrans0.ltrans.o
 .bss.oneshot_mods
                0x00000000008002a0        0x1 C:\Users\David\AppData\Local\Temp\ccYqCBOq.ltrans0.ltrans.o
 .bss.default_layer_state
                0x00000000008002a1        0x4 C:\Users\David\AppData\Local\Temp\ccYqCBOq.ltrans0.ltrans.o
 .bss.raw_matrix
                0x00000000008002a5        0x3 C:\Users\David\AppData\Local\Temp\ccYqCBOq.ltrans0.ltrans.o
 .bss.layer_state
                0x00000000008002a8        0x4 C:\Users\David\AppData\Local\Temp\ccYqCBOq.ltrans0.ltrans.o
 .bss.keymap_config
                0x00000000008002ac        0x2 C:\Users\David\AppData\Local\Temp\ccYqCBOq.ltrans0.ltrans.o
 .bss.is_rgblight_initialized
                0x00000000008002ae        0x1 C:\Users\David\AppData\Local\Temp\ccYqCBOq.ltrans0.ltrans.o
 .bss.driver    0x00000000008002af        0x2 C:\Users\David\AppData\Local\Temp\ccYqCBOq.ltrans0.ltrans.o
 .bss.wdt_timeout
                0x00000000008002b1        0x1 C:\Users\David\AppData\Local\Temp\ccYqCBOq.ltrans0.ltrans.o
 .bss.pre_suspend_enabled
                0x00000000008002b2        0x1 C:\Users\David\AppData\Local\Temp\ccYqCBOq.ltrans0.ltrans.o
 .bss.is_suspended
                0x00000000008002b3        0x1 C:\Users\David\AppData\Local\Temp\ccYqCBOq.ltrans0.ltrans.o
 .bss.matrix    0x00000000008002b4        0x3 C:\Users\David\AppData\Local\Temp\ccYqCBOq.ltrans0.ltrans.o
 .bss.animation_status
                0x00000000008002b7        0x6 C:\Users\David\AppData\Local\Temp\ccYqCBOq.ltrans0.ltrans.o
 .bss.rgblight_config
                0x00000000008002bd        0x5 C:\Users\David\AppData\Local\Temp\ccYqCBOq.ltrans0.ltrans.o
 .bss.rgblight_status
                0x00000000008002c2        0x2 C:\Users\David\AppData\Local\Temp\ccYqCBOq.ltrans0.ltrans.o
 .bss.led_status.4243
                0x00000000008002c4        0x1 C:\Users\David\AppData\Local\Temp\ccYqCBOq.ltrans0.ltrans.o
 .bss.debug_config
                0x00000000008002c5        0x1 C:\Users\David\AppData\Local\Temp\ccYqCBOq.ltrans0.ltrans.o
 .bss.matrix_prev.4242
                0x00000000008002c6        0x3 C:\Users\David\AppData\Local\Temp\ccYqCBOq.ltrans0.ltrans.o
 .bss.USB_IsInitialized
                0x00000000008002c9        0x1 C:\Users\David\AppData\Local\Temp\ccYqCBOq.ltrans0.ltrans.o
 .bss.keyboard_idle
                0x00000000008002ca        0x1 C:\Users\David\AppData\Local\Temp\ccYqCBOq.ltrans0.ltrans.o
 .bss.keyboard_led_state
                0x00000000008002cb        0x1 C:\Users\David\AppData\Local\Temp\ccYqCBOq.ltrans0.ltrans.o
 .bss.keyboard_report_sent
                0x00000000008002cc        0x8 C:\Users\David\AppData\Local\Temp\ccYqCBOq.ltrans0.ltrans.o
 .bss.USB_Device_CurrentlySelfPowered
                0x00000000008002d4        0x1 C:\Users\David\AppData\Local\Temp\ccYqCBOq.ltrans0.ltrans.o
 .bss.USB_Device_RemoteWakeupEnabled
                0x00000000008002d5        0x1 C:\Users\David\AppData\Local\Temp\ccYqCBOq.ltrans0.ltrans.o
 .bss.USB_DeviceState
                0x00000000008002d6        0x1 C:\Users\David\AppData\Local\Temp\ccYqCBOq.ltrans0.ltrans.o
 .bss.USB_Device_ConfigurationNumber
                0x00000000008002d7        0x1 C:\Users\David\AppData\Local\Temp\ccYqCBOq.ltrans0.ltrans.o
 .bss.USB_ControlRequest
                0x00000000008002d8        0x8 C:\Users\David\AppData\Local\Temp\ccYqCBOq.ltrans0.ltrans.o
 .bss.midi_device
                0x00000000008002e0       0xed C:\Users\David\AppData\Local\Temp\ccYqCBOq.ltrans0.ltrans.o
 .bss.timer_count
                0x00000000008003cd        0x4 C:\Users\David\AppData\Local\Temp\ccYqCBOq.ltrans0.ltrans.o
 .bss.sc_timer  0x00000000008003d1        0x2 C:\Users\David\AppData\Local\Temp\ccYqCBOq.ltrans0.ltrans.o
 .bss.sc_last   0x00000000008003d3        0x1 C:\Users\David\AppData\Local\Temp\ccYqCBOq.ltrans0.ltrans.o
 *(COMMON)
                0x00000000008003d4                PROVIDE (__bss_end = .)
                0x0000000000004dc8                __data_load_start = LOADADDR (.data)
                0x0000000000004e64                __data_load_end = (__data_load_start + SIZEOF (.data))

.noinit         0x00000000008003d4        0x4
                [!provide]                        PROVIDE (__noinit_start = .)
 *(.noinit*)
 .noinit        0x00000000008003d4        0x4 C:\Users\David\AppData\Local\Temp\ccYqCBOq.ltrans0.ltrans.o
                [!provide]                        PROVIDE (__noinit_end = .)
                0x00000000008003d8                _end = .
                [!provide]                        PROVIDE (__heap_start = .)

.eeprom         0x0000000000810000        0x0
 *(.eeprom*)
                0x0000000000810000                __eeprom_end = .

.fuse
 *(.fuse)
 *(.lfuse)
 *(.hfuse)
 *(.efuse)

.lock
 *(.lock*)

.signature
 *(.signature*)

.stab           0x0000000000000000       0x24
 *(.stab)
 .stab          0x0000000000000000       0x24 .build/obj_datulab_keys_Lilith_12_default/common/avr/xprintf.o
                                        0x8b8 (size before relaxing)

.stabstr        0x0000000000000000       0x8a
 *(.stabstr)
 .stabstr       0x0000000000000000       0x8a .build/obj_datulab_keys_Lilith_12_default/common/avr/xprintf.o

.stab.excl
 *(.stab.excl)

.stab.exclstr
 *(.stab.exclstr)

.stab.index
 *(.stab.index)

.stab.indexstr
 *(.stab.indexstr)

.comment        0x0000000000000000       0x11
 *(.comment)
 .comment       0x0000000000000000       0x12 C:\Users\David\AppData\Local\Temp\ccYqCBOq.ltrans0.ltrans.o
 .comment       0x0000000000000000       0x11 c:/qmk_msys/mingw64/bin/../lib/gcc/avr/8.4.0/../../../../avr/lib/avr5\libc.a(rand.o)
                                         0x12 (size before relaxing)

.note.gnu.avr.deviceinfo
                0x0000000000000000       0x40
 .note.gnu.avr.deviceinfo
                0x0000000000000000       0x40 c:/qmk_msys/mingw64/bin/../lib/gcc/avr/8.4.0/../../../../avr/lib/avr5/crtatmega32u4.o

.note.gnu.build-id
 *(.note.gnu.build-id)

.debug
 *(.debug)

.line
 *(.line)

.debug_srcinfo
 *(.debug_srcinfo)

.debug_sfnames
 *(.debug_sfnames)

.debug_aranges  0x0000000000000000      0x358
 *(.debug_aranges)
 .debug_aranges
                0x0000000000000000      0x358 C:\Users\David\AppData\Local\Temp\ccYqCBOq.ltrans0.ltrans.o

.debug_pubnames
 *(.debug_pubnames)

.debug_info     0x0000000000000000    0x2f295
 *(.debug_info .gnu.linkonce.wi.*)
 .debug_info    0x0000000000000000      0x9f4 c:/qmk_msys/mingw64/bin/../lib/gcc/avr/8.4.0/../../../../avr/lib/avr5/crtatmega32u4.o
 .debug_info    0x00000000000009f4    0x252cf C:\Users\David\AppData\Local\Temp\ccwKUdR9debugobj
                0x00000000000009f4                Lilith_12.c.b613faaa
                0x000000000000138d                keymap.c.2af93bc1
                0x0000000000002a85                quantum.c.af877006
                0x0000000000004425                send_string.c.00429115
                0x0000000000005268                bitwise.c.ba323801
                0x0000000000005431                led.c.ee2a01f0
                0x0000000000005c33                keymap_common.c.07caad13
                0x0000000000007beb                keycode_config.c.c5df7508
                0x00000000000081f1                matrix_common.c.8f1421aa
                0x0000000000008a53                matrix.c.59158bce
                0x00000000000092b8                sym_defer_g.c.b7eeedd0
                0x000000000000998f                process_midi.c.22603a75
                0x000000000000a4ac                process_music.c.c89d18f5
                0x000000000000aae9                color.c.3f8f7b82
                0x000000000000ad08                rgblight.c.dd1ff4d5
                0x000000000000c486                process_rgb.c.d7fc51da
                0x000000000000dcff                backlight.c.6197904d
                0x000000000000e4a4                process_backlight.c.1924dd65
                0x000000000000f6ef                backlight_driver_common.c.f3933dbe
                0x000000000000fd98                backlight_avr.c.6ef944ec
                0x000000000001047a                ws2812.c.737083d5
                0x0000000000010637                led_tables.c.7a8dc893
                0x00000000000106c4                process_space_cadet.c.39dbe36f
                0x0000000000011d8f                process_magic.c.9cfee42e
                0x0000000000012fda                process_grave_esc.c.6283daf0
                0x000000000001469e                host.c.229f973a
                0x0000000000014af4                keyboard.c.0f38fa8a
                0x00000000000153f4                action.c.e0a39281
                0x0000000000016780                action_tapping.c.f8105252
                0x00000000000172e3                action_macro.c.40e1898b
                0x0000000000017a37                action_layer.c.99691be8
                0x0000000000018252                action_util.c.3573db1a
                0x0000000000018962                debug.c.7aee8fcb
                0x0000000000018a6c                sendchar_null.c.d9adec02
                0x0000000000018af3                eeconfig.c.71731f2d
                0x0000000000018d73                report.c.0e7ff382
                0x00000000000195b4                suspend.c.1bb94e4b
                0x0000000000019d36                timer.c.4b84f958
                0x0000000000019f3f                sync_timer.c.8aac18f6
                0x0000000000019fbb                bootloader.c.eed4c790
                0x000000000001a2ae                printf.c.289fe1f1
                0x000000000001a375                bootmagic_lite.c.6c91b160
                0x000000000001aa2d                magic.c.e37e7beb
                0x000000000001acf8                midi.c.cf419b84
                0x000000000001b720                midi_device.c.98ddd980
                0x000000000001bcbf                bytequeue.c.0bfdef59
                0x000000000001be99                interrupt_setting.c.9fda9bae
                0x000000000001bf3d                sysex_tools.c.b1951c5c
                0x000000000001c165                qmk_midi.c.6d7224ec
                0x000000000001ce3d                AudioClassDevice.c.46d72634
                0x000000000001d422                CCIDClassDevice.c.315fffdd
                0x000000000001dd8e                CDCClassDevice.c.9689eddd
                0x000000000001e6e3                HIDClassDevice.c.9a07549c
                0x000000000001ecb0                MassStorageClassDevice.c.9d788f3f
                0x000000000001f315                MIDIClassDevice.c.c0bc29ff
                0x000000000001f868                PrinterClassDevice.c.f1e9a102
                0x000000000002000c                RNDISClassDevice.c.c7ed3abc
                0x0000000000020dc1                AndroidAccessoryClassHost.c.8f0afcea
                0x0000000000020e17                AudioClassHost.c.592303ab
                0x0000000000020e6d                CDCClassHost.c.7a433675
                0x0000000000020ec3                HIDClassHost.c.a6951364
                0x0000000000020f19                MassStorageClassHost.c.c31efeeb
                0x0000000000020f6f                MIDIClassHost.c.988e1915
                0x0000000000020fc5                PrinterClassHost.c.4997d973
                0x000000000002101b                RNDISClassHost.c.509c945f
                0x0000000000021071                StillImageClassHost.c.077a944f
                0x00000000000210c7                lufa.c.17186fe5
                0x000000000002242f                usb_descriptor.c.7c1259d3
                0x000000000002321d                HIDParser.c.e0117fd6
                0x000000000002388c                Device_AVR8.c.133dea19
                0x00000000000239ec                EndpointStream_AVR8.c.aa477c50
                0x00000000000244ff                Endpoint_AVR8.c.60d6972b
                0x000000000002492f                Host_AVR8.c.20fe163d
                0x0000000000024985                PipeStream_AVR8.c.12f50db4
                0x00000000000249db                Pipe_AVR8.c.2fa13bb1
                0x0000000000024a31                USBController_AVR8.c.f8cc6a07
                0x0000000000024d4e                USBInterrupt_AVR8.c.12fe343f
                0x00000000000250d7                ConfigDescriptors.c.0c2c4199
                0x0000000000025431                DeviceStandardReq.c.21e3e66f
                0x00000000000259cd                Events.c.3b5aeb45
                0x0000000000025a7d                HostStandardReq.c.7ad10f0c
                0x0000000000025ad3                USBTask.c.11bcc19f
 .debug_info    0x0000000000025cc3     0x95d2 C:\Users\David\AppData\Local\Temp\ccYqCBOq.ltrans0.ltrans.o

.debug_abbrev   0x0000000000000000     0x7f1e
 *(.debug_abbrev)
 .debug_abbrev  0x0000000000000000      0x96a c:/qmk_msys/mingw64/bin/../lib/gcc/avr/8.4.0/../../../../avr/lib/avr5/crtatmega32u4.o
 .debug_abbrev  0x000000000000096a     0x720f C:\Users\David\AppData\Local\Temp\ccwKUdR9debugobj
 .debug_abbrev  0x0000000000007b79      0x3a5 C:\Users\David\AppData\Local\Temp\ccYqCBOq.ltrans0.ltrans.o

.debug_line     0x0000000000000000    0x134de
 *(.debug_line .debug_line.* .debug_line_end)
 .debug_line    0x0000000000000000       0x1d c:/qmk_msys/mingw64/bin/../lib/gcc/avr/8.4.0/../../../../avr/lib/avr5/crtatmega32u4.o
 .debug_line    0x000000000000001d     0x654b C:\Users\David\AppData\Local\Temp\ccwKUdR9debugobj
 .debug_line    0x0000000000006568     0xcf76 C:\Users\David\AppData\Local\Temp\ccYqCBOq.ltrans0.ltrans.o

.debug_frame    0x0000000000000000      0xc20
 *(.debug_frame)
 .debug_frame   0x0000000000000000      0xc20 C:\Users\David\AppData\Local\Temp\ccYqCBOq.ltrans0.ltrans.o

.debug_str      0x0000000000000000     0xaa05
 *(.debug_str)
 .debug_str     0x0000000000000000      0x371 c:/qmk_msys/mingw64/bin/../lib/gcc/avr/8.4.0/../../../../avr/lib/avr5/crtatmega32u4.o
 .debug_str     0x0000000000000371     0xa57f C:\Users\David\AppData\Local\Temp\ccwKUdR9debugobj
                                      0x2abdf (size before relaxing)
 .debug_str     0x000000000000a8f0      0x115 C:\Users\David\AppData\Local\Temp\ccYqCBOq.ltrans0.ltrans.o
                                        0x13e (size before relaxing)

.debug_loc      0x0000000000000000     0x8a9a
 *(.debug_loc)
 .debug_loc     0x0000000000000000     0x8a9a C:\Users\David\AppData\Local\Temp\ccYqCBOq.ltrans0.ltrans.o

.debug_macinfo
 *(.debug_macinfo)

.debug_weaknames
 *(.debug_weaknames)

.debug_funcnames
 *(.debug_funcnames)

.debug_typenames
 *(.debug_typenames)

.debug_varnames
 *(.debug_varnames)

.debug_pubtypes
 *(.debug_pubtypes)

.debug_ranges   0x0000000000000000     0x1d30
 *(.debug_ranges)
 .debug_ranges  0x0000000000000000     0x1d30 C:\Users\David\AppData\Local\Temp\ccYqCBOq.ltrans0.ltrans.o

.debug_macro
 *(.debug_macro)

.debug_addr
 *(.debug_addr)
OUTPUT(.build/datulab_keys_Lilith_12_default.elf elf32-avr)
LOAD linker stubs

Cross Reference Table

Symbol                                            File
AndroidAccessoryClassHost.c.8f0afcea              C:\Users\David\AppData\Local\Temp\ccwKUdR9debugobj
AudioClassDevice.c.46d72634                       C:\Users\David\AppData\Local\Temp\ccwKUdR9debugobj
                                                  C:\Users\David\AppData\Local\Temp\ccYqCBOq.ltrans0.ltrans.o
AudioClassHost.c.592303ab                         C:\Users\David\AppData\Local\Temp\ccwKUdR9debugobj
Audio_Device_ConfigureEndpoints                   .build/obj_datulab_keys_Lilith_12_default/lib/lufa/LUFA/Drivers/USB/Class/Device/AudioClassDevice.o (symbol from plugin)
Audio_Device_Event_Stub                           .build/obj_datulab_keys_Lilith_12_default/lib/lufa/LUFA/Drivers/USB/Class/Device/AudioClassDevice.o (symbol from plugin)
Audio_Device_ProcessControlRequest                .build/obj_datulab_keys_Lilith_12_default/lib/lufa/LUFA/Drivers/USB/Class/Device/AudioClassDevice.o (symbol from plugin)
CALLBACK_Audio_Device_GetSetEndpointProperty      .build/obj_datulab_keys_Lilith_12_default/lib/lufa/LUFA/Drivers/USB/Class/Device/AudioClassDevice.o (symbol from plugin)
CALLBACK_Audio_Device_GetSetInterfaceProperty     .build/obj_datulab_keys_Lilith_12_default/lib/lufa/LUFA/Drivers/USB/Class/Device/AudioClassDevice.o (symbol from plugin)
CALLBACK_CCID_Abort                               .build/obj_datulab_keys_Lilith_12_default/lib/lufa/LUFA/Drivers/USB/Class/Device/CCIDClassDevice.o (symbol from plugin)
CALLBACK_CCID_GetParameters_T0                    .build/obj_datulab_keys_Lilith_12_default/lib/lufa/LUFA/Drivers/USB/Class/Device/CCIDClassDevice.o (symbol from plugin)
CALLBACK_CCID_GetSlotStatus                       .build/obj_datulab_keys_Lilith_12_default/lib/lufa/LUFA/Drivers/USB/Class/Device/CCIDClassDevice.o (symbol from plugin)
CALLBACK_CCID_IccPowerOff                         .build/obj_datulab_keys_Lilith_12_default/lib/lufa/LUFA/Drivers/USB/Class/Device/CCIDClassDevice.o (symbol from plugin)
CALLBACK_CCID_IccPowerOn                          .build/obj_datulab_keys_Lilith_12_default/lib/lufa/LUFA/Drivers/USB/Class/Device/CCIDClassDevice.o (symbol from plugin)
CALLBACK_CCID_SetParameters_T0                    .build/obj_datulab_keys_Lilith_12_default/lib/lufa/LUFA/Drivers/USB/Class/Device/CCIDClassDevice.o (symbol from plugin)
CALLBACK_CCID_XfrBlock                            .build/obj_datulab_keys_Lilith_12_default/lib/lufa/LUFA/Drivers/USB/Class/Device/CCIDClassDevice.o (symbol from plugin)
CALLBACK_HIDParser_FilterHIDReportItem            .build/obj_datulab_keys_Lilith_12_default/lib/lufa/LUFA/Drivers/USB/Class/Common/HIDParser.o (symbol from plugin)
CALLBACK_HID_Device_CreateHIDReport               .build/obj_datulab_keys_Lilith_12_default/lib/lufa/LUFA/Drivers/USB/Class/Device/HIDClassDevice.o (symbol from plugin)
CALLBACK_HID_Device_ProcessHIDReport              .build/obj_datulab_keys_Lilith_12_default/lib/lufa/LUFA/Drivers/USB/Class/Device/HIDClassDevice.o (symbol from plugin)
CALLBACK_MS_Device_SCSICommandReceived            .build/obj_datulab_keys_Lilith_12_default/lib/lufa/LUFA/Drivers/USB/Class/Device/MassStorageClassDevice.o (symbol from plugin)
CALLBACK_USB_GetDescriptor                        .build/obj_datulab_keys_Lilith_12_default/lufa.o (symbol from plugin)
                                                  .build/obj_datulab_keys_Lilith_12_default/lib/lufa/LUFA/Drivers/USB/Core/DeviceStandardReq.o (symbol from plugin)
CCIDClassDevice.c.315fffdd                        C:\Users\David\AppData\Local\Temp\ccwKUdR9debugobj
CCID_CheckStatusNoError                           .build/obj_datulab_keys_Lilith_12_default/lib/lufa/LUFA/Drivers/USB/Class/Device/CCIDClassDevice.o (symbol from plugin)
CCID_Device_ConfigureEndpoints                    .build/obj_datulab_keys_Lilith_12_default/lib/lufa/LUFA/Drivers/USB/Class/Device/CCIDClassDevice.o (symbol from plugin)
CCID_Device_ProcessControlRequest                 .build/obj_datulab_keys_Lilith_12_default/lib/lufa/LUFA/Drivers/USB/Class/Device/CCIDClassDevice.o (symbol from plugin)
CCID_Device_USBTask                               .build/obj_datulab_keys_Lilith_12_default/lib/lufa/LUFA/Drivers/USB/Class/Device/CCIDClassDevice.o (symbol from plugin)
CDCClassDevice.c.9689eddd                         C:\Users\David\AppData\Local\Temp\ccwKUdR9debugobj
CDCClassHost.c.7a433675                           C:\Users\David\AppData\Local\Temp\ccwKUdR9debugobj
CDC_Device_BytesReceived                          .build/obj_datulab_keys_Lilith_12_default/lib/lufa/LUFA/Drivers/USB/Class/Device/CDCClassDevice.o (symbol from plugin)
CDC_Device_ConfigureEndpoints                     .build/obj_datulab_keys_Lilith_12_default/lib/lufa/LUFA/Drivers/USB/Class/Device/CDCClassDevice.o (symbol from plugin)
CDC_Device_CreateBlockingStream                   .build/obj_datulab_keys_Lilith_12_default/lib/lufa/LUFA/Drivers/USB/Class/Device/CDCClassDevice.o (symbol from plugin)
CDC_Device_CreateStream                           .build/obj_datulab_keys_Lilith_12_default/lib/lufa/LUFA/Drivers/USB/Class/Device/CDCClassDevice.o (symbol from plugin)
CDC_Device_Event_Stub                             .build/obj_datulab_keys_Lilith_12_default/lib/lufa/LUFA/Drivers/USB/Class/Device/CDCClassDevice.o (symbol from plugin)
CDC_Device_Event_Stub_2                           .build/obj_datulab_keys_Lilith_12_default/lib/lufa/LUFA/Drivers/USB/Class/Device/CDCClassDevice.o (symbol from plugin)
CDC_Device_Flush                                  .build/obj_datulab_keys_Lilith_12_default/lib/lufa/LUFA/Drivers/USB/Class/Device/CDCClassDevice.o (symbol from plugin)
CDC_Device_ProcessControlRequest                  .build/obj_datulab_keys_Lilith_12_default/lib/lufa/LUFA/Drivers/USB/Class/Device/CDCClassDevice.o (symbol from plugin)
CDC_Device_ReceiveByte                            .build/obj_datulab_keys_Lilith_12_default/lib/lufa/LUFA/Drivers/USB/Class/Device/CDCClassDevice.o (symbol from plugin)
CDC_Device_SendByte                               .build/obj_datulab_keys_Lilith_12_default/lib/lufa/LUFA/Drivers/USB/Class/Device/CDCClassDevice.o (symbol from plugin)
CDC_Device_SendControlLineStateChange             .build/obj_datulab_keys_Lilith_12_default/lib/lufa/LUFA/Drivers/USB/Class/Device/CDCClassDevice.o (symbol from plugin)
CDC_Device_SendData                               .build/obj_datulab_keys_Lilith_12_default/lib/lufa/LUFA/Drivers/USB/Class/Device/CDCClassDevice.o (symbol from plugin)
CDC_Device_SendData_P                             .build/obj_datulab_keys_Lilith_12_default/lib/lufa/LUFA/Drivers/USB/Class/Device/CDCClassDevice.o (symbol from plugin)
CDC_Device_SendString                             .build/obj_datulab_keys_Lilith_12_default/lib/lufa/LUFA/Drivers/USB/Class/Device/CDCClassDevice.o (symbol from plugin)
CDC_Device_SendString_P                           .build/obj_datulab_keys_Lilith_12_default/lib/lufa/LUFA/Drivers/USB/Class/Device/CDCClassDevice.o (symbol from plugin)
CDC_Device_USBTask                                .build/obj_datulab_keys_Lilith_12_default/lib/lufa/LUFA/Drivers/USB/Class/Device/CDCClassDevice.o (symbol from plugin)
CIE1931_CURVE                                     .build/obj_datulab_keys_Lilith_12_default/quantum/led_tables.o (symbol from plugin)
                                                  .build/obj_datulab_keys_Lilith_12_default/quantum/color.o (symbol from plugin)
ConfigDescriptors.c.0c2c4199                      C:\Users\David\AppData\Local\Temp\ccwKUdR9debugobj
ConfigurationDescriptor                           .build/obj_datulab_keys_Lilith_12_default/usb_descriptor.o (symbol from plugin)
DeviceDescriptor                                  .build/obj_datulab_keys_Lilith_12_default/usb_descriptor.o (symbol from plugin)
DeviceStandardReq.c.21e3e66f                      C:\Users\David\AppData\Local\Temp\ccwKUdR9debugobj
                                                  C:\Users\David\AppData\Local\Temp\ccYqCBOq.ltrans0.ltrans.o
Device_AVR8.c.133dea19                            C:\Users\David\AppData\Local\Temp\ccwKUdR9debugobj
                                                  C:\Users\David\AppData\Local\Temp\ccYqCBOq.ltrans0.ltrans.o
EVENT_Audio_Device_StreamStartStop                .build/obj_datulab_keys_Lilith_12_default/lib/lufa/LUFA/Drivers/USB/Class/Device/AudioClassDevice.o (symbol from plugin)
EVENT_CDC_Device_BreakSent                        .build/obj_datulab_keys_Lilith_12_default/lib/lufa/LUFA/Drivers/USB/Class/Device/CDCClassDevice.o (symbol from plugin)
EVENT_CDC_Device_ControLineStateChanged           .build/obj_datulab_keys_Lilith_12_default/lib/lufa/LUFA/Drivers/USB/Class/Device/CDCClassDevice.o (symbol from plugin)
EVENT_CDC_Device_LineEncodingChanged              .build/obj_datulab_keys_Lilith_12_default/lib/lufa/LUFA/Drivers/USB/Class/Device/CDCClassDevice.o (symbol from plugin)
EVENT_PRNT_Device_SoftReset                       .build/obj_datulab_keys_Lilith_12_default/lib/lufa/LUFA/Drivers/USB/Class/Device/PrinterClassDevice.o (symbol from plugin)
EVENT_USB_Device_ConfigurationChanged             .build/obj_datulab_keys_Lilith_12_default/lufa.o (symbol from plugin)
                                                  .build/obj_datulab_keys_Lilith_12_default/lib/lufa/LUFA/Drivers/USB/Core/DeviceStandardReq.o (symbol from plugin)
EVENT_USB_Device_Connect                          .build/obj_datulab_keys_Lilith_12_default/lufa.o (symbol from plugin)
                                                  .build/obj_datulab_keys_Lilith_12_default/lib/lufa/LUFA/Drivers/USB/Core/AVR8/USBInterrupt_AVR8.o (symbol from plugin)
EVENT_USB_Device_ControlRequest                   .build/obj_datulab_keys_Lilith_12_default/lufa.o (symbol from plugin)
                                                  .build/obj_datulab_keys_Lilith_12_default/lib/lufa/LUFA/Drivers/USB/Core/DeviceStandardReq.o (symbol from plugin)
EVENT_USB_Device_Disconnect                       .build/obj_datulab_keys_Lilith_12_default/lufa.o (symbol from plugin)
                                                  .build/obj_datulab_keys_Lilith_12_default/lib/lufa/LUFA/Drivers/USB/Core/AVR8/USBInterrupt_AVR8.o (symbol from plugin)
EVENT_USB_Device_Reset                            .build/obj_datulab_keys_Lilith_12_default/lufa.o (symbol from plugin)
                                                  .build/obj_datulab_keys_Lilith_12_default/lib/lufa/LUFA/Drivers/USB/Core/AVR8/USBInterrupt_AVR8.o (symbol from plugin)
EVENT_USB_Device_StartOfFrame                     .build/obj_datulab_keys_Lilith_12_default/lib/lufa/LUFA/Drivers/USB/Core/Events.o (symbol from plugin)
                                                  .build/obj_datulab_keys_Lilith_12_default/lib/lufa/LUFA/Drivers/USB/Core/AVR8/USBInterrupt_AVR8.o (symbol from plugin)
EVENT_USB_Device_Suspend                          .build/obj_datulab_keys_Lilith_12_default/lufa.o (symbol from plugin)
                                                  .build/obj_datulab_keys_Lilith_12_default/lib/lufa/LUFA/Drivers/USB/Core/AVR8/USBInterrupt_AVR8.o (symbol from plugin)
EVENT_USB_Device_WakeUp                           .build/obj_datulab_keys_Lilith_12_default/lufa.o (symbol from plugin)
                                                  .build/obj_datulab_keys_Lilith_12_default/lib/lufa/LUFA/Drivers/USB/Core/AVR8/USBInterrupt_AVR8.o (symbol from plugin)
EndpointStream_AVR8.c.aa477c50                    C:\Users\David\AppData\Local\Temp\ccwKUdR9debugobj
                                                  C:\Users\David\AppData\Local\Temp\ccYqCBOq.ltrans0.ltrans.o
Endpoint_AVR8.c.60d6972b                          C:\Users\David\AppData\Local\Temp\ccwKUdR9debugobj
                                                  C:\Users\David\AppData\Local\Temp\ccYqCBOq.ltrans0.ltrans.o
Endpoint_ClearEndpoints                           .build/obj_datulab_keys_Lilith_12_default/lib/lufa/LUFA/Drivers/USB/Core/AVR8/Endpoint_AVR8.o (symbol from plugin)
Endpoint_ClearStatusStage                         .build/obj_datulab_keys_Lilith_12_default/lib/lufa/LUFA/Drivers/USB/Core/AVR8/Endpoint_AVR8.o (symbol from plugin)
                                                  .build/obj_datulab_keys_Lilith_12_default/lib/lufa/LUFA/Drivers/USB/Core/DeviceStandardReq.o (symbol from plugin)
                                                  .build/obj_datulab_keys_Lilith_12_default/lufa.o (symbol from plugin)
                                                  .build/obj_datulab_keys_Lilith_12_default/lib/lufa/LUFA/Drivers/USB/Class/Device/PrinterClassDevice.o (symbol from plugin)
                                                  .build/obj_datulab_keys_Lilith_12_default/lib/lufa/LUFA/Drivers/USB/Class/Device/MassStorageClassDevice.o (symbol from plugin)
                                                  .build/obj_datulab_keys_Lilith_12_default/lib/lufa/LUFA/Drivers/USB/Class/Device/HIDClassDevice.o (symbol from plugin)
                                                  .build/obj_datulab_keys_Lilith_12_default/lib/lufa/LUFA/Drivers/USB/Class/Device/CDCClassDevice.o (symbol from plugin)
                                                  .build/obj_datulab_keys_Lilith_12_default/lib/lufa/LUFA/Drivers/USB/Class/Device/AudioClassDevice.o (symbol from plugin)
Endpoint_ConfigureEndpointTable                   .build/obj_datulab_keys_Lilith_12_default/lib/lufa/LUFA/Drivers/USB/Core/AVR8/Endpoint_AVR8.o (symbol from plugin)
                                                  .build/obj_datulab_keys_Lilith_12_default/lib/lufa/LUFA/Drivers/USB/Class/Device/RNDISClassDevice.o (symbol from plugin)
                                                  .build/obj_datulab_keys_Lilith_12_default/lib/lufa/LUFA/Drivers/USB/Class/Device/PrinterClassDevice.o (symbol from plugin)
                                                  .build/obj_datulab_keys_Lilith_12_default/lib/lufa/LUFA/Drivers/USB/Class/Device/MIDIClassDevice.o (symbol from plugin)
                                                  .build/obj_datulab_keys_Lilith_12_default/lib/lufa/LUFA/Drivers/USB/Class/Device/MassStorageClassDevice.o (symbol from plugin)
                                                  .build/obj_datulab_keys_Lilith_12_default/lib/lufa/LUFA/Drivers/USB/Class/Device/HIDClassDevice.o (symbol from plugin)
                                                  .build/obj_datulab_keys_Lilith_12_default/lib/lufa/LUFA/Drivers/USB/Class/Device/CDCClassDevice.o (symbol from plugin)
                                                  .build/obj_datulab_keys_Lilith_12_default/lib/lufa/LUFA/Drivers/USB/Class/Device/CCIDClassDevice.o (symbol from plugin)
                                                  .build/obj_datulab_keys_Lilith_12_default/lib/lufa/LUFA/Drivers/USB/Class/Device/AudioClassDevice.o (symbol from plugin)
Endpoint_ConfigureEndpoint_Prv                    .build/obj_datulab_keys_Lilith_12_default/lib/lufa/LUFA/Drivers/USB/Core/AVR8/Endpoint_AVR8.o (symbol from plugin)
                                                  .build/obj_datulab_keys_Lilith_12_default/lib/lufa/LUFA/Drivers/USB/Core/AVR8/USBInterrupt_AVR8.o (symbol from plugin)
                                                  .build/obj_datulab_keys_Lilith_12_default/lib/lufa/LUFA/Drivers/USB/Core/AVR8/USBController_AVR8.o (symbol from plugin)
                                                  .build/obj_datulab_keys_Lilith_12_default/lufa.o (symbol from plugin)
Endpoint_Discard_Stream                           .build/obj_datulab_keys_Lilith_12_default/lib/lufa/LUFA/Drivers/USB/Core/AVR8/EndpointStream_AVR8.o (symbol from plugin)
Endpoint_Null_Stream                              .build/obj_datulab_keys_Lilith_12_default/lib/lufa/LUFA/Drivers/USB/Core/AVR8/EndpointStream_AVR8.o (symbol from plugin)
Endpoint_Read_Control_EStream_BE                  .build/obj_datulab_keys_Lilith_12_default/lib/lufa/LUFA/Drivers/USB/Core/AVR8/EndpointStream_AVR8.o (symbol from plugin)
Endpoint_Read_Control_EStream_LE                  .build/obj_datulab_keys_Lilith_12_default/lib/lufa/LUFA/Drivers/USB/Core/AVR8/EndpointStream_AVR8.o (symbol from plugin)
Endpoint_Read_Control_Stream_BE                   .build/obj_datulab_keys_Lilith_12_default/lib/lufa/LUFA/Drivers/USB/Core/AVR8/EndpointStream_AVR8.o (symbol from plugin)
Endpoint_Read_Control_Stream_LE                   .build/obj_datulab_keys_Lilith_12_default/lib/lufa/LUFA/Drivers/USB/Core/AVR8/EndpointStream_AVR8.o (symbol from plugin)
                                                  .build/obj_datulab_keys_Lilith_12_default/lib/lufa/LUFA/Drivers/USB/Class/Device/RNDISClassDevice.o (symbol from plugin)
                                                  .build/obj_datulab_keys_Lilith_12_default/lib/lufa/LUFA/Drivers/USB/Class/Device/HIDClassDevice.o (symbol from plugin)
                                                  .build/obj_datulab_keys_Lilith_12_default/lib/lufa/LUFA/Drivers/USB/Class/Device/AudioClassDevice.o (symbol from plugin)
Endpoint_Read_EStream_BE                          .build/obj_datulab_keys_Lilith_12_default/lib/lufa/LUFA/Drivers/USB/Core/AVR8/EndpointStream_AVR8.o (symbol from plugin)
Endpoint_Read_EStream_LE                          .build/obj_datulab_keys_Lilith_12_default/lib/lufa/LUFA/Drivers/USB/Core/AVR8/EndpointStream_AVR8.o (symbol from plugin)
Endpoint_Read_Stream_BE                           .build/obj_datulab_keys_Lilith_12_default/lib/lufa/LUFA/Drivers/USB/Core/AVR8/EndpointStream_AVR8.o (symbol from plugin)
Endpoint_Read_Stream_LE                           .build/obj_datulab_keys_Lilith_12_default/lib/lufa/LUFA/Drivers/USB/Core/AVR8/EndpointStream_AVR8.o (symbol from plugin)
                                                  .build/obj_datulab_keys_Lilith_12_default/lib/lufa/LUFA/Drivers/USB/Class/Device/RNDISClassDevice.o (symbol from plugin)
                                                  .build/obj_datulab_keys_Lilith_12_default/lib/lufa/LUFA/Drivers/USB/Class/Device/MIDIClassDevice.o (symbol from plugin)
                                                  .build/obj_datulab_keys_Lilith_12_default/lib/lufa/LUFA/Drivers/USB/Class/Device/MassStorageClassDevice.o (symbol from plugin)
                                                  .build/obj_datulab_keys_Lilith_12_default/lib/lufa/LUFA/Drivers/USB/Class/Device/CCIDClassDevice.o (symbol from plugin)
Endpoint_WaitUntilReady                           .build/obj_datulab_keys_Lilith_12_default/lib/lufa/LUFA/Drivers/USB/Core/AVR8/Endpoint_AVR8.o (symbol from plugin)
                                                  .build/obj_datulab_keys_Lilith_12_default/lib/lufa/LUFA/Drivers/USB/Core/AVR8/EndpointStream_AVR8.o (symbol from plugin)
                                                  .build/obj_datulab_keys_Lilith_12_default/lib/lufa/LUFA/Drivers/USB/Class/Device/RNDISClassDevice.o (symbol from plugin)
                                                  .build/obj_datulab_keys_Lilith_12_default/lib/lufa/LUFA/Drivers/USB/Class/Device/PrinterClassDevice.o (symbol from plugin)
                                                  .build/obj_datulab_keys_Lilith_12_default/lib/lufa/LUFA/Drivers/USB/Class/Device/MIDIClassDevice.o (symbol from plugin)
                                                  .build/obj_datulab_keys_Lilith_12_default/lib/lufa/LUFA/Drivers/USB/Class/Device/CDCClassDevice.o (symbol from plugin)
Endpoint_Write_Control_EStream_BE                 .build/obj_datulab_keys_Lilith_12_default/lib/lufa/LUFA/Drivers/USB/Core/AVR8/EndpointStream_AVR8.o (symbol from plugin)
Endpoint_Write_Control_EStream_LE                 .build/obj_datulab_keys_Lilith_12_default/lib/lufa/LUFA/Drivers/USB/Core/AVR8/EndpointStream_AVR8.o (symbol from plugin)
Endpoint_Write_Control_PStream_BE                 .build/obj_datulab_keys_Lilith_12_default/lib/lufa/LUFA/Drivers/USB/Core/AVR8/EndpointStream_AVR8.o (symbol from plugin)
Endpoint_Write_Control_PStream_LE                 .build/obj_datulab_keys_Lilith_12_default/lib/lufa/LUFA/Drivers/USB/Core/AVR8/EndpointStream_AVR8.o (symbol from plugin)
                                                  .build/obj_datulab_keys_Lilith_12_default/lib/lufa/LUFA/Drivers/USB/Core/DeviceStandardReq.o (symbol from plugin)
Endpoint_Write_Control_Stream_BE                  .build/obj_datulab_keys_Lilith_12_default/lib/lufa/LUFA/Drivers/USB/Core/AVR8/EndpointStream_AVR8.o (symbol from plugin)
Endpoint_Write_Control_Stream_LE                  .build/obj_datulab_keys_Lilith_12_default/lib/lufa/LUFA/Drivers/USB/Core/AVR8/EndpointStream_AVR8.o (symbol from plugin)
                                                  .build/obj_datulab_keys_Lilith_12_default/lib/lufa/LUFA/Drivers/USB/Core/DeviceStandardReq.o (symbol from plugin)
                                                  .build/obj_datulab_keys_Lilith_12_default/lufa.o (symbol from plugin)
                                                  .build/obj_datulab_keys_Lilith_12_default/lib/lufa/LUFA/Drivers/USB/Class/Device/RNDISClassDevice.o (symbol from plugin)
                                                  .build/obj_datulab_keys_Lilith_12_default/lib/lufa/LUFA/Drivers/USB/Class/Device/PrinterClassDevice.o (symbol from plugin)
                                                  .build/obj_datulab_keys_Lilith_12_default/lib/lufa/LUFA/Drivers/USB/Class/Device/HIDClassDevice.o (symbol from plugin)
                                                  .build/obj_datulab_keys_Lilith_12_default/lib/lufa/LUFA/Drivers/USB/Class/Device/AudioClassDevice.o (symbol from plugin)
Endpoint_Write_EStream_BE                         .build/obj_datulab_keys_Lilith_12_default/lib/lufa/LUFA/Drivers/USB/Core/AVR8/EndpointStream_AVR8.o (symbol from plugin)
Endpoint_Write_EStream_LE                         .build/obj_datulab_keys_Lilith_12_default/lib/lufa/LUFA/Drivers/USB/Core/AVR8/EndpointStream_AVR8.o (symbol from plugin)
Endpoint_Write_PStream_BE                         .build/obj_datulab_keys_Lilith_12_default/lib/lufa/LUFA/Drivers/USB/Core/AVR8/EndpointStream_AVR8.o (symbol from plugin)
Endpoint_Write_PStream_LE                         .build/obj_datulab_keys_Lilith_12_default/lib/lufa/LUFA/Drivers/USB/Core/AVR8/EndpointStream_AVR8.o (symbol from plugin)
                                                  .build/obj_datulab_keys_Lilith_12_default/lib/lufa/LUFA/Drivers/USB/Class/Device/CDCClassDevice.o (symbol from plugin)
Endpoint_Write_Stream_BE                          .build/obj_datulab_keys_Lilith_12_default/lib/lufa/LUFA/Drivers/USB/Core/AVR8/EndpointStream_AVR8.o (symbol from plugin)
Endpoint_Write_Stream_LE                          .build/obj_datulab_keys_Lilith_12_default/lib/lufa/LUFA/Drivers/USB/Core/AVR8/EndpointStream_AVR8.o (symbol from plugin)
                                                  .build/obj_datulab_keys_Lilith_12_default/lufa.o (symbol from plugin)
                                                  .build/obj_datulab_keys_Lilith_12_default/lib/lufa/LUFA/Drivers/USB/Class/Device/RNDISClassDevice.o (symbol from plugin)
                                                  .build/obj_datulab_keys_Lilith_12_default/lib/lufa/LUFA/Drivers/USB/Class/Device/PrinterClassDevice.o (symbol from plugin)
                                                  .build/obj_datulab_keys_Lilith_12_default/lib/lufa/LUFA/Drivers/USB/Class/Device/MIDIClassDevice.o (symbol from plugin)
                                                  .build/obj_datulab_keys_Lilith_12_default/lib/lufa/LUFA/Drivers/USB/Class/Device/MassStorageClassDevice.o (symbol from plugin)
                                                  .build/obj_datulab_keys_Lilith_12_default/lib/lufa/LUFA/Drivers/USB/Class/Device/HIDClassDevice.o (symbol from plugin)
                                                  .build/obj_datulab_keys_Lilith_12_default/lib/lufa/LUFA/Drivers/USB/Class/Device/CDCClassDevice.o (symbol from plugin)
                                                  .build/obj_datulab_keys_Lilith_12_default/lib/lufa/LUFA/Drivers/USB/Class/Device/CCIDClassDevice.o (symbol from plugin)
Events.c.3b5aeb45                                 C:\Users\David\AppData\Local\Temp\ccwKUdR9debugobj
                                                  C:\Users\David\AppData\Local\Temp\ccYqCBOq.ltrans0.ltrans.o
HIDClassDevice.c.9a07549c                         C:\Users\David\AppData\Local\Temp\ccwKUdR9debugobj
HIDClassHost.c.a6951364                           C:\Users\David\AppData\Local\Temp\ccwKUdR9debugobj
HIDParser.c.e0117fd6                              C:\Users\David\AppData\Local\Temp\ccwKUdR9debugobj
HID_Device_ConfigureEndpoints                     .build/obj_datulab_keys_Lilith_12_default/lib/lufa/LUFA/Drivers/USB/Class/Device/HIDClassDevice.o (symbol from plugin)
HID_Device_ProcessControlRequest                  .build/obj_datulab_keys_Lilith_12_default/lib/lufa/LUFA/Drivers/USB/Class/Device/HIDClassDevice.o (symbol from plugin)
HID_Device_USBTask                                .build/obj_datulab_keys_Lilith_12_default/lib/lufa/LUFA/Drivers/USB/Class/Device/HIDClassDevice.o (symbol from plugin)
HostStandardReq.c.7ad10f0c                        C:\Users\David\AppData\Local\Temp\ccwKUdR9debugobj
Host_AVR8.c.20fe163d                              C:\Users\David\AppData\Local\Temp\ccwKUdR9debugobj
KeyboardReport                                    .build/obj_datulab_keys_Lilith_12_default/usb_descriptor.o (symbol from plugin)
LanguageString                                    .build/obj_datulab_keys_Lilith_12_default/usb_descriptor.o (symbol from plugin)
Lilith_12.c.b613faaa                              C:\Users\David\AppData\Local\Temp\ccwKUdR9debugobj
                                                  C:\Users\David\AppData\Local\Temp\ccYqCBOq.ltrans0.ltrans.o
MIDIClassDevice.c.c0bc29ff                        C:\Users\David\AppData\Local\Temp\ccwKUdR9debugobj
                                                  C:\Users\David\AppData\Local\Temp\ccYqCBOq.ltrans0.ltrans.o
MIDIClassHost.c.988e1915                          C:\Users\David\AppData\Local\Temp\ccwKUdR9debugobj
MIDI_Device_ConfigureEndpoints                    .build/obj_datulab_keys_Lilith_12_default/lib/lufa/LUFA/Drivers/USB/Class/Device/MIDIClassDevice.o (symbol from plugin)
MIDI_Device_Flush                                 .build/obj_datulab_keys_Lilith_12_default/lib/lufa/LUFA/Drivers/USB/Class/Device/MIDIClassDevice.o (symbol from plugin)
MIDI_Device_ReceiveEventPacket                    .build/obj_datulab_keys_Lilith_12_default/lib/lufa/LUFA/Drivers/USB/Class/Device/MIDIClassDevice.o (symbol from plugin)
                                                  .build/obj_datulab_keys_Lilith_12_default/lufa.o (symbol from plugin)
MIDI_Device_SendEventPacket                       .build/obj_datulab_keys_Lilith_12_default/lib/lufa/LUFA/Drivers/USB/Class/Device/MIDIClassDevice.o (symbol from plugin)
                                                  .build/obj_datulab_keys_Lilith_12_default/lufa.o (symbol from plugin)
MIDI_Device_USBTask                               .build/obj_datulab_keys_Lilith_12_default/lib/lufa/LUFA/Drivers/USB/Class/Device/MIDIClassDevice.o (symbol from plugin)
                                                  .build/obj_datulab_keys_Lilith_12_default/lufa.o (symbol from plugin)
MS_Device_ConfigureEndpoints                      .build/obj_datulab_keys_Lilith_12_default/lib/lufa/LUFA/Drivers/USB/Class/Device/MassStorageClassDevice.o (symbol from plugin)
MS_Device_ProcessControlRequest                   .build/obj_datulab_keys_Lilith_12_default/lib/lufa/LUFA/Drivers/USB/Class/Device/MassStorageClassDevice.o (symbol from plugin)
MS_Device_USBTask                                 .build/obj_datulab_keys_Lilith_12_default/lib/lufa/LUFA/Drivers/USB/Class/Device/MassStorageClassDevice.o (symbol from plugin)
ManufacturerString                                .build/obj_datulab_keys_Lilith_12_default/usb_descriptor.o (symbol from plugin)
MassStorageClassDevice.c.9d788f3f                 C:\Users\David\AppData\Local\Temp\ccwKUdR9debugobj
MassStorageClassHost.c.c31efeeb                   C:\Users\David\AppData\Local\Temp\ccwKUdR9debugobj
PRNT_Device_BytesReceived                         .build/obj_datulab_keys_Lilith_12_default/lib/lufa/LUFA/Drivers/USB/Class/Device/PrinterClassDevice.o (symbol from plugin)
PRNT_Device_ConfigureEndpoints                    .build/obj_datulab_keys_Lilith_12_default/lib/lufa/LUFA/Drivers/USB/Class/Device/PrinterClassDevice.o (symbol from plugin)
PRNT_Device_CreateBlockingStream                  .build/obj_datulab_keys_Lilith_12_default/lib/lufa/LUFA/Drivers/USB/Class/Device/PrinterClassDevice.o (symbol from plugin)
PRNT_Device_CreateStream                          .build/obj_datulab_keys_Lilith_12_default/lib/lufa/LUFA/Drivers/USB/Class/Device/PrinterClassDevice.o (symbol from plugin)
PRNT_Device_Event_Stub                            .build/obj_datulab_keys_Lilith_12_default/lib/lufa/LUFA/Drivers/USB/Class/Device/PrinterClassDevice.o (symbol from plugin)
PRNT_Device_Flush                                 .build/obj_datulab_keys_Lilith_12_default/lib/lufa/LUFA/Drivers/USB/Class/Device/PrinterClassDevice.o (symbol from plugin)
PRNT_Device_ProcessControlRequest                 .build/obj_datulab_keys_Lilith_12_default/lib/lufa/LUFA/Drivers/USB/Class/Device/PrinterClassDevice.o (symbol from plugin)
PRNT_Device_ReceiveByte                           .build/obj_datulab_keys_Lilith_12_default/lib/lufa/LUFA/Drivers/USB/Class/Device/PrinterClassDevice.o (symbol from plugin)
PRNT_Device_SendByte                              .build/obj_datulab_keys_Lilith_12_default/lib/lufa/LUFA/Drivers/USB/Class/Device/PrinterClassDevice.o (symbol from plugin)
PRNT_Device_SendData                              .build/obj_datulab_keys_Lilith_12_default/lib/lufa/LUFA/Drivers/USB/Class/Device/PrinterClassDevice.o (symbol from plugin)
PRNT_Device_SendString                            .build/obj_datulab_keys_Lilith_12_default/lib/lufa/LUFA/Drivers/USB/Class/Device/PrinterClassDevice.o (symbol from plugin)
PRNT_Device_USBTask                               .build/obj_datulab_keys_Lilith_12_default/lib/lufa/LUFA/Drivers/USB/Class/Device/PrinterClassDevice.o (symbol from plugin)
PipeStream_AVR8.c.12f50db4                        C:\Users\David\AppData\Local\Temp\ccwKUdR9debugobj
Pipe_AVR8.c.2fa13bb1                              C:\Users\David\AppData\Local\Temp\ccwKUdR9debugobj
PrinterClassDevice.c.f1e9a102                     C:\Users\David\AppData\Local\Temp\ccwKUdR9debugobj
PrinterClassHost.c.4997d973                       C:\Users\David\AppData\Local\Temp\ccwKUdR9debugobj
ProductString                                     .build/obj_datulab_keys_Lilith_12_default/usb_descriptor.o (symbol from plugin)
RGBLED_BREATHING_INTERVALS                        .build/obj_datulab_keys_Lilith_12_default/quantum/rgblight.o (symbol from plugin)
RGBLED_GRADIENT_RANGES                            .build/obj_datulab_keys_Lilith_12_default/quantum/rgblight.o (symbol from plugin)
RGBLED_KNIGHT_INTERVALS                           .build/obj_datulab_keys_Lilith_12_default/quantum/rgblight.o (symbol from plugin)
RGBLED_RAINBOW_MOOD_INTERVALS                     .build/obj_datulab_keys_Lilith_12_default/quantum/rgblight.o (symbol from plugin)
RGBLED_RAINBOW_SWIRL_INTERVALS                    .build/obj_datulab_keys_Lilith_12_default/quantum/rgblight.o (symbol from plugin)
RGBLED_RGBTEST_INTERVALS                          .build/obj_datulab_keys_Lilith_12_default/quantum/rgblight.o (symbol from plugin)
RGBLED_SNAKE_INTERVALS                            .build/obj_datulab_keys_Lilith_12_default/quantum/rgblight.o (symbol from plugin)
RGBLED_TWINKLE_INTERVALS                          .build/obj_datulab_keys_Lilith_12_default/quantum/rgblight.o (symbol from plugin)
RNDISClassDevice.c.c7ed3abc                       C:\Users\David\AppData\Local\Temp\ccwKUdR9debugobj
                                                  C:\Users\David\AppData\Local\Temp\ccYqCBOq.ltrans0.ltrans.o
RNDISClassHost.c.509c945f                         C:\Users\David\AppData\Local\Temp\ccwKUdR9debugobj
RNDIS_Device_ConfigureEndpoints                   .build/obj_datulab_keys_Lilith_12_default/lib/lufa/LUFA/Drivers/USB/Class/Device/RNDISClassDevice.o (symbol from plugin)
RNDIS_Device_IsPacketReceived                     .build/obj_datulab_keys_Lilith_12_default/lib/lufa/LUFA/Drivers/USB/Class/Device/RNDISClassDevice.o (symbol from plugin)
RNDIS_Device_ProcessControlRequest                .build/obj_datulab_keys_Lilith_12_default/lib/lufa/LUFA/Drivers/USB/Class/Device/RNDISClassDevice.o (symbol from plugin)
RNDIS_Device_ReadPacket                           .build/obj_datulab_keys_Lilith_12_default/lib/lufa/LUFA/Drivers/USB/Class/Device/RNDISClassDevice.o (symbol from plugin)
RNDIS_Device_SendPacket                           .build/obj_datulab_keys_Lilith_12_default/lib/lufa/LUFA/Drivers/USB/Class/Device/RNDISClassDevice.o (symbol from plugin)
RNDIS_Device_USBTask                              .build/obj_datulab_keys_Lilith_12_default/lib/lufa/LUFA/Drivers/USB/Class/Device/RNDISClassDevice.o (symbol from plugin)
SharedReport                                      .build/obj_datulab_keys_Lilith_12_default/usb_descriptor.o (symbol from plugin)
StillImageClassHost.c.077a944f                    C:\Users\David\AppData\Local\Temp\ccwKUdR9debugobj
USBController_AVR8.c.f8cc6a07                     C:\Users\David\AppData\Local\Temp\ccwKUdR9debugobj
                                                  C:\Users\David\AppData\Local\Temp\ccYqCBOq.ltrans0.ltrans.o
USBInterrupt_AVR8.c.12fe343f                      C:\Users\David\AppData\Local\Temp\ccwKUdR9debugobj
                                                  C:\Users\David\AppData\Local\Temp\ccYqCBOq.ltrans0.ltrans.o
USBTask.c.11bcc19f                                C:\Users\David\AppData\Local\Temp\ccwKUdR9debugobj
                                                  C:\Users\David\AppData\Local\Temp\ccYqCBOq.ltrans0.ltrans.o
USB_ControlRequest                                .build/obj_datulab_keys_Lilith_12_default/lib/lufa/LUFA/Drivers/USB/Core/USBTask.o (symbol from plugin)
                                                  .build/obj_datulab_keys_Lilith_12_default/lib/lufa/LUFA/Drivers/USB/Core/DeviceStandardReq.o (symbol from plugin)