Archive member included to satisfy reference by file (symbol)

c:/qmk_msys/mingw64/bin/../lib/gcc/avr/8.4.0/avr5\libgcc.a(_exit.o)
                              c:/qmk_msys/mingw64/bin/../lib/gcc/avr/8.4.0/../../../../avr/lib/avr5/crtatmega32u4.o (exit)
c:/qmk_msys/mingw64/bin/../lib/gcc/avr/8.4.0/../../../../avr/lib/avr5\libc.a(rand.o)
                              .build/obj_datulab_keys_Lilith_6_default/quantum/rgblight.o (symbol from plugin) (rand)
c:/qmk_msys/mingw64/bin/../lib/gcc/avr/8.4.0/../../../../avr/lib/avr5\libc.a(memcpy_P.o)
                              .build/obj_datulab_keys_Lilith_6_default/lib/lufa/LUFA/Drivers/USB/Class/Device/RNDISClassDevice.o (symbol from plugin) (memcpy_P)
c:/qmk_msys/mingw64/bin/../lib/gcc/avr/8.4.0/../../../../avr/lib/avr5\libc.a(strlen_P.o)
                              .build/obj_datulab_keys_Lilith_6_default/lib/lufa/LUFA/Drivers/USB/Class/Device/CDCClassDevice.o (symbol from plugin) (__strlen_P)
c:/qmk_msys/mingw64/bin/../lib/gcc/avr/8.4.0/../../../../avr/lib/avr5\libatmega32u4.a(eerd_byte.o)
                              .build/obj_datulab_keys_Lilith_6_default/common/eeconfig.o (symbol from plugin) (eeprom_read_byte)
c:/qmk_msys/mingw64/bin/../lib/gcc/avr/8.4.0/../../../../avr/lib/avr5\libatmega32u4.a(eerd_dword.o)
                              .build/obj_datulab_keys_Lilith_6_default/quantum/rgblight.o (symbol from plugin) (eeprom_read_dword)
c:/qmk_msys/mingw64/bin/../lib/gcc/avr/8.4.0/../../../../avr/lib/avr5\libatmega32u4.a(eerd_word.o)
                              .build/obj_datulab_keys_Lilith_6_default/common/eeconfig.o (symbol from plugin) (eeprom_read_word)
c:/qmk_msys/mingw64/bin/../lib/gcc/avr/8.4.0/../../../../avr/lib/avr5\libatmega32u4.a(eeupd_byte.o)
                              .build/obj_datulab_keys_Lilith_6_default/common/eeconfig.o (symbol from plugin) (eeprom_update_byte)
c:/qmk_msys/mingw64/bin/../lib/gcc/avr/8.4.0/../../../../avr/lib/avr5\libatmega32u4.a(eeupd_dword.o)
                              .build/obj_datulab_keys_Lilith_6_default/quantum/rgblight.o (symbol from plugin) (eeprom_update_dword)
c:/qmk_msys/mingw64/bin/../lib/gcc/avr/8.4.0/../../../../avr/lib/avr5\libatmega32u4.a(eeupd_word.o)
                              .build/obj_datulab_keys_Lilith_6_default/common/eeconfig.o (symbol from plugin) (eeprom_update_word)
c:/qmk_msys/mingw64/bin/../lib/gcc/avr/8.4.0/../../../../avr/lib/avr5\libatmega32u4.a(eerd_block.o)
                              c:/qmk_msys/mingw64/bin/../lib/gcc/avr/8.4.0/../../../../avr/lib/avr5\libatmega32u4.a(eerd_dword.o) (eeprom_read_blraw)
c:/qmk_msys/mingw64/bin/../lib/gcc/avr/8.4.0/avr5\libgcc.a(_divmodsi4.o)
                              c:/qmk_msys/mingw64/bin/../lib/gcc/avr/8.4.0/../../../../avr/lib/avr5\libc.a(rand.o) (__divmodsi4)
c:/qmk_msys/mingw64/bin/../lib/gcc/avr/8.4.0/avr5\libgcc.a(_negsi2.o)
                              c:/qmk_msys/mingw64/bin/../lib/gcc/avr/8.4.0/avr5\libgcc.a(_divmodsi4.o) (__negsi2)
c:/qmk_msys/mingw64/bin/../lib/gcc/avr/8.4.0/avr5\libgcc.a(_copy_data.o)
                              c:/qmk_msys/mingw64/bin/../lib/gcc/avr/8.4.0/../../../../avr/lib/avr5\libc.a(rand.o) (__do_copy_data)
c:/qmk_msys/mingw64/bin/../lib/gcc/avr/8.4.0/avr5\libgcc.a(_muluhisi3.o)
                              c:/qmk_msys/mingw64/bin/../lib/gcc/avr/8.4.0/../../../../avr/lib/avr5\libc.a(rand.o) (__muluhisi3)
c:/qmk_msys/mingw64/bin/../lib/gcc/avr/8.4.0/avr5\libgcc.a(_mulshisi3.o)
                              c:/qmk_msys/mingw64/bin/../lib/gcc/avr/8.4.0/../../../../avr/lib/avr5\libc.a(rand.o) (__mulohisi3)
c:/qmk_msys/mingw64/bin/../lib/gcc/avr/8.4.0/avr5\libgcc.a(_udivmodsi4.o)
                              c:/qmk_msys/mingw64/bin/../lib/gcc/avr/8.4.0/avr5\libgcc.a(_divmodsi4.o) (__udivmodsi4)
c:/qmk_msys/mingw64/bin/../lib/gcc/avr/8.4.0/avr5\libgcc.a(_umulhisi3.o)
                              c:/qmk_msys/mingw64/bin/../lib/gcc/avr/8.4.0/avr5\libgcc.a(_muluhisi3.o) (__umulhisi3)
c:/qmk_msys/mingw64/bin/../lib/gcc/avr/8.4.0/avr5\libgcc.a(_mulsi3.o)
                              C:\Users\David\AppData\Local\Temp\ccTynlYZ.ltrans0.ltrans.o (__mulsi3)
c:/qmk_msys/mingw64/bin/../lib/gcc/avr/8.4.0/avr5\libgcc.a(_udivmodqi4.o)
                              C:\Users\David\AppData\Local\Temp\ccTynlYZ.ltrans0.ltrans.o (__udivmodqi4)
c:/qmk_msys/mingw64/bin/../lib/gcc/avr/8.4.0/avr5\libgcc.a(_divmodqi4.o)
                              C:\Users\David\AppData\Local\Temp\ccTynlYZ.ltrans0.ltrans.o (__divmodqi4)
c:/qmk_msys/mingw64/bin/../lib/gcc/avr/8.4.0/avr5\libgcc.a(_udivmodhi4.o)
                              C:\Users\David\AppData\Local\Temp\ccTynlYZ.ltrans0.ltrans.o (__udivmodhi4)
c:/qmk_msys/mingw64/bin/../lib/gcc/avr/8.4.0/avr5\libgcc.a(_divmodhi4.o)
                              C:\Users\David\AppData\Local\Temp\ccTynlYZ.ltrans0.ltrans.o (__divmodhi4)
c:/qmk_msys/mingw64/bin/../lib/gcc/avr/8.4.0/avr5\libgcc.a(_tablejump2.o)
[...]
Memory Configuration

Name             Origin             Length             Attributes
text             0x0000000000000000 0x0000000000020000 xr
data             0x0000000000800060 0x000000000000ffa0 rw !x
eeprom           0x0000000000810000 0x0000000000010000 rw !x
fuse             0x0000000000820000 0x0000000000000400 rw !x
lock             0x0000000000830000 0x0000000000000400 rw !x
signature        0x0000000000840000 0x0000000000000400 rw !x
user_signatures  0x0000000000850000 0x0000000000000400 rw !x
*default*        0x0000000000000000 0xffffffffffffffff

Linker script and memory map

Address of section .data set to 0x800100
LOAD c:/qmk_msys/mingw64/bin/../lib/gcc/avr/8.4.0/../../../../avr/lib/avr5/crtatmega32u4.o
LOAD .build/obj_datulab_keys_Lilith_6_default/keyboards/datulab_keys/Lilith_6/Lilith_6.o
LOAD C:\Users\David\AppData\Local\Temp\ccLHuvCQdebugobj
LOAD C:\Users\David\AppData\Local\Temp\ccTynlYZ.ltrans0.ltrans.o
LOAD .build/obj_datulab_keys_Lilith_6_default/keyboards/datulab_keys/Lilith_6/keymaps/default/keymap.o
LOAD .build/obj_datulab_keys_Lilith_6_default/quantum/quantum.o
LOAD .build/obj_datulab_keys_Lilith_6_default/quantum/send_string.o
LOAD .build/obj_datulab_keys_Lilith_6_default/quantum/bitwise.o
LOAD .build/obj_datulab_keys_Lilith_6_default/quantum/led.o
LOAD .build/obj_datulab_keys_Lilith_6_default/quantum/keymap_common.o
LOAD .build/obj_datulab_keys_Lilith_6_default/quantum/keycode_config.o
LOAD .build/obj_datulab_keys_Lilith_6_default/quantum/matrix_common.o
LOAD .build/obj_datulab_keys_Lilith_6_default/quantum/matrix.o
LOAD .build/obj_datulab_keys_Lilith_6_default/quantum/debounce/sym_defer_g.o
LOAD .build/obj_datulab_keys_Lilith_6_default/quantum/process_keycode/process_midi.o
LOAD .build/obj_datulab_keys_Lilith_6_default/quantum/process_keycode/process_music.o
LOAD .build/obj_datulab_keys_Lilith_6_default/quantum/color.o
LOAD .build/obj_datulab_keys_Lilith_6_default/quantum/rgblight.o
LOAD .build/obj_datulab_keys_Lilith_6_default/quantum/process_keycode/process_rgb.o
LOAD .build/obj_datulab_keys_Lilith_6_default/quantum/backlight/backlight.o
LOAD .build/obj_datulab_keys_Lilith_6_default/quantum/process_keycode/process_backlight.o
LOAD .build/obj_datulab_keys_Lilith_6_default/quantum/backlight/backlight_driver_common.o
LOAD .build/obj_datulab_keys_Lilith_6_default/quantum/backlight/backlight_avr.o
LOAD .build/obj_datulab_keys_Lilith_6_default/ws2812.o
LOAD .build/obj_datulab_keys_Lilith_6_default/quantum/led_tables.o
LOAD .build/obj_datulab_keys_Lilith_6_default/quantum/process_keycode/process_space_cadet.o
LOAD .build/obj_datulab_keys_Lilith_6_default/quantum/process_keycode/process_magic.o
LOAD .build/obj_datulab_keys_Lilith_6_default/quantum/process_keycode/process_grave_esc.o
LOAD .build/obj_datulab_keys_Lilith_6_default/common/host.o
LOAD .build/obj_datulab_keys_Lilith_6_default/common/keyboard.o
LOAD .build/obj_datulab_keys_Lilith_6_default/common/action.o
LOAD .build/obj_datulab_keys_Lilith_6_default/common/action_tapping.o
LOAD .build/obj_datulab_keys_Lilith_6_default/common/action_macro.o
LOAD .build/obj_datulab_keys_Lilith_6_default/common/action_layer.o
LOAD .build/obj_datulab_keys_Lilith_6_default/common/action_util.o
LOAD .build/obj_datulab_keys_Lilith_6_default/common/debug.o
LOAD .build/obj_datulab_keys_Lilith_6_default/common/sendchar_null.o
LOAD .build/obj_datulab_keys_Lilith_6_default/common/eeconfig.o
LOAD .build/obj_datulab_keys_Lilith_6_default/common/report.o
LOAD .build/obj_datulab_keys_Lilith_6_default/common/avr/suspend.o
LOAD .build/obj_datulab_keys_Lilith_6_default/common/avr/timer.o
LOAD .build/obj_datulab_keys_Lilith_6_default/common/sync_timer.o
LOAD .build/obj_datulab_keys_Lilith_6_default/common/avr/bootloader.o
LOAD .build/obj_datulab_keys_Lilith_6_default/common/avr/xprintf.o
LOAD .build/obj_datulab_keys_Lilith_6_default/common/avr/printf.o
LOAD .build/obj_datulab_keys_Lilith_6_default/common/bootmagic_lite.o
LOAD .build/obj_datulab_keys_Lilith_6_default/common/magic.o
LOAD .build/obj_datulab_keys_Lilith_6_default/midi.o
LOAD .build/obj_datulab_keys_Lilith_6_default/midi_device.o
LOAD .build/obj_datulab_keys_Lilith_6_default/bytequeue/bytequeue.o
LOAD .build/obj_datulab_keys_Lilith_6_default/bytequeue/interrupt_setting.o
LOAD .build/obj_datulab_keys_Lilith_6_default/sysex_tools.o
LOAD .build/obj_datulab_keys_Lilith_6_default/qmk_midi.o
LOAD .build/obj_datulab_keys_Lilith_6_default/lib/lufa/LUFA/Drivers/USB/Class/Device/AudioClassDevice.o
LOAD .build/obj_datulab_keys_Lilith_6_default/lib/lufa/LUFA/Drivers/USB/Class/Device/CCIDClassDevice.o
LOAD .build/obj_datulab_keys_Lilith_6_default/lib/lufa/LUFA/Drivers/USB/Class/Device/CDCClassDevice.o
LOAD .build/obj_datulab_keys_Lilith_6_default/lib/lufa/LUFA/Drivers/USB/Class/Device/HIDClassDevice.o
LOAD .build/obj_datulab_keys_Lilith_6_default/lib/lufa/LUFA/Drivers/USB/Class/Device/MassStorageClassDevice.o
LOAD .build/obj_datulab_keys_Lilith_6_default/lib/lufa/LUFA/Drivers/USB/Class/Device/MIDIClassDevice.o
LOAD .build/obj_datulab_keys_Lilith_6_default/lib/lufa/LUFA/Drivers/USB/Class/Device/PrinterClassDevice.o
LOAD .build/obj_datulab_keys_Lilith_6_default/lib/lufa/LUFA/Drivers/USB/Class/Device/RNDISClassDevice.o
LOAD .build/obj_datulab_keys_Lilith_6_default/lib/lufa/LUFA/Drivers/USB/Class/Host/AndroidAccessoryClassHost.o
LOAD .build/obj_datulab_keys_Lilith_6_default/lib/lufa/LUFA/Drivers/USB/Class/Host/AudioClassHost.o
LOAD .build/obj_datulab_keys_Lilith_6_default/lib/lufa/LUFA/Drivers/USB/Class/Host/CDCClassHost.o
LOAD .build/obj_datulab_keys_Lilith_6_default/lib/lufa/LUFA/Drivers/USB/Class/Host/HIDClassHost.o
LOAD .build/obj_datulab_keys_Lilith_6_default/lib/lufa/LUFA/Drivers/USB/Class/Host/MassStorageClassHost.o
LOAD .build/obj_datulab_keys_Lilith_6_default/lib/lufa/LUFA/Drivers/USB/Class/Host/MIDIClassHost.o
LOAD .build/obj_datulab_keys_Lilith_6_default/lib/lufa/LUFA/Drivers/USB/Class/Host/PrinterClassHost.o
LOAD .build/obj_datulab_keys_Lilith_6_default/lib/lufa/LUFA/Drivers/USB/Class/Host/RNDISClassHost.o
LOAD .build/obj_datulab_keys_Lilith_6_default/lib/lufa/LUFA/Drivers/USB/Class/Host/StillImageClassHost.o
LOAD .build/obj_datulab_keys_Lilith_6_default/lufa.o
LOAD .build/obj_datulab_keys_Lilith_6_default/usb_descriptor.o
LOAD .build/obj_datulab_keys_Lilith_6_default/lib/lufa/LUFA/Drivers/USB/Class/Common/HIDParser.o
LOAD .build/obj_datulab_keys_Lilith_6_default/lib/lufa/LUFA/Drivers/USB/Core/AVR8/Device_AVR8.o
LOAD .build/obj_datulab_keys_Lilith_6_default/lib/lufa/LUFA/Drivers/USB/Core/AVR8/EndpointStream_AVR8.o
LOAD .build/obj_datulab_keys_Lilith_6_default/lib/lufa/LUFA/Drivers/USB/Core/AVR8/Endpoint_AVR8.o
LOAD .build/obj_datulab_keys_Lilith_6_default/lib/lufa/LUFA/Drivers/USB/Core/AVR8/Host_AVR8.o
LOAD .build/obj_datulab_keys_Lilith_6_default/lib/lufa/LUFA/Drivers/USB/Core/AVR8/PipeStream_AVR8.o
LOAD .build/obj_datulab_keys_Lilith_6_default/lib/lufa/LUFA/Drivers/USB/Core/AVR8/Pipe_AVR8.o
LOAD .build/obj_datulab_keys_Lilith_6_default/lib/lufa/LUFA/Drivers/USB/Core/AVR8/USBController_AVR8.o
LOAD .build/obj_datulab_keys_Lilith_6_default/lib/lufa/LUFA/Drivers/USB/Core/AVR8/USBInterrupt_AVR8.o
LOAD .build/obj_datulab_keys_Lilith_6_default/lib/lufa/LUFA/Drivers/USB/Core/ConfigDescriptors.o
LOAD .build/obj_datulab_keys_Lilith_6_default/lib/lufa/LUFA/Drivers/USB/Core/DeviceStandardReq.o
LOAD .build/obj_datulab_keys_Lilith_6_default/lib/lufa/LUFA/Drivers/USB/Core/Events.o
LOAD .build/obj_datulab_keys_Lilith_6_default/lib/lufa/LUFA/Drivers/USB/Core/HostStandardReq.o
LOAD .build/obj_datulab_keys_Lilith_6_default/lib/lufa/LUFA/Drivers/USB/Core/USBTask.o
LOAD c:/qmk_msys/mingw64/bin/../lib/gcc/avr/8.4.0/../../../../avr/lib/avr5\libm.a
START GROUP
LOAD c:/qmk_msys/mingw64/bin/../lib/gcc/avr/8.4.0/avr5\libgcc.a
LOAD c:/qmk_msys/mingw64/bin/../lib/gcc/avr/8.4.0/../../../../avr/lib/avr5\libm.a
LOAD c:/qmk_msys/mingw64/bin/../lib/gcc/avr/8.4.0/../../../../avr/lib/avr5\libc.a
LOAD c:/qmk_msys/mingw64/bin/../lib/gcc/avr/8.4.0/../../../../avr/lib/avr5\libatmega32u4.a
END GROUP
                0x0000000000020000                __TEXT_REGION_LENGTH__ = DEFINED (__TEXT_REGION_LENGTH__)?__TEXT_REGION_LENGTH__:0x20000
                0x000000000000ffa0                __DATA_REGION_LENGTH__ = DEFINED (__DATA_REGION_LENGTH__)?__DATA_REGION_LENGTH__:0xffa0
                0x0000000000010000                __EEPROM_REGION_LENGTH__ = DEFINED (__EEPROM_REGION_LENGTH__)?__EEPROM_REGION_LENGTH__:0x10000
                0x0000000000000400                __FUSE_REGION_LENGTH__ = DEFINED (__FUSE_REGION_LENGTH__)?__FUSE_REGION_LENGTH__:0x400
                0x0000000000000400                __LOCK_REGION_LENGTH__ = DEFINED (__LOCK_REGION_LENGTH__)?__LOCK_REGION_LENGTH__:0x400
                0x0000000000000400                __SIGNATURE_REGION_LENGTH__ = DEFINED (__SIGNATURE_REGION_LENGTH__)?__SIGNATURE_REGION_LENGTH__:0x400
                0x0000000000000400                __USER_SIGNATURE_REGION_LENGTH__ = DEFINED (__USER_SIGNATURE_REGION_LENGTH__)?__USER_SIGNATURE_REGION_LENGTH__:0x400

.hash
 *(.hash)

.dynsym
 *(.dynsym)

.dynstr
 *(.dynstr)

.gnu.version
 *(.gnu.version)

.gnu.version_d
 *(.gnu.version_d)

.gnu.version_r
 *(.gnu.version_r)

.rel.init
 *(.rel.init)

.rela.init
 *(.rela.init)

.rel.text
 *(.rel.text)
 *(.rel.text.*)
 *(.rel.gnu.linkonce.t*)

.rela.text
 *(.rela.text)
 *(.rela.text.*)
 *(.rela.gnu.linkonce.t*)

.rel.fini
 *(.rel.fini)

.rela.fini
 *(.rela.fini)

.rel.rodata
 *(.rel.rodata)
 *(.rel.rodata.*)
 *(.rel.gnu.linkonce.r*)

.rela.rodata
 *(.rela.rodata)
 *(.rela.rodata.*)
 *(.rela.gnu.linkonce.r*)

.rel.data
 *(.rel.data)
 *(.rel.data.*)
 *(.rel.gnu.linkonce.d*)

.rela.data
 *(.rela.data)
 *(.rela.data.*)
 *(.rela.gnu.linkonce.d*)

.rel.ctors
 *(.rel.ctors)

.rela.ctors
 *(.rela.ctors)

.rel.dtors
 *(.rel.dtors)

.rela.dtors
 *(.rela.dtors)

.rel.got
 *(.rel.got)

.rela.got
 *(.rela.got)

.rel.bss
 *(.rel.bss)

.rela.bss
 *(.rela.bss)

.rel.plt
 *(.rel.plt)

.rela.plt
 *(.rela.plt)

.text           0x0000000000000000     0x4dc6
 *(.vectors)
 .vectors       0x0000000000000000       0xac c:/qmk_msys/mingw64/bin/../lib/gcc/avr/8.4.0/../../../../avr/lib/avr5/crtatmega32u4.o
                0x0000000000000000                __vector_default
                0x0000000000000000                __vectors
 *(.vectors)
 *(.progmem.gcc*)
                0x00000000000000ac                . = ALIGN (0x2)
                0x00000000000000ac                __trampolines_start = .
 *(.trampolines)
 .trampolines   0x00000000000000ac        0x0 linker stubs
 *(.trampolines*)
                0x00000000000000ac                __trampolines_end = .
 *libprintf_flt.a:*(.progmem.data)
 *libc.a:*(.progmem.data)
 *(.progmem.*)
 .progmem.data.ascii_to_dead_lut
                0x00000000000000ac       0x10 C:\Users\David\AppData\Local\Temp\ccTynlYZ.ltrans0.ltrans.o
 .progmem.data.ascii_to_altgr_lut
                0x00000000000000bc       0x10 C:\Users\David\AppData\Local\Temp\ccTynlYZ.ltrans0.ltrans.o
 .progmem.data.ascii_to_shift_lut
                0x00000000000000cc       0x10 C:\Users\David\AppData\Local\Temp\ccTynlYZ.ltrans0.ltrans.o
 .progmem.data.ascii_to_keycode_lut
                0x00000000000000dc       0x80 C:\Users\David\AppData\Local\Temp\ccTynlYZ.ltrans0.ltrans.o
 .progmem.data.fn_actions
                0x000000000000015c        0x0 C:\Users\David\AppData\Local\Temp\ccTynlYZ.ltrans0.ltrans.o
 .progmem.data.CIE1931_CURVE
                0x000000000000015c      0x100 C:\Users\David\AppData\Local\Temp\ccTynlYZ.ltrans0.ltrans.o
 .progmem.data.RGBLED_GRADIENT_RANGES
                0x000000000000025c        0x5 C:\Users\David\AppData\Local\Temp\ccTynlYZ.ltrans0.ltrans.o
 .progmem.data.rgblight_effect_breathe_table
                0x0000000000000261      0x100 C:\Users\David\AppData\Local\Temp\ccTynlYZ.ltrans0.ltrans.o
 .progmem.data.__c.4167
                0x0000000000000361        0xa C:\Users\David\AppData\Local\Temp\ccTynlYZ.ltrans0.ltrans.o
 .progmem.data.__c.4163
                0x000000000000036b        0xd C:\Users\David\AppData\Local\Temp\ccTynlYZ.ltrans0.ltrans.o
 .progmem.data.keymaps
                0x0000000000000378       0x18 C:\Users\David\AppData\Local\Temp\ccTynlYZ.ltrans0.ltrans.o
 .progmem.data.RGBLED_TWINKLE_INTERVALS
                0x0000000000000390        0x3 C:\Users\David\AppData\Local\Temp\ccTynlYZ.ltrans0.ltrans.o
 .progmem.data.RGBLED_RGBTEST_INTERVALS
                0x0000000000000393        0x2 C:\Users\David\AppData\Local\Temp\ccTynlYZ.ltrans0.ltrans.o
 .progmem.data.RGBLED_KNIGHT_INTERVALS
                0x0000000000000395        0x3 C:\Users\David\AppData\Local\Temp\ccTynlYZ.ltrans0.ltrans.o
 .progmem.data.RGBLED_SNAKE_INTERVALS
                0x0000000000000398        0x3 C:\Users\David\AppData\Local\Temp\ccTynlYZ.ltrans0.ltrans.o
 .progmem.data.RGBLED_RAINBOW_SWIRL_INTERVALS
                0x000000000000039b        0x3 C:\Users\David\AppData\Local\Temp\ccTynlYZ.ltrans0.ltrans.o
 .progmem.data.RGBLED_RAINBOW_MOOD_INTERVALS
                0x000000000000039e        0x3 C:\Users\David\AppData\Local\Temp\ccTynlYZ.ltrans0.ltrans.o
 .progmem.data.RGBLED_BREATHING_INTERVALS
                0x00000000000003a1        0x4 C:\Users\David\AppData\Local\Temp\ccTynlYZ.ltrans0.ltrans.o
 .progmem.data.SharedReport
                0x00000000000003a5       0x32 C:\Users\David\AppData\Local\Temp\ccTynlYZ.ltrans0.ltrans.o
 .progmem.data.KeyboardReport
                0x00000000000003d7       0x40 C:\Users\David\AppData\Local\Temp\ccTynlYZ.ltrans0.ltrans.o
 .progmem.data.ConfigurationDescriptor
                0x0000000000000417       0x9f C:\Users\David\AppData\Local\Temp\ccTynlYZ.ltrans0.ltrans.o
 .progmem.data.DeviceDescriptor
                0x00000000000004b6       0x12 C:\Users\David\AppData\Local\Temp\ccTynlYZ.ltrans0.ltrans.o
 .progmem.data.ProductString
                0x00000000000004c8       0x14 C:\Users\David\AppData\Local\Temp\ccTynlYZ.ltrans0.ltrans.o
 .progmem.data.ManufacturerString
                0x00000000000004dc       0x1c C:\Users\David\AppData\Local\Temp\ccTynlYZ.ltrans0.ltrans.o
 .progmem.data.LanguageString
                0x00000000000004f8        0x4 C:\Users\David\AppData\Local\Temp\ccTynlYZ.ltrans0.ltrans.o
                0x00000000000004fc                . = ALIGN (0x2)
 *(.lowtext)
 *(.lowtext*)
                0x00000000000004fc                __ctors_start = .
 *(.ctors)
                0x00000000000004fc                __ctors_end = .
                0x00000000000004fc                __dtors_start = .
 *(.dtors)
                0x00000000000004fc                __dtors_end = .
 SORT_BY_NAME(*)(.ctors)
 SORT_BY_NAME(*)(.dtors)
 *(.init0)
 .init0         0x00000000000004fc        0x0 c:/qmk_msys/mingw64/bin/../lib/gcc/avr/8.4.0/../../../../avr/lib/avr5/crtatmega32u4.o
                0x00000000000004fc                __init
 *(.init0)
 *(.init1)
 *(.init1)
 *(.init2)
 .init2         0x00000000000004fc        0xc c:/qmk_msys/mingw64/bin/../lib/gcc/avr/8.4.0/../../../../avr/lib/avr5/crtatmega32u4.o
 *(.init2)
 *(.init3)
 .init3         0x0000000000000508       0x54 C:\Users\David\AppData\Local\Temp\ccTynlYZ.ltrans0.ltrans.o
                0x0000000000000508                bootloader_jump_after_watchdog_reset
 *(.init3)
 *(.init4)
 .init4         0x000000000000055c       0x10 c:/qmk_msys/mingw64/bin/../lib/gcc/avr/8.4.0/avr5\libgcc.a(_clear_bss.o)
                0x000000000000055c                __do_clear_bss
 .init4         0x000000000000056c       0x16 c:/qmk_msys/mingw64/bin/../lib/gcc/avr/8.4.0/avr5\libgcc.a(_copy_data.o)
                0x000000000000056c                __do_copy_data
 *(.init4)
 *(.init5)
 *(.init5)
 *(.init6)
 *(.init6)
 *(.init7)
 *(.init7)
 *(.init8)
 *(.init8)
 *(.init9)
 .init9         0x0000000000000582        0x8 c:/qmk_msys/mingw64/bin/../lib/gcc/avr/8.4.0/../../../../avr/lib/avr5/crtatmega32u4.o
 *(.init9)
 *(.text)
 .text          0x000000000000058a        0x4 c:/qmk_msys/mingw64/bin/../lib/gcc/avr/8.4.0/../../../../avr/lib/avr5/crtatmega32u4.o
                0x000000000000058a                __vector_38
                0x000000000000058a                __vector_22
                0x000000000000058a                __vector_28
                0x000000000000058a                __vector_1
                0x000000000000058a                __vector_32
                0x000000000000058a                __vector_34
                0x000000000000058a                __vector_24
                0x000000000000058a                __bad_interrupt
                0x000000000000058a                __vector_6
                0x000000000000058a                __vector_31
                0x000000000000058a                __vector_35
                0x000000000000058a                __vector_39
                0x000000000000058a                __vector_3
                0x000000000000058a                __vector_23
                0x000000000000058a                __vector_30
                0x000000000000058a                __vector_25
                0x000000000000058a                __vector_13
                0x000000000000058a                __vector_19
                0x000000000000058a                __vector_7
                0x000000000000058a                __vector_41
                0x000000000000058a                __vector_27
                0x000000000000058a                __vector_5
                0x000000000000058a                __vector_33
                0x000000000000058a                __vector_37
                0x000000000000058a                __vector_4
                0x000000000000058a                __vector_9
                0x000000000000058a                __vector_2
                0x000000000000058a                __vector_15
                0x000000000000058a                __vector_36
                0x000000000000058a                __vector_29
                0x000000000000058a                __vector_40
                0x000000000000058a                __vector_8
                0x000000000000058a                __vector_26
                0x000000000000058a                __vector_14
                0x000000000000058a                __vector_16
                0x000000000000058a                __vector_18
                0x000000000000058a                __vector_42
                0x000000000000058e                . = ALIGN (0x2)
 *(.text.*)
 .text.midi_input_callbacks.constprop.33
                0x000000000000058e      0x1e4 C:\Users\David\AppData\Local\Temp\ccTynlYZ.ltrans0.ltrans.o
 .text.USB_Disable
                0x0000000000000772       0x3e C:\Users\David\AppData\Local\Temp\ccTynlYZ.ltrans0.ltrans.o
 .text.Endpoint_WaitUntilReady
                0x00000000000007b0       0x62 C:\Users\David\AppData\Local\Temp\ccTynlYZ.ltrans0.ltrans.o
 .text.Endpoint_Write_Stream_LE.constprop.3
                0x0000000000000812       0x54 C:\Users\David\AppData\Local\Temp\ccTynlYZ.ltrans0.ltrans.o
 .text.Endpoint_ClearStatusStage
                0x0000000000000866       0x3e C:\Users\David\AppData\Local\Temp\ccTynlYZ.ltrans0.ltrans.o
 .text.Endpoint_ConfigureEndpoint_Prv
                0x00000000000008a4       0x64 C:\Users\David\AppData\Local\Temp\ccTynlYZ.ltrans0.ltrans.o
 .text.USB_Init
                0x0000000000000908       0xc2 C:\Users\David\AppData\Local\Temp\ccTynlYZ.ltrans0.ltrans.o
 .text.Endpoint_Write_Control_Stream_LE
                0x00000000000009ca       0xbc C:\Users\David\AppData\Local\Temp\ccTynlYZ.ltrans0.ltrans.o
 .text.rgblight_effect_dummy
                0x0000000000000a86        0x2 C:\Users\David\AppData\Local\Temp\ccTynlYZ.ltrans0.ltrans.o
 .text.sendchar
                0x0000000000000a88        0x4 C:\Users\David\AppData\Local\Temp\ccTynlYZ.ltrans0.ltrans.o
 .text.fallthrough_callback
                0x0000000000000a8c        0x2 C:\Users\David\AppData\Local\Temp\ccTynlYZ.ltrans0.ltrans.o
 .text.cc_callback
                0x0000000000000a8e        0x2 C:\Users\David\AppData\Local\Temp\ccTynlYZ.ltrans0.ltrans.o
 .text.send_mouse
                0x0000000000000a90        0x2 C:\Users\David\AppData\Local\Temp\ccTynlYZ.ltrans0.ltrans.o
 .text.keyboard_leds
                0x0000000000000a92        0x6 C:\Users\David\AppData\Local\Temp\ccTynlYZ.ltrans0.ltrans.o
 .text.midi_packet_length
                0x0000000000000a98       0x46 C:\Users\David\AppData\Local\Temp\ccTynlYZ.ltrans0.ltrans.o
 .text.usb_send_func
                0x0000000000000ade       0xb6 C:\Users\David\AppData\Local\Temp\ccTynlYZ.ltrans0.ltrans.o
 .text.usb_get_midi
                0x0000000000000b94      0x158 C:\Users\David\AppData\Local\Temp\ccTynlYZ.ltrans0.ltrans.o
 .text.timer_read
                0x0000000000000cec       0x18 C:\Users\David\AppData\Local\Temp\ccTynlYZ.ltrans0.ltrans.o
 .text.clear_oneshot_mods
                0x0000000000000d04        0xc C:\Users\David\AppData\Local\Temp\ccTynlYZ.ltrans0.ltrans.o
 .text.send_keyboard_report
                0x0000000000000d10       0x5a C:\Users\David\AppData\Local\Temp\ccTynlYZ.ltrans0.ltrans.o
 .text.del_key  0x0000000000000d6a       0x1a C:\Users\David\AppData\Local\Temp\ccTynlYZ.ltrans0.ltrans.o
 .text.add_key  0x0000000000000d84       0x32 C:\Users\David\AppData\Local\Temp\ccTynlYZ.ltrans0.ltrans.o
 .text.read_source_layers_cache
                0x0000000000000db6       0x50 C:\Users\David\AppData\Local\Temp\ccTynlYZ.ltrans0.ltrans.o
 .text.update_source_layers_cache
                0x0000000000000e06       0x5a C:\Users\David\AppData\Local\Temp\ccTynlYZ.ltrans0.ltrans.o
 .text.debug_waiting_buffer
                0x0000000000000e60       0x14 C:\Users\David\AppData\Local\Temp\ccTynlYZ.ltrans0.ltrans.o
 .text.unregister_mods
                0x0000000000000e74       0x16 C:\Users\David\AppData\Local\Temp\ccTynlYZ.ltrans0.ltrans.o
 .text.register_mods
                0x0000000000000e8a       0x14 C:\Users\David\AppData\Local\Temp\ccTynlYZ.ltrans0.ltrans.o
 .text.host_consumer_send
                0x0000000000000e9e       0x2c C:\Users\David\AppData\Local\Temp\ccTynlYZ.ltrans0.ltrans.o
 .text.host_system_send
                0x0000000000000eca       0x2c C:\Users\David\AppData\Local\Temp\ccTynlYZ.ltrans0.ltrans.o
 .text.clear_keyboard_but_mods_and_keys
                0x0000000000000ef6       0x1c C:\Users\David\AppData\Local\Temp\ccTynlYZ.ltrans0.ltrans.o
 .text.layer_state_set
                0x0000000000000f12       0x14 C:\Users\David\AppData\Local\Temp\ccTynlYZ.ltrans0.ltrans.o
 .text.layer_off
                0x0000000000000f26       0x46 C:\Users\David\AppData\Local\Temp\ccTynlYZ.ltrans0.ltrans.o
 .text.clear_oneshot_layer_state
                0x0000000000000f6c       0x30 C:\Users\David\AppData\Local\Temp\ccTynlYZ.ltrans0.ltrans.o
 .text.layer_on
                0x0000000000000f9c       0x42 C:\Users\David\AppData\Local\Temp\ccTynlYZ.ltrans0.ltrans.o
 .text.default_layer_state_set
                0x0000000000000fde       0x14 C:\Users\David\AppData\Local\Temp\ccTynlYZ.ltrans0.ltrans.o
 .text.host_keyboard_leds
                0x0000000000000ff2       0x18 C:\Users\David\AppData\Local\Temp\ccTynlYZ.ltrans0.ltrans.o
 .text.unregister_code
                0x000000000000100a       0xac C:\Users\David\AppData\Local\Temp\ccTynlYZ.ltrans0.ltrans.o
 .text.backlight_set
                0x00000000000010b6       0xe0 C:\Users\David\AppData\Local\Temp\ccTynlYZ.ltrans0.ltrans.o
 .text.handleKeycodeRGB
                0x0000000000001196        0xa C:\Users\David\AppData\Local\Temp\ccTynlYZ.ltrans0.ltrans.o
 .text.rgblight_check_config
                0x00000000000011a0       0x2c C:\Users\David\AppData\Local\Temp\ccTynlYZ.ltrans0.ltrans.o
 .text.sethsv   0x00000000000011cc      0x132 C:\Users\David\AppData\Local\Temp\ccTynlYZ.ltrans0.ltrans.o
 .text.setPinInputHigh_atomic
                0x00000000000012fe       0x2e C:\Users\David\AppData\Local\Temp\ccTynlYZ.ltrans0.ltrans.o
 .text.mod_config
                0x000000000000132c       0x86 C:\Users\David\AppData\Local\Temp\ccTynlYZ.ltrans0.ltrans.o
 .text.action_for_key
                0x00000000000013b2      0x360 C:\Users\David\AppData\Local\Temp\ccTynlYZ.ltrans0.ltrans.o
 .text.layer_switch_get_layer
                0x0000000000001712       0x84 C:\Users\David\AppData\Local\Temp\ccTynlYZ.ltrans0.ltrans.o
 .text.layer_switch_get_action
                0x0000000000001796       0x14 C:\Users\David\AppData\Local\Temp\ccTynlYZ.ltrans0.ltrans.o
 .text.is_tap_key
                0x00000000000017aa       0x48 C:\Users\David\AppData\Local\Temp\ccTynlYZ.ltrans0.ltrans.o
 .text.send_extra
                0x00000000000017f2       0x66 C:\Users\David\AppData\Local\Temp\ccTynlYZ.ltrans0.ltrans.o
 .text.send_consumer
                0x0000000000001858        0x8 C:\Users\David\AppData\Local\Temp\ccTynlYZ.ltrans0.ltrans.o
 .text.send_system
                0x0000000000001860        0x8 C:\Users\David\AppData\Local\Temp\ccTynlYZ.ltrans0.ltrans.o
 .text.send_keyboard
                0x0000000000001868       0x5a C:\Users\David\AppData\Local\Temp\ccTynlYZ.ltrans0.ltrans.o
 .text.bootloader_jump
                0x00000000000018c2       0x48 C:\Users\David\AppData\Local\Temp\ccTynlYZ.ltrans0.ltrans.o
 .text.register_code
                0x000000000000190a      0x11e C:\Users\David\AppData\Local\Temp\ccTynlYZ.ltrans0.ltrans.o
 .text.tap_code
                0x0000000000001a28       0x3a C:\Users\David\AppData\Local\Temp\ccTynlYZ.ltrans0.ltrans.o
 .text.perform_space_cadet.constprop.38
                0x0000000000001a62       0xde C:\Users\David\AppData\Local\Temp\ccTynlYZ.ltrans0.ltrans.o
 .text.rgblight_set
                0x0000000000001b40       0x6a C:\Users\David\AppData\Local\Temp\ccTynlYZ.ltrans0.ltrans.o
 .text.rgblight_effect_twinkle
                0x0000000000001baa      0x15e C:\Users\David\AppData\Local\Temp\ccTynlYZ.ltrans0.ltrans.o
 .text.rgblight_effect_rainbow_swirl
                0x0000000000001d08       0x54 C:\Users\David\AppData\Local\Temp\ccTynlYZ.ltrans0.ltrans.o
 .text.rgblight_effect_snake
                0x0000000000001d5c       0xdc C:\Users\David\AppData\Local\Temp\ccTynlYZ.ltrans0.ltrans.o
 .text.rgblight_effect_knight
                0x0000000000001e38       0x9c C:\Users\David\AppData\Local\Temp\ccTynlYZ.ltrans0.ltrans.o
 .text.rgblight_effect_christmas
                0x0000000000001ed4      0x112 C:\Users\David\AppData\Local\Temp\ccTynlYZ.ltrans0.ltrans.o
 .text.rgblight_effect_alternating
                0x0000000000001fe6       0x72 C:\Users\David\AppData\Local\Temp\ccTynlYZ.ltrans0.ltrans.o
 .text.rgblight_setrgb
                0x0000000000002058       0x22 C:\Users\David\AppData\Local\Temp\ccTynlYZ.ltrans0.ltrans.o
 .text.rgblight_effect_rgbtest
                0x000000000000207a       0x7e C:\Users\David\AppData\Local\Temp\ccTynlYZ.ltrans0.ltrans.o
 .text.rgblight_sethsv_noeeprom_old
                0x00000000000020f8       0x34 C:\Users\David\AppData\Local\Temp\ccTynlYZ.ltrans0.ltrans.o
 .text.rgblight_effect_breathing
                0x000000000000212c       0x28 C:\Users\David\AppData\Local\Temp\ccTynlYZ.ltrans0.ltrans.o
 .text.rgblight_effect_rainbow_mood
                0x0000000000002154       0x20 C:\Users\David\AppData\Local\Temp\ccTynlYZ.ltrans0.ltrans.o
 .text.matrix_scan
                0x0000000000002174      0x140 C:\Users\David\AppData\Local\Temp\ccTynlYZ.ltrans0.ltrans.o
 .text.send_string_P
                0x00000000000022b4      0x162 C:\Users\David\AppData\Local\Temp\ccTynlYZ.ltrans0.ltrans.o
 .text.eeconfig_read_keymap
                0x0000000000002416       0x1c C:\Users\David\AppData\Local\Temp\ccTynlYZ.ltrans0.ltrans.o
 .text.eeconfig_is_enabled
                0x0000000000002432       0x16 C:\Users\David\AppData\Local\Temp\ccTynlYZ.ltrans0.ltrans.o
 .text.eeconfig_update_rgblight
                0x0000000000002448       0x24 C:\Users\David\AppData\Local\Temp\ccTynlYZ.ltrans0.ltrans.o
 .text.rgblight_sethsv_eeprom_helper
                0x000000000000246c      0x12a C:\Users\David\AppData\Local\Temp\ccTynlYZ.ltrans0.ltrans.o
 .text.rgblight_decrease_val
                0x0000000000002596       0x18 C:\Users\David\AppData\Local\Temp\ccTynlYZ.ltrans0.ltrans.o
 .text.rgblight_increase_val
                0x00000000000025ae       0x18 C:\Users\David\AppData\Local\Temp\ccTynlYZ.ltrans0.ltrans.o
 .text.rgblight_decrease_sat
                0x00000000000025c6       0x18 C:\Users\David\AppData\Local\Temp\ccTynlYZ.ltrans0.ltrans.o
 .text.rgblight_increase_sat
                0x00000000000025de       0x18 C:\Users\David\AppData\Local\Temp\ccTynlYZ.ltrans0.ltrans.o
 .text.rgblight_decrease_hue
                0x00000000000025f6       0x12 C:\Users\David\AppData\Local\Temp\ccTynlYZ.ltrans0.ltrans.o
 .text.rgblight_increase_hue
                0x0000000000002608       0x12 C:\Users\David\AppData\Local\Temp\ccTynlYZ.ltrans0.ltrans.o
 .text.rgblight_decrease_speed
                0x000000000000261a       0x22 C:\Users\David\AppData\Local\Temp\ccTynlYZ.ltrans0.ltrans.o
 .text.rgblight_increase_speed
                0x000000000000263c       0x22 C:\Users\David\AppData\Local\Temp\ccTynlYZ.ltrans0.ltrans.o
 .text.eeconfig_update_rgblight_default
                0x000000000000265e       0x20 C:\Users\David\AppData\Local\Temp\ccTynlYZ.ltrans0.ltrans.o
 .text.clear_keyboard
                0x000000000000267e       0x16 C:\Users\David\AppData\Local\Temp\ccTynlYZ.ltrans0.ltrans.o
 .text.USB_Device_ProcessControlRequest
                0x0000000000002694      0x586 C:\Users\David\AppData\Local\Temp\ccTynlYZ.ltrans0.ltrans.o
 .text.rgblight_timer_enable
                0x0000000000002c1a       0x2c C:\Users\David\AppData\Local\Temp\ccTynlYZ.ltrans0.ltrans.o
 .text.rgblight_mode_eeprom_helper
                0x0000000000002c46       0x76 C:\Users\David\AppData\Local\Temp\ccTynlYZ.ltrans0.ltrans.o
 .text.rgblight_mode
                0x0000000000002cbc        0x6 C:\Users\David\AppData\Local\Temp\ccTynlYZ.ltrans0.ltrans.o
 .text.eeconfig_init_quantum
                0x0000000000002cc2       0xf6 C:\Users\David\AppData\Local\Temp\ccTynlYZ.ltrans0.ltrans.o
 .text.backlight_init
                0x0000000000002db8       0x3c C:\Users\David\AppData\Local\Temp\ccTynlYZ.ltrans0.ltrans.o
 .text.rgblight_step_reverse
                0x0000000000002df4       0x12 C:\Users\David\AppData\Local\Temp\ccTynlYZ.ltrans0.ltrans.o
 .text.rgblight_step
                0x0000000000002e06       0x14 C:\Users\David\AppData\Local\Temp\ccTynlYZ.ltrans0.ltrans.o
 .text.handleKeycodeRGBMode
                0x0000000000002e1a       0x1a C:\Users\David\AppData\Local\Temp\ccTynlYZ.ltrans0.ltrans.o
 .text.process_record
                0x0000000000002e34      0xc30 C:\Users\David\AppData\Local\Temp\ccTynlYZ.ltrans0.ltrans.o
 .text.waiting_buffer_scan_tap
                0x0000000000003a64       0xac C:\Users\David\AppData\Local\Temp\ccTynlYZ.ltrans0.ltrans.o
 .text.process_tapping
                0x0000000000003b10      0x314 C:\Users\David\AppData\Local\Temp\ccTynlYZ.ltrans0.ltrans.o
 .text.action_exec
                0x0000000000003e24      0x120 C:\Users\David\AppData\Local\Temp\ccTynlYZ.ltrans0.ltrans.o
 .text.__vector_11
                0x0000000000003f44       0x88 C:\Users\David\AppData\Local\Temp\ccTynlYZ.ltrans0.ltrans.o
                0x0000000000003f44                __vector_11
 .text.__vector_10
                0x0000000000003fcc      0x1ae C:\Users\David\AppData\Local\Temp\ccTynlYZ.ltrans0.ltrans.o
                0x0000000000003fcc                __vector_10
 .text.startup.main
                0x000000000000417a      0x822 C:\Users\David\AppData\Local\Temp\ccTynlYZ.ltrans0.ltrans.o
                0x000000000000417a                main
 .text.__vector_21
                0x000000000000499c       0x48 C:\Users\David\AppData\Local\Temp\ccTynlYZ.ltrans0.ltrans.o
                0x000000000000499c                __vector_21
 .text.__vector_12
                0x00000000000049e4       0x4e C:\Users\David\AppData\Local\Temp\ccTynlYZ.ltrans0.ltrans.o
                0x00000000000049e4                __vector_12
 .text.__vector_20
                0x0000000000004a32       0x26 C:\Users\David\AppData\Local\Temp\ccTynlYZ.ltrans0.ltrans.o
                0x0000000000004a32                __vector_20
 .text.__vector_17
                0x0000000000004a58        0x4 C:\Users\David\AppData\Local\Temp\ccTynlYZ.ltrans0.ltrans.o
                0x0000000000004a58                __vector_17
 .text.libgcc.mul
                0x0000000000004a5c       0x20 c:/qmk_msys/mingw64/bin/../lib/gcc/avr/8.4.0/avr5\libgcc.a(_mulsi3.o)
                0x0000000000004a5c                __mulsi3
 .text.libgcc.div
                0x0000000000004a7c       0x18 c:/qmk_msys/mingw64/bin/../lib/gcc/avr/8.4.0/avr5\libgcc.a(_udivmodqi4.o)
                0x0000000000004a7c                __udivmodqi4
 .text.libgcc.div
                0x0000000000004a94       0x1c c:/qmk_msys/mingw64/bin/../lib/gcc/avr/8.4.0/avr5\libgcc.a(_divmodqi4.o)
                0x0000000000004a94                __divmodqi4
 .text.libgcc.div
                0x0000000000004ab0       0x28 c:/qmk_msys/mingw64/bin/../lib/gcc/avr/8.4.0/avr5\libgcc.a(_udivmodhi4.o)
                0x0000000000004ab0                __udivmodhi4
 .text.libgcc.div
                0x0000000000004ad8       0x28 c:/qmk_msys/mingw64/bin/../lib/gcc/avr/8.4.0/avr5\libgcc.a(_divmodhi4.o)
                0x0000000000004ad8                _div
                0x0000000000004ad8                __divmodhi4
 .text.libgcc   0x0000000000004b00        0xc c:/qmk_msys/mingw64/bin/../lib/gcc/avr/8.4.0/avr5\libgcc.a(_tablejump2.o)
                0x0000000000004b00                __tablejump2__
 .text.libgcc.mul
                0x0000000000004b0c       0x10 c:/qmk_msys/mingw64/bin/../lib/gcc/avr/8.4.0/avr5\libgcc.a(_mulhisi3.o)
                0x0000000000004b0c                __mulhisi3
 .text.libgcc.mul
                0x0000000000004b1c        0xe c:/qmk_msys/mingw64/bin/../lib/gcc/avr/8.4.0/avr5\libgcc.a(_usmulhisi3.o)
                0x0000000000004b1c                __usmulhisi3
                0x0000000000004b20                __usmulhisi3_tail
 .text.avr-libc
                0x0000000000004b2a       0xb8 c:/qmk_msys/mingw64/bin/../lib/gcc/avr/8.4.0/../../../../avr/lib/avr5\libc.a(rand.o)
                0x0000000000004bbc                rand_r
                0x0000000000004bc2                rand
                0x0000000000004bcc                srand
 .text.avr-libc
                0x0000000000004be2       0x1a c:/qmk_msys/mingw64/bin/../lib/gcc/avr/8.4.0/../../../../avr/lib/avr5\libc.a(memchr.o)
                0x0000000000004be2                memchr
 .text.avr-libc
                0x0000000000004bfc       0x10 c:/qmk_msys/mingw64/bin/../lib/gcc/avr/8.4.0/../../../../avr/lib/avr5\libatmega32u4.a(eerd_byte.o)
                0x0000000000004bfc                eeprom_read_byte
 .text.avr-libc
                0x0000000000004c0c        0xc c:/qmk_msys/mingw64/bin/../lib/gcc/avr/8.4.0/../../../../avr/lib/avr5\libatmega32u4.a(eerd_dword.o)
                0x0000000000004c0c                eeprom_read_float
                0x0000000000004c0c                eeprom_read_dword
 .text.avr-libc
                0x0000000000004c18        0xc c:/qmk_msys/mingw64/bin/../lib/gcc/avr/8.4.0/../../../../avr/lib/avr5\libatmega32u4.a(eerd_word.o)
                0x0000000000004c18                eeprom_read_word
 .text.avr-libc
                0x0000000000004c24       0x24 c:/qmk_msys/mingw64/bin/../lib/gcc/avr/8.4.0/../../../../avr/lib/avr5\libatmega32u4.a(eeupd_byte.o)
                0x0000000000004c24                eeprom_update_byte
                0x0000000000004c26                eeprom_update_r18
 .text.avr-libc
                0x0000000000004c48       0x18 c:/qmk_msys/mingw64/bin/../lib/gcc/avr/8.4.0/../../../../avr/lib/avr5\libatmega32u4.a(eeupd_dword.o)
                0x0000000000004c48                eeprom_update_float
                0x0000000000004c48                eeprom_update_dword
 .text.avr-libc
                0x0000000000004c60        0xc c:/qmk_msys/mingw64/bin/../lib/gcc/avr/8.4.0/../../../../avr/lib/avr5\libatmega32u4.a(eeupd_word.o)
                0x0000000000004c60                eeprom_update_word
 .text.avr-libc
                0x0000000000004c6c       0x20 c:/qmk_msys/mingw64/bin/../lib/gcc/avr/8.4.0/../../../../avr/lib/avr5\libatmega32u4.a(eerd_block.o)
                0x0000000000004c6c                eeprom_read_block
                0x0000000000004c70                eeprom_read_blraw
 .text.libgcc.div
                0x0000000000004c8c       0x2e c:/qmk_msys/mingw64/bin/../lib/gcc/avr/8.4.0/avr5\libgcc.a(_divmodsi4.o)
                0x0000000000004c8c                __divmodsi4
 .text.libgcc.div
                0x0000000000004cba       0x10 c:/qmk_msys/mingw64/bin/../lib/gcc/avr/8.4.0/avr5\libgcc.a(_negsi2.o)
                0x0000000000004cba                __negsi2
 .text.libgcc.mul
                0x0000000000004cca       0x16 c:/qmk_msys/mingw64/bin/../lib/gcc/avr/8.4.0/avr5\libgcc.a(_muluhisi3.o)
                0x0000000000004cca                __muluhisi3
 .text.libgcc.mul
                0x0000000000004ce0       0x10 c:/qmk_msys/mingw64/bin/../lib/gcc/avr/8.4.0/avr5\libgcc.a(_mulshisi3.o)
                0x0000000000004ce0                __mulshisi3
                0x0000000000004ce6                __mulohisi3
 .text.libgcc.div
                0x0000000000004cf0       0x44 c:/qmk_msys/mingw64/bin/../lib/gcc/avr/8.4.0/avr5\libgcc.a(_udivmodsi4.o)
                0x0000000000004cf0                __udivmodsi4
 .text.libgcc.mul
                0x0000000000004d34       0x1e c:/qmk_msys/mingw64/bin/../lib/gcc/avr/8.4.0/avr5\libgcc.a(_umulhisi3.o)
                0x0000000000004d34                __umulhisi3
                0x0000000000004d52                . = ALIGN (0x2)
 *(.fini9)
 .fini9         0x0000000000004d52        0x0 c:/qmk_msys/mingw64/bin/../lib/gcc/avr/8.4.0/avr5\libgcc.a(_exit.o)
                0x0000000000004d52                _exit
                0x0000000000004d52                exit
 *(.fini9)
 *(.fini8)
 *(.fini8)
 *(.fini7)
 *(.fini7)
 *(.fini6)
 *(.fini6)
 *(.fini5)
 *(.fini5)
 *(.fini4)
 *(.fini4)
 *(.fini3)
 *(.fini3)
 *(.fini2)
 *(.fini2)
 *(.fini1)
 *(.fini1)
 *(.fini0)
 .fini0         0x0000000000004d52        0x4 c:/qmk_msys/mingw64/bin/../lib/gcc/avr/8.4.0/avr5\libgcc.a(_exit.o)
 *(.fini0)
 *(.hightext)
 *(.hightext*)
 *(.progmemx.*)
                0x0000000000004d56                . = ALIGN (0x2)
 *(.jumptables)
 *(.jumptables*)
 .jumptables.gcc.is_tap_key
                0x0000000000004d56       0x1c C:\Users\David\AppData\Local\Temp\ccTynlYZ.ltrans0.ltrans.o
 .jumptables.gcc.USB_Device_ProcessControlRequest
                0x0000000000004d72       0x14 C:\Users\David\AppData\Local\Temp\ccTynlYZ.ltrans0.ltrans.o
 .jumptables.gcc.process_record
                0x0000000000004d86       0x40 C:\Users\David\AppData\Local\Temp\ccTynlYZ.ltrans0.ltrans.o
                0x0000000000004dc6                _etext = .

.data           0x0000000000800100       0x9a load address 0x0000000000004dc6
                0x0000000000800100                PROVIDE (__data_start = .)
 *(.data)
 .data          0x0000000000800100        0x4 c:/qmk_msys/mingw64/bin/../lib/gcc/avr/8.4.0/../../../../avr/lib/avr5\libc.a(rand.o)
 *(.data*)
 .data.static_effect_table
                0x0000000000800104        0xb C:\Users\David\AppData\Local\Temp\ccTynlYZ.ltrans0.ltrans.o
 .data.increment.3454
                0x000000000080010f        0x1 C:\Users\David\AppData\Local\Temp\ccTynlYZ.ltrans0.ltrans.o
 .data.high_bound.3453
                0x0000000000800110        0x1 C:\Users\David\AppData\Local\Temp\ccTynlYZ.ltrans0.ltrans.o
 .data.increment.3466
                0x0000000000800111        0x1 C:\Users\David\AppData\Local\Temp\ccTynlYZ.ltrans0.ltrans.o
 .data.USB_MIDI_Interface
                0x0000000000800112        0xc C:\Users\David\AppData\Local\Temp\ccTynlYZ.ltrans0.ltrans.o
 .data.lufa_driver
                0x000000000080011e        0xa C:\Users\David\AppData\Local\Temp\ccTynlYZ.ltrans0.ltrans.o
 .data.keyboard_protocol
                0x0000000000800128        0x1 C:\Users\David\AppData\Local\Temp\ccTynlYZ.ltrans0.ltrans.o
 *(.gnu.linkonce.d*)
 *(.rodata)
 *(.rodata*)
 .rodata.mode_base_table
                0x0000000000800129       0x2b C:\Users\David\AppData\Local\Temp\ccTynlYZ.ltrans0.ltrans.o
 .rodata.CSWTCH.0
                0x0000000000800154        0x3 C:\Users\David\AppData\Local\Temp\ccTynlYZ.ltrans0.ltrans.o
 .rodata.CSWTCH.1
                0x0000000000800157       0x2e C:\Users\David\AppData\Local\Temp\ccTynlYZ.ltrans0.ltrans.o
 .rodata.CSWTCH.8
                0x0000000000800185        0xf C:\Users\David\AppData\Local\Temp\ccTynlYZ.ltrans0.ltrans.o
 .rodata.row_pins
                0x0000000000800194        0x2 C:\Users\David\AppData\Local\Temp\ccTynlYZ.ltrans0.ltrans.o
 .rodata.col_pins
                0x0000000000800196        0x3 C:\Users\David\AppData\Local\Temp\ccTynlYZ.ltrans0.ltrans.o
 *(.gnu.linkonce.r*)
                0x000000000080019a                . = ALIGN (0x2)
 *fill*         0x0000000000800199        0x1 
                0x000000000080019a                _edata = .
                0x000000000080019a                PROVIDE (__data_end = .)

.bss            0x000000000080019a      0x1b8
                0x000000000080019a                PROVIDE (__bss_start = .)
 *(.bss)
 .bss           0x000000000080019a        0x2 .build/obj_datulab_keys_Lilith_6_default/common/avr/xprintf.o
                0x000000000080019a                xfunc_out
 *(.bss*)
 .bss.__compound_literal.0
                0x000000000080019c        0x8 C:\Users\David\AppData\Local\Temp\ccTynlYZ.ltrans0.ltrans.o
 .bss.debouncing_time
                0x00000000008001a4        0x2 C:\Users\David\AppData\Local\Temp\ccTynlYZ.ltrans0.ltrans.o
 .bss.debouncing
                0x00000000008001a6        0x1 C:\Users\David\AppData\Local\Temp\ccTynlYZ.ltrans0.ltrans.o
 .bss.pos.3436  0x00000000008001a7        0x1 C:\Users\David\AppData\Local\Temp\ccTynlYZ.ltrans0.ltrans.o
 .bss.low_bound.3452
                0x00000000008001a8        0x1 C:\Users\David\AppData\Local\Temp\ccTynlYZ.ltrans0.ltrans.o
 .bss.maxval.3481
                0x00000000008001a9        0x1 C:\Users\David\AppData\Local\Temp\ccTynlYZ.ltrans0.ltrans.o
 .bss.led       0x00000000008001aa       0x12 C:\Users\David\AppData\Local\Temp\ccTynlYZ.ltrans0.ltrans.o
 .bss.led_twinkle_state
                0x00000000008001bc       0x1e C:\Users\David\AppData\Local\Temp\ccTynlYZ.ltrans0.ltrans.o
 .bss.last_system_report
                0x00000000008001da        0x2 C:\Users\David\AppData\Local\Temp\ccTynlYZ.ltrans0.ltrans.o
 .bss.last_consumer_report
                0x00000000008001dc        0x2 C:\Users\David\AppData\Local\Temp\ccTynlYZ.ltrans0.ltrans.o
 .bss.backlight_config
                0x00000000008001de        0x1 C:\Users\David\AppData\Local\Temp\ccTynlYZ.ltrans0.ltrans.o
 .bss.grave_esc_was_shifted
                0x00000000008001df        0x1 C:\Users\David\AppData\Local\Temp\ccTynlYZ.ltrans0.ltrans.o
 .bss.tapping_key
                0x00000000008001e0        0x6 C:\Users\David\AppData\Local\Temp\ccTynlYZ.ltrans0.ltrans.o
 .bss.waiting_buffer_head
                0x00000000008001e6        0x1 C:\Users\David\AppData\Local\Temp\ccTynlYZ.ltrans0.ltrans.o
 .bss.waiting_buffer
                0x00000000008001e7       0x30 C:\Users\David\AppData\Local\Temp\ccTynlYZ.ltrans0.ltrans.o
 .bss.waiting_buffer_tail
                0x0000000000800217        0x1 C:\Users\David\AppData\Local\Temp\ccTynlYZ.ltrans0.ltrans.o
 .bss.source_layers_cache
                0x0000000000800218        0x5 C:\Users\David\AppData\Local\Temp\ccTynlYZ.ltrans0.ltrans.o
 .bss.oneshot_layer_data
                0x000000000080021d        0x1 C:\Users\David\AppData\Local\Temp\ccTynlYZ.ltrans0.ltrans.o
 .bss.macro_mods
                0x000000000080021e        0x1 C:\Users\David\AppData\Local\Temp\ccTynlYZ.ltrans0.ltrans.o
 .bss.weak_mods
                0x000000000080021f        0x1 C:\Users\David\AppData\Local\Temp\ccTynlYZ.ltrans0.ltrans.o
 .bss.real_mods
                0x0000000000800220        0x1 C:\Users\David\AppData\Local\Temp\ccTynlYZ.ltrans0.ltrans.o
 .bss.oneshot_mods
                0x0000000000800221        0x1 C:\Users\David\AppData\Local\Temp\ccTynlYZ.ltrans0.ltrans.o
 .bss.default_layer_state
                0x0000000000800222        0x4 C:\Users\David\AppData\Local\Temp\ccTynlYZ.ltrans0.ltrans.o
 .bss.raw_matrix
                0x0000000000800226        0x2 C:\Users\David\AppData\Local\Temp\ccTynlYZ.ltrans0.ltrans.o
 .bss.layer_state
                0x0000000000800228        0x4 C:\Users\David\AppData\Local\Temp\ccTynlYZ.ltrans0.ltrans.o
 .bss.keymap_config
                0x000000000080022c        0x2 C:\Users\David\AppData\Local\Temp\ccTynlYZ.ltrans0.ltrans.o
 .bss.is_rgblight_initialized
                0x000000000080022e        0x1 C:\Users\David\AppData\Local\Temp\ccTynlYZ.ltrans0.ltrans.o
 .bss.driver    0x000000000080022f        0x2 C:\Users\David\AppData\Local\Temp\ccTynlYZ.ltrans0.ltrans.o
 .bss.wdt_timeout
                0x0000000000800231        0x1 C:\Users\David\AppData\Local\Temp\ccTynlYZ.ltrans0.ltrans.o
 .bss.pre_suspend_enabled
                0x0000000000800232        0x1 C:\Users\David\AppData\Local\Temp\ccTynlYZ.ltrans0.ltrans.o
 .bss.is_suspended
                0x0000000000800233        0x1 C:\Users\David\AppData\Local\Temp\ccTynlYZ.ltrans0.ltrans.o
 .bss.matrix    0x0000000000800234        0x2 C:\Users\David\AppData\Local\Temp\ccTynlYZ.ltrans0.ltrans.o
 .bss.animation_status
                0x0000000000800236        0x6 C:\Users\David\AppData\Local\Temp\ccTynlYZ.ltrans0.ltrans.o
 .bss.rgblight_config
                0x000000000080023c        0x5 C:\Users\David\AppData\Local\Temp\ccTynlYZ.ltrans0.ltrans.o
 .bss.rgblight_status
                0x0000000000800241        0x2 C:\Users\David\AppData\Local\Temp\ccTynlYZ.ltrans0.ltrans.o
 .bss.led_status.4243
                0x0000000000800243        0x1 C:\Users\David\AppData\Local\Temp\ccTynlYZ.ltrans0.ltrans.o
 .bss.debug_config
                0x0000000000800244        0x1 C:\Users\David\AppData\Local\Temp\ccTynlYZ.ltrans0.ltrans.o
 .bss.matrix_prev.4242
                0x0000000000800245        0x2 C:\Users\David\AppData\Local\Temp\ccTynlYZ.ltrans0.ltrans.o
 .bss.USB_IsInitialized
                0x0000000000800247        0x1 C:\Users\David\AppData\Local\Temp\ccTynlYZ.ltrans0.ltrans.o
 .bss.keyboard_idle
                0x0000000000800248        0x1 C:\Users\David\AppData\Local\Temp\ccTynlYZ.ltrans0.ltrans.o
 .bss.keyboard_led_state
                0x0000000000800249        0x1 C:\Users\David\AppData\Local\Temp\ccTynlYZ.ltrans0.ltrans.o
 .bss.keyboard_report_sent
                0x000000000080024a        0x8 C:\Users\David\AppData\Local\Temp\ccTynlYZ.ltrans0.ltrans.o
 .bss.USB_Device_CurrentlySelfPowered
                0x0000000000800252        0x1 C:\Users\David\AppData\Local\Temp\ccTynlYZ.ltrans0.ltrans.o
 .bss.USB_Device_RemoteWakeupEnabled
                0x0000000000800253        0x1 C:\Users\David\AppData\Local\Temp\ccTynlYZ.ltrans0.ltrans.o
 .bss.USB_DeviceState
                0x0000000000800254        0x1 C:\Users\David\AppData\Local\Temp\ccTynlYZ.ltrans0.ltrans.o
 .bss.USB_Device_ConfigurationNumber
                0x0000000000800255        0x1 C:\Users\David\AppData\Local\Temp\ccTynlYZ.ltrans0.ltrans.o
 .bss.USB_ControlRequest
                0x0000000000800256        0x8 C:\Users\David\AppData\Local\Temp\ccTynlYZ.ltrans0.ltrans.o
 .bss.midi_device
                0x000000000080025e       0xed C:\Users\David\AppData\Local\Temp\ccTynlYZ.ltrans0.ltrans.o
 .bss.timer_count
                0x000000000080034b        0x4 C:\Users\David\AppData\Local\Temp\ccTynlYZ.ltrans0.ltrans.o
 .bss.sc_timer  0x000000000080034f        0x2 C:\Users\David\AppData\Local\Temp\ccTynlYZ.ltrans0.ltrans.o
 .bss.sc_last   0x0000000000800351        0x1 C:\Users\David\AppData\Local\Temp\ccTynlYZ.ltrans0.ltrans.o
 *(COMMON)
                0x0000000000800352                PROVIDE (__bss_end = .)
                0x0000000000004dc6                __data_load_start = LOADADDR (.data)
                0x0000000000004e60                __data_load_end = (__data_load_start + SIZEOF (.data))

.noinit         0x0000000000800352        0x4
                [!provide]                        PROVIDE (__noinit_start = .)
 *(.noinit*)
 .noinit        0x0000000000800352        0x4 C:\Users\David\AppData\Local\Temp\ccTynlYZ.ltrans0.ltrans.o
                [!provide]                        PROVIDE (__noinit_end = .)
                0x0000000000800356                _end = .
                [!provide]                        PROVIDE (__heap_start = .)

.eeprom         0x0000000000810000        0x0
 *(.eeprom*)
                0x0000000000810000                __eeprom_end = .

.fuse
 *(.fuse)
 *(.lfuse)
 *(.hfuse)
 *(.efuse)

.lock
 *(.lock*)

.signature
 *(.signature*)

.stab           0x0000000000000000       0x24
 *(.stab)
 .stab          0x0000000000000000       0x24 .build/obj_datulab_keys_Lilith_6_default/common/avr/xprintf.o
                                        0x8b8 (size before relaxing)

.stabstr        0x0000000000000000       0x8a
 *(.stabstr)
 .stabstr       0x0000000000000000       0x8a .build/obj_datulab_keys_Lilith_6_default/common/avr/xprintf.o

.stab.excl
 *(.stab.excl)

.stab.exclstr
 *(.stab.exclstr)

.stab.index
 *(.stab.index)

.stab.indexstr
 *(.stab.indexstr)

.comment        0x0000000000000000       0x11
 *(.comment)
 .comment       0x0000000000000000       0x12 C:\Users\David\AppData\Local\Temp\ccTynlYZ.ltrans0.ltrans.o
 .comment       0x0000000000000000       0x11 c:/qmk_msys/mingw64/bin/../lib/gcc/avr/8.4.0/../../../../avr/lib/avr5\libc.a(rand.o)
                                         0x12 (size before relaxing)

.note.gnu.avr.deviceinfo
                0x0000000000000000       0x40
 .note.gnu.avr.deviceinfo
                0x0000000000000000       0x40 c:/qmk_msys/mingw64/bin/../lib/gcc/avr/8.4.0/../../../../avr/lib/avr5/crtatmega32u4.o

.note.gnu.build-id
 *(.note.gnu.build-id)

.debug
 *(.debug)

.line
 *(.line)

.debug_srcinfo
 *(.debug_srcinfo)

.debug_sfnames
 *(.debug_sfnames)

.debug_aranges  0x0000000000000000      0x358
 *(.debug_aranges)
 .debug_aranges
                0x0000000000000000      0x358 C:\Users\David\AppData\Local\Temp\ccTynlYZ.ltrans0.ltrans.o

.debug_pubnames
 *(.debug_pubnames)

.debug_info     0x0000000000000000    0x2f269
 *(.debug_info .gnu.linkonce.wi.*)
 .debug_info    0x0000000000000000      0x9f4 c:/qmk_msys/mingw64/bin/../lib/gcc/avr/8.4.0/../../../../avr/lib/avr5/crtatmega32u4.o
 .debug_info    0x00000000000009f4    0x252cf C:\Users\David\AppData\Local\Temp\ccLHuvCQdebugobj
                0x00000000000009f4                Lilith_6.c.bef2fbc0
                0x000000000000138d                keymap.c.6417fced
                0x0000000000002a85                quantum.c.18687673
                0x0000000000004425                send_string.c.998f10d7
                0x0000000000005268                bitwise.c.ba323801
                0x0000000000005431                led.c.c25fc081
                0x0000000000005c33                keymap_common.c.e63d7d82
                0x0000000000007beb                keycode_config.c.c5df7508
                0x00000000000081f1                matrix_common.c.cff07852
                0x0000000000008a53                matrix.c.2711d9cf
                0x00000000000092b8                sym_defer_g.c.728b0d09
                0x000000000000998f                process_midi.c.cdadab54
                0x000000000000a4ac                process_music.c.3199fe90
                0x000000000000aae9                color.c.3f8f7b82
                0x000000000000ad08                rgblight.c.fcf7f868
                0x000000000000c486                process_rgb.c.f8051a16
                0x000000000000dcff                backlight.c.19395445
                0x000000000000e4a4                process_backlight.c.e8294b58
                0x000000000000f6ef                backlight_driver_common.c.5ff2c042
                0x000000000000fd98                backlight_avr.c.e2419ff7
                0x000000000001047a                ws2812.c.737083d5
                0x0000000000010637                led_tables.c.7a8dc893
                0x00000000000106c4                process_space_cadet.c.586c5a5b
                0x0000000000011d8f                process_magic.c.f178a905
                0x0000000000012fda                process_grave_esc.c.df999e09
                0x000000000001469e                host.c.229f973a
                0x0000000000014af4                keyboard.c.036b28e5
                0x00000000000153f4                action.c.e0a39281
                0x0000000000016780                action_tapping.c.f8105252
                0x00000000000172e3                action_macro.c.40e1898b
                0x0000000000017a37                action_layer.c.63a2b03d
                0x0000000000018252                action_util.c.3573db1a
                0x0000000000018962                debug.c.7aee8fcb
                0x0000000000018a6c                sendchar_null.c.d9adec02
                0x0000000000018af3                eeconfig.c.71731f2d
                0x0000000000018d73                report.c.0e7ff382
                0x00000000000195b4                suspend.c.68c46fab
                0x0000000000019d36                timer.c.4b84f958
                0x0000000000019f3f                sync_timer.c.8aac18f6
                0x0000000000019fbb                bootloader.c.eed4c790
                0x000000000001a2ae                printf.c.289fe1f1
                0x000000000001a375                bootmagic_lite.c.34448fd2
                0x000000000001aa2d                magic.c.37e2fea7
                0x000000000001acf8                midi.c.cf419b84
                0x000000000001b720                midi_device.c.98ddd980
                0x000000000001bcbf                bytequeue.c.0bfdef59
                0x000000000001be99                interrupt_setting.c.9fda9bae
                0x000000000001bf3d                sysex_tools.c.b1951c5c
                0x000000000001c165                qmk_midi.c.2a5a25a6
                0x000000000001ce3d                AudioClassDevice.c.46d72634
                0x000000000001d422                CCIDClassDevice.c.315fffdd
                0x000000000001dd8e                CDCClassDevice.c.9689eddd
                0x000000000001e6e3                HIDClassDevice.c.9a07549c
                0x000000000001ecb0                MassStorageClassDevice.c.9d788f3f
                0x000000000001f315                MIDIClassDevice.c.c0bc29ff
                0x000000000001f868                PrinterClassDevice.c.f1e9a102
                0x000000000002000c                RNDISClassDevice.c.c7ed3abc
                0x0000000000020dc1                AndroidAccessoryClassHost.c.8f0afcea
                0x0000000000020e17                AudioClassHost.c.592303ab
                0x0000000000020e6d                CDCClassHost.c.7a433675
                0x0000000000020ec3                HIDClassHost.c.a6951364
                0x0000000000020f19                MassStorageClassHost.c.c31efeeb
                0x0000000000020f6f                MIDIClassHost.c.988e1915
                0x0000000000020fc5                PrinterClassHost.c.4997d973
                0x000000000002101b                RNDISClassHost.c.509c945f
                0x0000000000021071                StillImageClassHost.c.077a944f
                0x00000000000210c7                lufa.c.63f75170
                0x000000000002242f                usb_descriptor.c.7c1259d3
                0x000000000002321d                HIDParser.c.e0117fd6
                0x000000000002388c                Device_AVR8.c.133dea19
                0x00000000000239ec                EndpointStream_AVR8.c.aa477c50
                0x00000000000244ff                Endpoint_AVR8.c.60d6972b
                0x000000000002492f                Host_AVR8.c.20fe163d
                0x0000000000024985                PipeStream_AVR8.c.12f50db4
                0x00000000000249db                Pipe_AVR8.c.2fa13bb1
                0x0000000000024a31                USBController_AVR8.c.f8cc6a07
                0x0000000000024d4e                USBInterrupt_AVR8.c.12fe343f
                0x00000000000250d7                ConfigDescriptors.c.0c2c4199
                0x0000000000025431                DeviceStandardReq.c.21e3e66f
                0x00000000000259cd                Events.c.3b5aeb45
                0x0000000000025a7d                HostStandardReq.c.7ad10f0c
                0x0000000000025ad3                USBTask.c.11bcc19f
 .debug_info    0x0000000000025cc3     0x95a6 C:\Users\David\AppData\Local\Temp\ccTynlYZ.ltrans0.ltrans.o

.debug_abbrev   0x0000000000000000     0x7f1e
 *(.debug_abbrev)
 .debug_abbrev  0x0000000000000000      0x96a c:/qmk_msys/mingw64/bin/../lib/gcc/avr/8.4.0/../../../../avr/lib/avr5/crtatmega32u4.o
 .debug_abbrev  0x000000000000096a     0x720f C:\Users\David\AppData\Local\Temp\ccLHuvCQdebugobj
 .debug_abbrev  0x0000000000007b79      0x3a5 C:\Users\David\AppData\Local\Temp\ccTynlYZ.ltrans0.ltrans.o

.debug_line     0x0000000000000000    0x135bf
 *(.debug_line .debug_line.* .debug_line_end)
 .debug_line    0x0000000000000000       0x1d c:/qmk_msys/mingw64/bin/../lib/gcc/avr/8.4.0/../../../../avr/lib/avr5/crtatmega32u4.o
 .debug_line    0x000000000000001d     0x6548 C:\Users\David\AppData\Local\Temp\ccLHuvCQdebugobj
 .debug_line    0x0000000000006565     0xd05a C:\Users\David\AppData\Local\Temp\ccTynlYZ.ltrans0.ltrans.o

.debug_frame    0x0000000000000000      0xc20
 *(.debug_frame)
 .debug_frame   0x0000000000000000      0xc20 C:\Users\David\AppData\Local\Temp\ccTynlYZ.ltrans0.ltrans.o

.debug_str      0x0000000000000000     0xaa02
 *(.debug_str)
 .debug_str     0x0000000000000000      0x371 c:/qmk_msys/mingw64/bin/../lib/gcc/avr/8.4.0/../../../../avr/lib/avr5/crtatmega32u4.o
 .debug_str     0x0000000000000371     0xa57c C:\Users\David\AppData\Local\Temp\ccLHuvCQdebugobj
                                      0x2abdc (size before relaxing)
 .debug_str     0x000000000000a8ed      0x115 C:\Users\David\AppData\Local\Temp\ccTynlYZ.ltrans0.ltrans.o
                                        0x13e (size before relaxing)

.debug_loc      0x0000000000000000     0x8bdf
 *(.debug_loc)
 .debug_loc     0x0000000000000000     0x8bdf C:\Users\David\AppData\Local\Temp\ccTynlYZ.ltrans0.ltrans.o

.debug_macinfo
 *(.debug_macinfo)

.debug_weaknames
 *(.debug_weaknames)

.debug_funcnames
 *(.debug_funcnames)

.debug_typenames
 *(.debug_typenames)

.debug_varnames
 *(.debug_varnames)

.debug_pubtypes
 *(.debug_pubtypes)

.debug_ranges   0x0000000000000000     0x1dc8
 *(.debug_ranges)
 .debug_ranges  0x0000000000000000     0x1dc8 C:\Users\David\AppData\Local\Temp\ccTynlYZ.ltrans0.ltrans.o

.debug_macro
 *(.debug_macro)

.debug_addr
 *(.debug_addr)
OUTPUT(.build/datulab_keys_Lilith_6_default.elf elf32-avr)
LOAD linker stubs

Cross Reference Table

Symbol                                            File
AndroidAccessoryClassHost.c.8f0afcea              C:\Users\David\AppData\Local\Temp\ccLHuvCQdebugobj
AudioClassDevice.c.46d72634                       C:\Users\David\AppData\Local\Temp\ccLHuvCQdebugobj
                                                  C:\Users\David\AppData\Local\Temp\ccTynlYZ.ltrans0.ltrans.o
AudioClassHost.c.592303ab                         C:\Users\David\AppData\Local\Temp\ccLHuvCQdebugobj
Audio_Device_ConfigureEndpoints                   .build/obj_datulab_keys_Lilith_6_default/lib/lufa/LUFA/Drivers/USB/Class/Device/AudioClassDevice.o (symbol from plugin)
Audio_Device_Event_Stub                           .build/obj_datulab_keys_Lilith_6_default/lib/lufa/LUFA/Drivers/USB/Class/Device/AudioClassDevice.o (symbol from plugin)
Audio_Device_ProcessControlRequest                .build/obj_datulab_keys_Lilith_6_default/lib/lufa/LUFA/Drivers/USB/Class/Device/AudioClassDevice.o (symbol from plugin)
CALLBACK_Audio_Device_GetSetEndpointProperty      .build/obj_datulab_keys_Lilith_6_default/lib/lufa/LUFA/Drivers/USB/Class/Device/AudioClassDevice.o (symbol from plugin)
CALLBACK_Audio_Device_GetSetInterfaceProperty     .build/obj_datulab_keys_Lilith_6_default/lib/lufa/LUFA/Drivers/USB/Class/Device/AudioClassDevice.o (symbol from plugin)
CALLBACK_CCID_Abort                               .build/obj_datulab_keys_Lilith_6_default/lib/lufa/LUFA/Drivers/USB/Class/Device/CCIDClassDevice.o (symbol from plugin)
CALLBACK_CCID_GetParameters_T0                    .build/obj_datulab_keys_Lilith_6_default/lib/lufa/LUFA/Drivers/USB/Class/Device/CCIDClassDevice.o (symbol from plugin)
CALLBACK_CCID_GetSlotStatus                       .build/obj_datulab_keys_Lilith_6_default/lib/lufa/LUFA/Drivers/USB/Class/Device/CCIDClassDevice.o (symbol from plugin)
CALLBACK_CCID_IccPowerOff                         .build/obj_datulab_keys_Lilith_6_default/lib/lufa/LUFA/Drivers/USB/Class/Device/CCIDClassDevice.o (symbol from plugin)
CALLBACK_CCID_IccPowerOn                          .build/obj_datulab_keys_Lilith_6_default/lib/lufa/LUFA/Drivers/USB/Class/Device/CCIDClassDevice.o (symbol from plugin)
CALLBACK_CCID_SetParameters_T0                    .build/obj_datulab_keys_Lilith_6_default/lib/lufa/LUFA/Drivers/USB/Class/Device/CCIDClassDevice.o (symbol from plugin)
CALLBACK_CCID_XfrBlock                            .build/obj_datulab_keys_Lilith_6_default/lib/lufa/LUFA/Drivers/USB/Class/Device/CCIDClassDevice.o (symbol from plugin)
CALLBACK_HIDParser_FilterHIDReportItem            .build/obj_datulab_keys_Lilith_6_default/lib/lufa/LUFA/Drivers/USB/Class/Common/HIDParser.o (symbol from plugin)
CALLBACK_HID_Device_CreateHIDReport               .build/obj_datulab_keys_Lilith_6_default/lib/lufa/LUFA/Drivers/USB/Class/Device/HIDClassDevice.o (symbol from plugin)
CALLBACK_HID_Device_ProcessHIDReport              .build/obj_datulab_keys_Lilith_6_default/lib/lufa/LUFA/Drivers/USB/Class/Device/HIDClassDevice.o (symbol from plugin)
CALLBACK_MS_Device_SCSICommandReceived            .build/obj_datulab_keys_Lilith_6_default/lib/lufa/LUFA/Drivers/USB/Class/Device/MassStorageClassDevice.o (symbol from plugin)
CALLBACK_USB_GetDescriptor                        .build/obj_datulab_keys_Lilith_6_default/lufa.o (symbol from plugin)
                                                  .build/obj_datulab_keys_Lilith_6_default/lib/lufa/LUFA/Drivers/USB/Core/DeviceStandardReq.o (symbol from plugin)
CCIDClassDevice.c.315fffdd                        C:\Users\David\AppData\Local\Temp\ccLHuvCQdebugobj
CCID_CheckStatusNoError                           .build/obj_datulab_keys_Lilith_6_default/lib/lufa/LUFA/Drivers/USB/Class/Device/CCIDClassDevice.o (symbol from plugin)
CCID_Device_ConfigureEndpoints                    .build/obj_datulab_keys_Lilith_6_default/lib/lufa/LUFA/Drivers/USB/Class/Device/CCIDClassDevice.o (symbol from plugin)
CCID_Device_ProcessControlRequest                 .build/obj_datulab_keys_Lilith_6_default/lib/lufa/LUFA/Drivers/USB/Class/Device/CCIDClassDevice.o (symbol from plugin)
CCID_Device_USBTask                               .build/obj_datulab_keys_Lilith_6_default/lib/lufa/LUFA/Drivers/USB/Class/Device/CCIDClassDevice.o (symbol from plugin)
CDCClassDevice.c.9689eddd                         C:\Users\David\AppData\Local\Temp\ccLHuvCQdebugobj
CDCClassHost.c.7a433675                           C:\Users\David\AppData\Local\Temp\ccLHuvCQdebugobj
CDC_Device_BytesReceived                          .build/obj_datulab_keys_Lilith_6_default/lib/lufa/LUFA/Drivers/USB/Class/Device/CDCClassDevice.o (symbol from plugin)
CDC_Device_ConfigureEndpoints                     .build/obj_datulab_keys_Lilith_6_default/lib/lufa/LUFA/Drivers/USB/Class/Device/CDCClassDevice.o (symbol from plugin)
CDC_Device_CreateBlockingStream                   .build/obj_datulab_keys_Lilith_6_default/lib/lufa/LUFA/Drivers/USB/Class/Device/CDCClassDevice.o (symbol from plugin)
CDC_Device_CreateStream                           .build/obj_datulab_keys_Lilith_6_default/lib/lufa/LUFA/Drivers/USB/Class/Device/CDCClassDevice.o (symbol from plugin)
CDC_Device_Event_Stub                             .build/obj_datulab_keys_Lilith_6_default/lib/lufa/LUFA/Drivers/USB/Class/Device/CDCClassDevice.o (symbol from plugin)
CDC_Device_Event_Stub_2                           .build/obj_datulab_keys_Lilith_6_default/lib/lufa/LUFA/Drivers/USB/Class/Device/CDCClassDevice.o (symbol from plugin)
CDC_Device_Flush                                  .build/obj_datulab_keys_Lilith_6_default/lib/lufa/LUFA/Drivers/USB/Class/Device/CDCClassDevice.o (symbol from plugin)
CDC_Device_ProcessControlRequest                  .build/obj_datulab_keys_Lilith_6_default/lib/lufa/LUFA/Drivers/USB/Class/Device/CDCClassDevice.o (symbol from plugin)
CDC_Device_ReceiveByte                            .build/obj_datulab_keys_Lilith_6_default/lib/lufa/LUFA/Drivers/USB/Class/Device/CDCClassDevice.o (symbol from plugin)
CDC_Device_SendByte                               .build/obj_datulab_keys_Lilith_6_default/lib/lufa/LUFA/Drivers/USB/Class/Device/CDCClassDevice.o (symbol from plugin)
CDC_Device_SendControlLineStateChange             .build/obj_datulab_keys_Lilith_6_default/lib/lufa/LUFA/Drivers/USB/Class/Device/CDCClassDevice.o (symbol from plugin)
CDC_Device_SendData                               .build/obj_datulab_keys_Lilith_6_default/lib/lufa/LUFA/Drivers/USB/Class/Device/CDCClassDevice.o (symbol from plugin)
CDC_Device_SendData_P                             .build/obj_datulab_keys_Lilith_6_default/lib/lufa/LUFA/Drivers/USB/Class/Device/CDCClassDevice.o (symbol from plugin)
CDC_Device_SendString                             .build/obj_datulab_keys_Lilith_6_default/lib/lufa/LUFA/Drivers/USB/Class/Device/CDCClassDevice.o (symbol from plugin)
CDC_Device_SendString_P                           .build/obj_datulab_keys_Lilith_6_default/lib/lufa/LUFA/Drivers/USB/Class/Device/CDCClassDevice.o (symbol from plugin)
CDC_Device_USBTask                                .build/obj_datulab_keys_Lilith_6_default/lib/lufa/LUFA/Drivers/USB/Class/Device/CDCClassDevice.o (symbol from plugin)
CIE1931_CURVE                                     .build/obj_datulab_keys_Lilith_6_default/quantum/led_tables.o (symbol from plugin)
                                                  .build/obj_datulab_keys_Lilith_6_default/quantum/color.o (symbol from plugin)
ConfigDescriptors.c.0c2c4199                      C:\Users\David\AppData\Local\Temp\ccLHuvCQdebugobj
ConfigurationDescriptor                           .build/obj_datulab_keys_Lilith_6_default/usb_descriptor.o (symbol from plugin)
DeviceDescriptor                                  .build/obj_datulab_keys_Lilith_6_default/usb_descriptor.o (symbol from plugin)
DeviceStandardReq.c.21e3e66f                      C:\Users\David\AppData\Local\Temp\ccLHuvCQdebugobj
                                                  C:\Users\David\AppData\Local\Temp\ccTynlYZ.ltrans0.ltrans.o
Device_AVR8.c.133dea19                            C:\Users\David\AppData\Local\Temp\ccLHuvCQdebugobj
                                                  C:\Users\David\AppData\Local\Temp\ccTynlYZ.ltrans0.ltrans.o
EVENT_Audio_Device_StreamStartStop                .build/obj_datulab_keys_Lilith_6_default/lib/lufa/LUFA/Drivers/USB/Class/Device/AudioClassDevice.o (symbol from plugin)
EVENT_CDC_Device_BreakSent                        .build/obj_datulab_keys_Lilith_6_default/lib/lufa/LUFA/Drivers/USB/Class/Device/CDCClassDevice.o (symbol from plugin)
EVENT_CDC_Device_ControLineStateChanged           .build/obj_datulab_keys_Lilith_6_default/lib/lufa/LUFA/Drivers/USB/Class/Device/CDCClassDevice.o (symbol from plugin)
EVENT_CDC_Device_LineEncodingChanged              .build/obj_datulab_keys_Lilith_6_default/lib/lufa/LUFA/Drivers/USB/Class/Device/CDCClassDevice.o (symbol from plugin)
EVENT_PRNT_Device_SoftReset                       .build/obj_datulab_keys_Lilith_6_default/lib/lufa/LUFA/Drivers/USB/Class/Device/PrinterClassDevice.o (symbol from plugin)
EVENT_USB_Device_ConfigurationChanged             .build/obj_datulab_keys_Lilith_6_default/lufa.o (symbol from plugin)
                                                  .build/obj_datulab_keys_Lilith_6_default/lib/lufa/LUFA/Drivers/USB/Core/DeviceStandardReq.o (symbol from plugin)
EVENT_USB_Device_Connect                          .build/obj_datulab_keys_Lilith_6_default/lufa.o (symbol from plugin)
                                                  .build/obj_datulab_keys_Lilith_6_default/lib/lufa/LUFA/Drivers/USB/Core/AVR8/USBInterrupt_AVR8.o (symbol from plugin)
EVENT_USB_Device_ControlRequest                   .build/obj_datulab_keys_Lilith_6_default/lufa.o (symbol from plugin)
                                                  .build/obj_datulab_keys_Lilith_6_default/lib/lufa/LUFA/Drivers/USB/Core/DeviceStandardReq.o (symbol from plugin)
EVENT_USB_Device_Disconnect                       .build/obj_datulab_keys_Lilith_6_default/lufa.o (symbol from plugin)
                                                  .build/obj_datulab_keys_Lilith_6_default/lib/lufa/LUFA/Drivers/USB/Core/AVR8/USBInterrupt_AVR8.o (symbol from plugin)
EVENT_USB_Device_Reset                            .build/obj_datulab_keys_Lilith_6_default/lufa.o (symbol from plugin)
                                                  .build/obj_datulab_keys_Lilith_6_default/lib/lufa/LUFA/Drivers/USB/Core/AVR8/USBInterrupt_AVR8.o (symbol from plugin)
EVENT_USB_Device_StartOfFrame                     .build/obj_datulab_keys_Lilith_6_default/lib/lufa/LUFA/Drivers/USB/Core/Events.o (symbol from plugin)
                                                  .build/obj_datulab_keys_Lilith_6_default/lib/lufa/LUFA/Drivers/USB/Core/AVR8/USBInterrupt_AVR8.o (symbol from plugin)
EVENT_USB_Device_Suspend                          .build/obj_datulab_keys_Lilith_6_default/lufa.o (symbol from plugin)
                                                  .build/obj_datulab_keys_Lilith_6_default/lib/lufa/LUFA/Drivers/USB/Core/AVR8/USBInterrupt_AVR8.o (symbol from plugin)
EVENT_USB_Device_WakeUp                           .build/obj_datulab_keys_Lilith_6_default/lufa.o (symbol from plugin)
                                                  .build/obj_datulab_keys_Lilith_6_default/lib/lufa/LUFA/Drivers/USB/Core/AVR8/USBInterrupt_AVR8.o (symbol from plugin)
EndpointStream_AVR8.c.aa477c50                    C:\Users\David\AppData\Local\Temp\ccLHuvCQdebugobj
                                                  C:\Users\David\AppData\Local\Temp\ccTynlYZ.ltrans0.ltrans.o
Endpoint_AVR8.c.60d6972b                          C:\Users\David\AppData\Local\Temp\ccLHuvCQdebugobj
                                                  C:\Users\David\AppData\Local\Temp\ccTynlYZ.ltrans0.ltrans.o
Endpoint_ClearEndpoints                           .build/obj_datulab_keys_Lilith_6_default/lib/lufa/LUFA/Drivers/USB/Core/AVR8/Endpoint_AVR8.o (symbol from plugin)
Endpoint_ClearStatusStage                         .build/obj_datulab_keys_Lilith_6_default/lib/lufa/LUFA/Drivers/USB/Core/AVR8/Endpoint_AVR8.o (symbol from plugin)
                                                  .build/obj_datulab_keys_Lilith_6_default/lib/lufa/LUFA/Drivers/USB/Core/DeviceStandardReq.o (symbol from plugin)
                                                  .build/obj_datulab_keys_Lilith_6_default/lufa.o (symbol from plugin)
                                                  .build/obj_datulab_keys_Lilith_6_default/lib/lufa/LUFA/Drivers/USB/Class/Device/PrinterClassDevice.o (symbol from plugin)
                                                  .build/obj_datulab_keys_Lilith_6_default/lib/lufa/LUFA/Drivers/USB/Class/Device/MassStorageClassDevice.o (symbol from plugin)
                                                  .build/obj_datulab_keys_Lilith_6_default/lib/lufa/LUFA/Drivers/USB/Class/Device/HIDClassDevice.o (symbol from plugin)
                                                  .build/obj_datulab_keys_Lilith_6_default/lib/lufa/LUFA/Drivers/USB/Class/Device/CDCClassDevice.o (symbol from plugin)
                                                  .build/obj_datulab_keys_Lilith_6_default/lib/lufa/LUFA/Drivers/USB/Class/Device/AudioClassDevice.o (symbol from plugin)
Endpoint_ConfigureEndpointTable                   .build/obj_datulab_keys_Lilith_6_default/lib/lufa/LUFA/Drivers/USB/Core/AVR8/Endpoint_AVR8.o (symbol from plugin)
                                                  .build/obj_datulab_keys_Lilith_6_default/lib/lufa/LUFA/Drivers/USB/Class/Device/RNDISClassDevice.o (symbol from plugin)
                                                  .build/obj_datulab_keys_Lilith_6_default/lib/lufa/LUFA/Drivers/USB/Class/Device/PrinterClassDevice.o (symbol from plugin)
                                                  .build/obj_datulab_keys_Lilith_6_default/lib/lufa/LUFA/Drivers/USB/Class/Device/MIDIClassDevice.o (symbol from plugin)
                                                  .build/obj_datulab_keys_Lilith_6_default/lib/lufa/LUFA/Drivers/USB/Class/Device/MassStorageClassDevice.o (symbol from plugin)
                                                  .build/obj_datulab_keys_Lilith_6_default/lib/lufa/LUFA/Drivers/USB/Class/Device/HIDClassDevice.o (symbol from plugin)
                                                  .build/obj_datulab_keys_Lilith_6_default/lib/lufa/LUFA/Drivers/USB/Class/Device/CDCClassDevice.o (symbol from plugin)
                                                  .build/obj_datulab_keys_Lilith_6_default/lib/lufa/LUFA/Drivers/USB/Class/Device/CCIDClassDevice.o (symbol from plugin)
                                                  .build/obj_datulab_keys_Lilith_6_default/lib/lufa/LUFA/Drivers/USB/Class/Device/AudioClassDevice.o (symbol from plugin)
Endpoint_ConfigureEndpoint_Prv                    .build/obj_datulab_keys_Lilith_6_default/lib/lufa/LUFA/Drivers/USB/Core/AVR8/Endpoint_AVR8.o (symbol from plugin)
                                                  .build/obj_datulab_keys_Lilith_6_default/lib/lufa/LUFA/Drivers/USB/Core/AVR8/USBInterrupt_AVR8.o (symbol from plugin)
                                                  .build/obj_datulab_keys_Lilith_6_default/lib/lufa/LUFA/Drivers/USB/Core/AVR8/USBController_AVR8.o (symbol from plugin)
                                                  .build/obj_datulab_keys_Lilith_6_default/lufa.o (symbol from plugin)
Endpoint_Discard_Stream                           .build/obj_datulab_keys_Lilith_6_default/lib/lufa/LUFA/Drivers/USB/Core/AVR8/EndpointStream_AVR8.o (symbol from plugin)
Endpoint_Null_Stream                              .build/obj_datulab_keys_Lilith_6_default/lib/lufa/LUFA/Drivers/USB/Core/AVR8/EndpointStream_AVR8.o (symbol from plugin)
Endpoint_Read_Control_EStream_BE                  .build/obj_datulab_keys_Lilith_6_default/lib/lufa/LUFA/Drivers/USB/Core/AVR8/EndpointStream_AVR8.o (symbol from plugin)
Endpoint_Read_Control_EStream_LE                  .build/obj_datulab_keys_Lilith_6_default/lib/lufa/LUFA/Drivers/USB/Core/AVR8/EndpointStream_AVR8.o (symbol from plugin)
Endpoint_Read_Control_Stream_BE                   .build/obj_datulab_keys_Lilith_6_default/lib/lufa/LUFA/Drivers/USB/Core/AVR8/EndpointStream_AVR8.o (symbol from plugin)
Endpoint_Read_Control_Stream_LE                   .build/obj_datulab_keys_Lilith_6_default/lib/lufa/LUFA/Drivers/USB/Core/AVR8/EndpointStream_AVR8.o (symbol from plugin)
                                                  .build/obj_datulab_keys_Lilith_6_default/lib/lufa/LUFA/Drivers/USB/Class/Device/RNDISClassDevice.o (symbol from plugin)
                                                  .build/obj_datulab_keys_Lilith_6_default/lib/lufa/LUFA/Drivers/USB/Class/Device/HIDClassDevice.o (symbol from plugin)
                                                  .build/obj_datulab_keys_Lilith_6_default/lib/lufa/LUFA/Drivers/USB/Class/Device/AudioClassDevice.o (symbol from plugin)
Endpoint_Read_EStream_BE                          .build/obj_datulab_keys_Lilith_6_default/lib/lufa/LUFA/Drivers/USB/Core/AVR8/EndpointStream_AVR8.o (symbol from plugin)
Endpoint_Read_EStream_LE                          .build/obj_datulab_keys_Lilith_6_default/lib/lufa/LUFA/Drivers/USB/Core/AVR8/EndpointStream_AVR8.o (symbol from plugin)
Endpoint_Read_Stream_BE                           .build/obj_datulab_keys_Lilith_6_default/lib/lufa/LUFA/Drivers/USB/Core/AVR8/EndpointStream_AVR8.o (symbol from plugin)
Endpoint_Read_Stream_LE                           .build/obj_datulab_keys_Lilith_6_default/lib/lufa/LUFA/Drivers/USB/Core/AVR8/EndpointStream_AVR8.o (symbol from plugin)
                                                  .build/obj_datulab_keys_Lilith_6_default/lib/lufa/LUFA/Drivers/USB/Class/Device/RNDISClassDevice.o (symbol from plugin)
                                                  .build/obj_datulab_keys_Lilith_6_default/lib/lufa/LUFA/Drivers/USB/Class/Device/MIDIClassDevice.o (symbol from plugin)
                                                  .build/obj_datulab_keys_Lilith_6_default/lib/lufa/LUFA/Drivers/USB/Class/Device/MassStorageClassDevice.o (symbol from plugin)
                                                  .build/obj_datulab_keys_Lilith_6_default/lib/lufa/LUFA/Drivers/USB/Class/Device/CCIDClassDevice.o (symbol from plugin)
Endpoint_WaitUntilReady                           .build/obj_datulab_keys_Lilith_6_default/lib/lufa/LUFA/Drivers/USB/Core/AVR8/Endpoint_AVR8.o (symbol from plugin)
                                                  .build/obj_datulab_keys_Lilith_6_default/lib/lufa/LUFA/Drivers/USB/Core/AVR8/EndpointStream_AVR8.o (symbol from plugin)
                                                  .build/obj_datulab_keys_Lilith_6_default/lib/lufa/LUFA/Drivers/USB/Class/Device/RNDISClassDevice.o (symbol from plugin)
                                                  .build/obj_datulab_keys_Lilith_6_default/lib/lufa/LUFA/Drivers/USB/Class/Device/PrinterClassDevice.o (symbol from plugin)
                                                  .build/obj_datulab_keys_Lilith_6_default/lib/lufa/LUFA/Drivers/USB/Class/Device/MIDIClassDevice.o (symbol from plugin)
                                                  .build/obj_datulab_keys_Lilith_6_default/lib/lufa/LUFA/Drivers/USB/Class/Device/CDCClassDevice.o (symbol from plugin)
Endpoint_Write_Control_EStream_BE                 .build/obj_datulab_keys_Lilith_6_default/lib/lufa/LUFA/Drivers/USB/Core/AVR8/EndpointStream_AVR8.o (symbol from plugin)
Endpoint_Write_Control_EStream_LE                 .build/obj_datulab_keys_Lilith_6_default/lib/lufa/LUFA/Drivers/USB/Core/AVR8/EndpointStream_AVR8.o (symbol from plugin)
Endpoint_Write_Control_PStream_BE                 .build/obj_datulab_keys_Lilith_6_default/lib/lufa/LUFA/Drivers/USB/Core/AVR8/EndpointStream_AVR8.o (symbol from plugin)
Endpoint_Write_Control_PStream_LE                 .build/obj_datulab_keys_Lilith_6_default/lib/lufa/LUFA/Drivers/USB/Core/AVR8/EndpointStream_AVR8.o (symbol from plugin)
                                                  .build/obj_datulab_keys_Lilith_6_default/lib/lufa/LUFA/Drivers/USB/Core/DeviceStandardReq.o (symbol from plugin)
Endpoint_Write_Control_Stream_BE                  .build/obj_datulab_keys_Lilith_6_default/lib/lufa/LUFA/Drivers/USB/Core/AVR8/EndpointStream_AVR8.o (symbol from plugin)
Endpoint_Write_Control_Stream_LE                  .build/obj_datulab_keys_Lilith_6_default/lib/lufa/LUFA/Drivers/USB/Core/AVR8/EndpointStream_AVR8.o (symbol from plugin)
                                                  .build/obj_datulab_keys_Lilith_6_default/lib/lufa/LUFA/Drivers/USB/Core/DeviceStandardReq.o (symbol from plugin)
                                                  .build/obj_datulab_keys_Lilith_6_default/lufa.o (symbol from plugin)
                                                  .build/obj_datulab_keys_Lilith_6_default/lib/lufa/LUFA/Drivers/USB/Class/Device/RNDISClassDevice.o (symbol from plugin)
                                                  .build/obj_datulab_keys_Lilith_6_default/lib/lufa/LUFA/Drivers/USB/Class/Device/PrinterClassDevice.o (symbol from plugin)
                                                  .build/obj_datulab_keys_Lilith_6_default/lib/lufa/LUFA/Drivers/USB/Class/Device/HIDClassDevice.o (symbol from plugin)
                                                  .build/obj_datulab_keys_Lilith_6_default/lib/lufa/LUFA/Drivers/USB/Class/Device/AudioClassDevice.o (symbol from plugin)
Endpoint_Write_EStream_BE                         .build/obj_datulab_keys_Lilith_6_default/lib/lufa/LUFA/Drivers/USB/Core/AVR8/EndpointStream_AVR8.o (symbol from plugin)
Endpoint_Write_EStream_LE                         .build/obj_datulab_keys_Lilith_6_default/lib/lufa/LUFA/Drivers/USB/Core/AVR8/EndpointStream_AVR8.o (symbol from plugin)
Endpoint_Write_PStream_BE                         .build/obj_datulab_keys_Lilith_6_default/lib/lufa/LUFA/Drivers/USB/Core/AVR8/EndpointStream_AVR8.o (symbol from plugin)
Endpoint_Write_PStream_LE                         .build/obj_datulab_keys_Lilith_6_default/lib/lufa/LUFA/Drivers/USB/Core/AVR8/EndpointStream_AVR8.o (symbol from plugin)
                                                  .build/obj_datulab_keys_Lilith_6_default/lib/lufa/LUFA/Drivers/USB/Class/Device/CDCClassDevice.o (symbol from plugin)
Endpoint_Write_Stream_BE                          .build/obj_datulab_keys_Lilith_6_default/lib/lufa/LUFA/Drivers/USB/Core/AVR8/EndpointStream_AVR8.o (symbol from plugin)
Endpoint_Write_Stream_LE                          .build/obj_datulab_keys_Lilith_6_default/lib/lufa/LUFA/Drivers/USB/Core/AVR8/EndpointStream_AVR8.o (symbol from plugin)
                                                  .build/obj_datulab_keys_Lilith_6_default/lufa.o (symbol from plugin)
                                                  .build/obj_datulab_keys_Lilith_6_default/lib/lufa/LUFA/Drivers/USB/Class/Device/RNDISClassDevice.o (symbol from plugin)
                                                  .build/obj_datulab_keys_Lilith_6_default/lib/lufa/LUFA/Drivers/USB/Class/Device/PrinterClassDevice.o (symbol from plugin)
                                                  .build/obj_datulab_keys_Lilith_6_default/lib/lufa/LUFA/Drivers/USB/Class/Device/MIDIClassDevice.o (symbol from plugin)
                                                  .build/obj_datulab_keys_Lilith_6_default/lib/lufa/LUFA/Drivers/USB/Class/Device/MassStorageClassDevice.o (symbol from plugin)
                                                  .build/obj_datulab_keys_Lilith_6_default/lib/lufa/LUFA/Drivers/USB/Class/Device/HIDClassDevice.o (symbol from plugin)
                                                  .build/obj_datulab_keys_Lilith_6_default/lib/lufa/LUFA/Drivers/USB/Class/Device/CDCClassDevice.o (symbol from plugin)
                                                  .build/obj_datulab_keys_Lilith_6_default/lib/lufa/LUFA/Drivers/USB/Class/Device/CCIDClassDevice.o (symbol from plugin)
Events.c.3b5aeb45                                 C:\Users\David\AppData\Local\Temp\ccLHuvCQdebugobj
                                                  C:\Users\David\AppData\Local\Temp\ccTynlYZ.ltrans0.ltrans.o
HIDClassDevice.c.9a07549c                         C:\Users\David\AppData\Local\Temp\ccLHuvCQdebugobj
HIDClassHost.c.a6951364                           C:\Users\David\AppData\Local\Temp\ccLHuvCQdebugobj
HIDParser.c.e0117fd6                              C:\Users\David\AppData\Local\Temp\ccLHuvCQdebugobj
HID_Device_ConfigureEndpoints                     .build/obj_datulab_keys_Lilith_6_default/lib/lufa/LUFA/Drivers/USB/Class/Device/HIDClassDevice.o (symbol from plugin)
HID_Device_ProcessControlRequest                  .build/obj_datulab_keys_Lilith_6_default/lib/lufa/LUFA/Drivers/USB/Class/Device/HIDClassDevice.o (symbol from plugin)
HID_Device_USBTask                                .build/obj_datulab_keys_Lilith_6_default/lib/lufa/LUFA/Drivers/USB/Class/Device/HIDClassDevice.o (symbol from plugin)
HostStandardReq.c.7ad10f0c                        C:\Users\David\AppData\Local\Temp\ccLHuvCQdebugobj
Host_AVR8.c.20fe163d                              C:\Users\David\AppData\Local\Temp\ccLHuvCQdebugobj
KeyboardReport                                    .build/obj_datulab_keys_Lilith_6_default/usb_descriptor.o (symbol from plugin)
LanguageString                                    .build/obj_datulab_keys_Lilith_6_default/usb_descriptor.o (symbol from plugin)
Lilith_6.c.bef2fbc0                               C:\Users\David\AppData\Local\Temp\ccLHuvCQdebugobj
                                                  C:\Users\David\AppData\Local\Temp\ccTynlYZ.ltrans0.ltrans.o
MIDIClassDevice.c.c0bc29ff                        C:\Users\David\AppData\Local\Temp\ccLHuvCQdebugobj
                                                  C:\Users\David\AppData\Local\Temp\ccTynlYZ.ltrans0.ltrans.o
MIDIClassHost.c.988e1915                          C:\Users\David\AppData\Local\Temp\ccLHuvCQdebugobj
MIDI_Device_ConfigureEndpoints                    .build/obj_datulab_keys_Lilith_6_default/lib/lufa/LUFA/Drivers/USB/Class/Device/MIDIClassDevice.o (symbol from plugin)
MIDI_Device_Flush                                 .build/obj_datulab_keys_Lilith_6_default/lib/lufa/LUFA/Drivers/USB/Class/Device/MIDIClassDevice.o (symbol from plugin)
MIDI_Device_ReceiveEventPacket                    .build/obj_datulab_keys_Lilith_6_default/lib/lufa/LUFA/Drivers/USB/Class/Device/MIDIClassDevice.o (symbol from plugin)
                                                  .build/obj_datulab_keys_Lilith_6_default/lufa.o (symbol from plugin)
MIDI_Device_SendEventPacket                       .build/obj_datulab_keys_Lilith_6_default/lib/lufa/LUFA/Drivers/USB/Class/Device/MIDIClassDevice.o (symbol from plugin)
                                                  .build/obj_datulab_keys_Lilith_6_default/lufa.o (symbol from plugin)
MIDI_Device_USBTask                               .build/obj_datulab_keys_Lilith_6_default/lib/lufa/LUFA/Drivers/USB/Class/Device/MIDIClassDevice.o (symbol from plugin)
                                                  .build/obj_datulab_keys_Lilith_6_default/lufa.o (symbol from plugin)
MS_Device_ConfigureEndpoints                      .build/obj_datulab_keys_Lilith_6_default/lib/lufa/LUFA/Drivers/USB/Class/Device/MassStorageClassDevice.o (symbol from plugin)
MS_Device_ProcessControlRequest                   .build/obj_datulab_keys_Lilith_6_default/lib/lufa/LUFA/Drivers/USB/Class/Device/MassStorageClassDevice.o (symbol from plugin)
MS_Device_USBTask                                 .build/obj_datulab_keys_Lilith_6_default/lib/lufa/LUFA/Drivers/USB/Class/Device/MassStorageClassDevice.o (symbol from plugin)
ManufacturerString                                .build/obj_datulab_keys_Lilith_6_default/usb_descriptor.o (symbol from plugin)
MassStorageClassDevice.c.9d788f3f                 C:\Users\David\AppData\Local\Temp\ccLHuvCQdebugobj
MassStorageClassHost.c.c31efeeb                   C:\Users\David\AppData\Local\Temp\ccLHuvCQdebugobj
PRNT_Device_BytesReceived                         .build/obj_datulab_keys_Lilith_6_default/lib/lufa/LUFA/Drivers/USB/Class/Device/PrinterClassDevice.o (symbol from plugin)
PRNT_Device_ConfigureEndpoints                    .build/obj_datulab_keys_Lilith_6_default/lib/lufa/LUFA/Drivers/USB/Class/Device/PrinterClassDevice.o (symbol from plugin)
PRNT_Device_CreateBlockingStream                  .build/obj_datulab_keys_Lilith_6_default/lib/lufa/LUFA/Drivers/USB/Class/Device/PrinterClassDevice.o (symbol from plugin)
PRNT_Device_CreateStream                          .build/obj_datulab_keys_Lilith_6_default/lib/lufa/LUFA/Drivers/USB/Class/Device/PrinterClassDevice.o (symbol from plugin)
PRNT_Device_Event_Stub                            .build/obj_datulab_keys_Lilith_6_default/lib/lufa/LUFA/Drivers/USB/Class/Device/PrinterClassDevice.o (symbol from plugin)
PRNT_Device_Flush                                 .build/obj_datulab_keys_Lilith_6_default/lib/lufa/LUFA/Drivers/USB/Class/Device/PrinterClassDevice.o (symbol from plugin)
PRNT_Device_ProcessControlRequest                 .build/obj_datulab_keys_Lilith_6_default/lib/lufa/LUFA/Drivers/USB/Class/Device/PrinterClassDevice.o (symbol from plugin)
PRNT_Device_ReceiveByte                           .build/obj_datulab_keys_Lilith_6_default/lib/lufa/LUFA/Drivers/USB/Class/Device/PrinterClassDevice.o (symbol from plugin)
PRNT_Device_SendByte                              .build/obj_datulab_keys_Lilith_6_default/lib/lufa/LUFA/Drivers/USB/Class/Device/PrinterClassDevice.o (symbol from plugin)
PRNT_Device_SendData                              .build/obj_datulab_keys_Lilith_6_default/lib/lufa/LUFA/Drivers/USB/Class/Device/PrinterClassDevice.o (symbol from plugin)
PRNT_Device_SendString                            .build/obj_datulab_keys_Lilith_6_default/lib/lufa/LUFA/Drivers/USB/Class/Device/PrinterClassDevice.o (symbol from plugin)
PRNT_Device_USBTask                               .build/obj_datulab_keys_Lilith_6_default/lib/lufa/LUFA/Drivers/USB/Class/Device/PrinterClassDevice.o (symbol from plugin)
PipeStream_AVR8.c.12f50db4                        C:\Users\David\AppData\Local\Temp\ccLHuvCQdebugobj
Pipe_AVR8.c.2fa13bb1                              C:\Users\David\AppData\Local\Temp\ccLHuvCQdebugobj
PrinterClassDevice.c.f1e9a102                     C:\Users\David\AppData\Local\Temp\ccLHuvCQdebugobj
PrinterClassHost.c.4997d973                       C:\Users\David\AppData\Local\Temp\ccLHuvCQdebugobj
ProductString                                     .build/obj_datulab_keys_Lilith_6_default/usb_descriptor.o (symbol from plugin)
RGBLED_BREATHING_INTERVALS                        .build/obj_datulab_keys_Lilith_6_default/quantum/rgblight.o (symbol from plugin)
RGBLED_GRADIENT_RANGES                            .build/obj_datulab_keys_Lilith_6_default/quantum/rgblight.o (symbol from plugin)
RGBLED_KNIGHT_INTERVALS                           .build/obj_datulab_keys_Lilith_6_default/quantum/rgblight.o (symbol from plugin)
RGBLED_RAINBOW_MOOD_INTERVALS                     .build/obj_datulab_keys_Lilith_6_default/quantum/rgblight.o (symbol from plugin)
RGBLED_RAINBOW_SWIRL_INTERVALS                    .build/obj_datulab_keys_Lilith_6_default/quantum/rgblight.o (symbol from plugin)
RGBLED_RGBTEST_INTERVALS                          .build/obj_datulab_keys_Lilith_6_default/quantum/rgblight.o (symbol from plugin)
RGBLED_SNAKE_INTERVALS                            .build/obj_datulab_keys_Lilith_6_default/quantum/rgblight.o (symbol from plugin)
RGBLED_TWINKLE_INTERVALS                          .build/obj_datulab_keys_Lilith_6_default/quantum/rgblight.o (symbol from plugin)
RNDISClassDevice.c.c7ed3abc                       C:\Users\David\AppData\Local\Temp\ccLHuvCQdebugobj
                                                  C:\Users\David\AppData\Local\Temp\ccTynlYZ.ltrans0.ltrans.o
RNDISClassHost.c.509c945f                         C:\Users\David\AppData\Local\Temp\ccLHuvCQdebugobj
RNDIS_Device_ConfigureEndpoints                   .build/obj_datulab_keys_Lilith_6_default/lib/lufa/LUFA/Drivers/USB/Class/Device/RNDISClassDevice.o (symbol from plugin)
RNDIS_Device_IsPacketReceived                     .build/obj_datulab_keys_Lilith_6_default/lib/lufa/LUFA/Drivers/USB/Class/Device/RNDISClassDevice.o (symbol from plugin)
RNDIS_Device_ProcessControlRequest                .build/obj_datulab_keys_Lilith_6_default/lib/lufa/LUFA/Drivers/USB/Class/Device/RNDISClassDevice.o (symbol from plugin)
RNDIS_Device_ReadPacket                           .build/obj_datulab_keys_Lilith_6_default/lib/lufa/LUFA/Drivers/USB/Class/Device/RNDISClassDevice.o (symbol from plugin)
RNDIS_Device_SendPacket                           .build/obj_datulab_keys_Lilith_6_default/lib/lufa/LUFA/Drivers/USB/Class/Device/RNDISClassDevice.o (symbol from plugin)
RNDIS_Device_USBTask                              .build/obj_datulab_keys_Lilith_6_default/lib/lufa/LUFA/Drivers/USB/Class/Device/RNDISClassDevice.o (symbol from plugin)
SharedReport                                      .build/obj_datulab_keys_Lilith_6_default/usb_descriptor.o (symbol from plugin)
StillImageClassHost.c.077a944f                    C:\Users\David\AppData\Local\Temp\ccLHuvCQdebugobj
USBController_AVR8.c.f8cc6a07                     C:\Users\David\AppData\Local\Temp\ccLHuvCQdebugobj
                                                  C:\Users\David\AppData\Local\Temp\ccTynlYZ.ltrans0.ltrans.o
USBInterrupt_AVR8.c.12fe343f                      C:\Users\David\AppData\Local\Temp\ccLHuvCQdebugobj
                                                  C:\Users\David\AppData\Local\Temp\ccTynlYZ.ltrans0.ltrans.o
USBTask.c.11bcc19f                                C:\Users\David\AppData\Local\Temp\ccLHuvCQdebugobj
                                                  C:\Users\David\AppData\Local\Temp\ccTynlYZ.ltrans0.ltrans.o
USB_ControlRequest                                .build/obj_datulab_keys_Lilith_6_default/lib/lufa/LUFA/Drivers/USB/Core/USBTask.o (symbol from plugin)
                                                  .build/obj_datulab_keys_Lilith_6_default/lib/lufa/LUFA/Drivers/USB/Core/DeviceStandardReq.o (symbol from plugin)
                                                  .build/obj_datulab_keys_Lilith_6_default/lib/lufa/LUFA/Drivers/USB/Core/AVR8/Endpoint_AVR8.o (symbol from plugin)
                                                  .build/obj_datulab_keys_Lilith_6_default/lib/lufa/LUFA/Drivers/USB/Core/AVR8/EndpointStream_AVR8.o (symbol from plugin)